
> inversiones-frontend@0.1.0 test
> vitest run --run src/pages/DashboardPage.test.tsx


[1m[7m[36m RUN [39m[27m[22m [36mv2.1.9 [39m[90mD:/Proyectos/Excel/frontend[39m

 [31mÔØ»[39m src/pages/DashboardPage.test.tsx [2m([22m[2m25 tests[22m[2m | [22m[31m3 failed[39m[2m)[22m[33m 2710[2mms[22m[39m
[31m   [31m├ù[31m DashboardPage[2m > [22mformatea moneda correctamente en los KPIs[33m 1022[2mms[22m[31m[39m
[31m     ÔåÆ Unable to find an element with the text: /\$\d+,?\d*\.\d{2}/. This could be because the text is broken up by multiple elements. In this case, you can provide a function for your text matcher to make your matcher more flexible.

Ignored nodes: comments, script, style
[36m<body>[31m
  [36m<div>[31m
    [36m<main[31m
      [33mclass[31m=[32m"dashboard-shell"[31m
    [36m>[31m
      [36m<aside[31m
        [33maria-label[31m=[32m"Menu lateral del dashboard"[31m
        [33mclass[31m=[32m"dashboard-sidebar"[31m
      [36m>[31m
        [36m<div[31m
          [33mclass[31m=[32m"sidebar-brand"[31m
        [36m>[31m
          [36m<span[31m
            [33maria-hidden[31m=[32m"true"[31m
            [33mclass[31m=[32m"app-icon material-symbols-rounded sidebar-brand-icon"[31m
          [36m>[31m
            [0maccount_balance_wallet[0m
          [36m</span>[31m
          [36m<span[31m
            [33mclass[31m=[32m"sidebar-brand-text"[31m
          [36m>[31m
            [0mInversiones[0m
          [36m</span>[31m
        [36m</div>[31m
        [36m<div[31m
          [33mclass[31m=[32m"sidebar-scroll"[31m
        [36m>[31m
          [36m<div[31m
            [33mclass[31m=[32m"sidebar-section"[31m
          [36m>[31m
            [36m<button[31m
              [33maria-controls[31m=[32m"sidebar-principal"[31m
              [33maria-expanded[31m=[32m"true"[31m
              [33mclass[31m=[32m"sidebar-nav-section"[31m
              [33mtype[31m=[32m"button"[31m
            [36m>[31m
              [36m<span[31m
                [33mclass[31m=[32m"sidebar-group-title"[31m
              [36m>[31m
                [36m<span[31m
                  [33mclass[31m=[32m"sidebar-group-icon"[31m
                [36m>[31m
                  [36m<span[31m
                    [33maria-hidden[31m=[32m"true"[31m
                    [33mclass[31m=[32m"app-icon material-symbols-rounded"[31m
                  [36m>[31m
                    [0mspace_dashboard[0m
                  [36m</span>[31m
                [36m</span>[31m
                [0mPrincipal[0m
                [0m [0m
                [36m<span[31m
                  [33mclass[31m=[32m"sidebar-count"[31m
                [36m>[31m
                  [0m1[0m
                [36m</span>[31m
              [36m</span>[31m
              [36m<span[31m
                [33maria-hidden[31m=[32m"true"[31m
                [33mclass[31m=[32m"sidebar-section-arrow"[31m
              [36m>[31m
                [36m<span[31m
                  [33maria-hidden[31m=[32m"true"[31m
                  [33mclass[31m=[32m"app-icon material-symbols-rounded"[31m
                [36m>[31m
                  [0mexpand_more[0m
                [36m</span>[31m
              [36m</span>[31m
            [36m</button>[31m
            [36m<div[31m
              [33mclass[31m=[32m"sidebar-section-content "[31m
              [33mid[31m=[32m"sidebar-principal"[31m
            [36m>[31m
              [36m<button[31m
                [33mclass[31m=[32m"menu-btn menu-dashboard active"[31m
                [33mtype[31m=[32m"button"[31m
              [36m>[31m
                [36m<span[31m
                  [33maria-hidden[31m=[32m"true"[31m
                  [33mclass[31m=[32m"app-icon material-symbols-rounded menu-btn-icon"[31m
                [36m>[31m
                  [0mspace_dashboard[0m
                [36m</span>[31m
                [36m<span>[31m
                  [0mResumen[0m
                [36m</span>[31m
              [36m</button>[31m
            [36m</div>[31m
          [36m</div>[31m
          [36m<div[31m
            [33mclass[31m=[32m"sidebar-section"[31m
          [36m>[31m
            [36m<button[31m
              [33maria-controls[31m=[32m"sidebar-gestion"[31m
              [33maria-expanded[31m=[32m"true"[31m
              [33mclass[31m=[32m"sidebar-nav-section"[31m
              [33mtype[31m=[32m"button"[31m
            [36m>[31m
              [36m<span[31m
                [33mclass[31m=[32m"sidebar-group-title"[31m
              [36m>[31m
                [36m<span[31m
                  [33mclass[31m=[32m"sidebar-group-icon"[31m
                [36m>[31m
                  [36m<span[31m
                    [33maria-hidden[31m=[32m"true"[31m
                    [33mclass[31m=[32m"app-icon material-symbols-rounded"[31m
                  [36m>[31m
                    [0maccount_balance[0m
                  [36m</span>[31m
                [36m</span>[31m
                [0mGestion[0m
                [0m [0m
                [36m<span[31m
                  [33mclass[31m=[32m"sidebar-count"[31m
                [36m>[31m
                  [0m2[0m
                [36m</span>[31m
              [36m</span>[31m
              [36m<span[31m
                [33maria-hidden[31m=[32m"true"[31m
                [33mclass[31m=[32m"sidebar-section-arrow"[31m
              [36m>[31m
                [36m<span[31m
                  [33maria-hidden[31m=[32m"true"[31m
                  [33mclass[31m=[32m"app-icon material-symbols-rounded"[31m
                [36m>[31m
                  [0mexpand_more[0m
                [36m</span>[31m
              [36m</span>[31m
            [36m</button>[31m
            [36m<div[31m
              [33mclass[31m=[32m"sidebar-section-content "[31m
              [33mid[31m=[32m"sidebar-gestion"[31m
            [36m>[31m
              [36m<button[31m
                [33mclass[31m=[32m"menu-btn menu-news "[31m
                [33mtype[31m=[32m"button"[31m
              [36m>[31m
                [36m<span[31m
                  [33maria-hidden[31m=[32m"true"[31m
                  [33mclass[31m=[32m"app-icon material-symbols-rounded menu-btn-icon"[31m
                [36m>[31m
                  [0marticle[0m
                [36m</span>[31m
                [36m<span>[31m
                  [0mMis noticias[0m
                [36m</span>[31m
              [36m</button>[31m
              [36m<button[31m
                [33mclass[31m=[32m"menu-btn menu-entries "[31m
                [33mtype[31m=[32m"button"[31m
              [36m>[31m
                [36m<span[31m
                  [33maria-hidden[31m=[32m"true"[31m
                  [33mclass[31m=[32m"app-icon material-symbols-rounded menu-btn-icon"[31m
                [36m>[31m
                  [0mplaylist_add_check_circle[0m
                [36m</span>[31m
                [36m<span>[31m
                  [0mEntradas mercado[0m
                [36m</span>[31m
              [36m</button>[31m
              [36m<button[31m
                [33mclass[31m=[32m"menu-btn menu-accounts "[31m
                [33mtype[31m=[32m"button"[31m
              [36m>[31m
                [36m<span[31m
                  [33maria-hidden[31m=[32m"true"[31m
                  [33mclass[31m=[32m"app-icon material-symbols-rounded menu-btn-icon"[31m
                [36m>[31m
                  [0maccount_balance[0m
                [36m</span>[31m
                [36m<span>[31m
                  [0mGestionar cuentas[0m
                [36m</span>[31m
              [36m</button>[31m
            [36m</div>[31m
          [36m</div>[31m
          [36m<div[31m
            [33mclass[31m=[32m"sidebar-section"[31m
          [36m>[31m
            [36m<button[31m
              [33maria-controls[31m=[32m"sidebar-cuenta"[31m
              [33maria-expanded[31m=[32m"true"[31m
              [33mclass[31m=[32m"sidebar-nav-section"[31m
              [33mtype[31m=[32m"button"[31m
            [36m>[31m
              [36m<span[31m
                [33mclass[31m=[32m"sidebar-group-title"[31m
              [36m>[31m
                [36m<span[31m
                  [33mclass[31m=[32m"sidebar-group-icon"[31m
                [36m>[31m
                  [36m<span[31m
                    [33maria-hidden[31m=[32m"true"[31m
                    [33mclass[31m=[32m"app-icon material-symbols-rounded"[31m
                  [36m>[31m
                    [0msettings[0m
                  [36m</span>[31m
                [36m</span>[31m
                [0mMi cuenta[0m
                [0m [0m
                [36m<span[31m
                  [33mclass[31m=[32m"sidebar-count"[31m
                [36m>[31m
                  [0m1[0m
                [36m</span>[31m
              [36m</span>[31m
              [36m<span[31m
                [33maria-hidden[31m=[32m"true"[31m
                [33mclass[31m=[32m"sidebar-section-arrow"[31m
              [36m>[31m
                [36m<span[31m
                  [33maria-hidden[31m=[32m"true"[31m
                  [33mclass[31m=[32m"app-icon material-symbols-rounded"[31m
                [36m>[31m
                  [0mexpand_more[0m
                [36m</span>[31m
              [36m</span>[31m
            [36m</button>[31m
            [36m<div[31m
              [33mclass[31m=[32m"sidebar-section-content "[31m
              [33mid[31m=[32m"sidebar-cuenta"[31m
            [36m>[31m
              [36m<button[31m
                [33mclass[31m=[32m"menu-btn menu-settings "[31m
                [33mtype[31m=[32m"button"[31m
              [36m>[31m
                [36m<span[31m
                  [33maria-hidden[31m=[32m"true"[31m
                  [33mclass[31m=[32m"app-icon material-symbols-rounded menu-btn-icon"[31m
                [36m>[31m
                  [0msettings[0m
                [36m</span>[31m
                [36m<span>[31m
                  [0mConfiguraci├│n[0m
                [36m</span>[31m
              [36m</button>[31m
            [36m</div>[31m
          [36m</div>[31m
        [36m</div>[31m
        [36m<div[31m
          [33mclass[31m=[32m"sidebar-footer"[31m
        [36m>[31m
          [36m<div[31m
            [33maria-hidden[31m=[32m"true"[31m
            [33mclass[31m=[32m"sidebar-user-avatar"[31m
          [36m>[31m
            [36m<span[31m
              [33maria-hidden[31m=[32m"true"[31m
              [33mclass[31m=[32m"app-icon material-symbols-rounded"[31m
            [36m>[31m
              [0mgroup[0m
            [36m</span>[31m
          [36m</div>[31m
          [36m<div[31m
            [33mclass[31m=[32m"sidebar-user-copy"[31m
          [36m>[31m
            [36m<p[31m
              [33mclass[31m=[32m"sidebar-user-name"[31m
            [36m>[31m
              [0musuario[0m
            [36m</p>[31m
            [36m<p[31m
              [33mclass[31m=[32m"sidebar-user-role"[31m
            [36m>[31m
              [0mUSUARIO[0m
            [36m</p>[31m
            [36m<p[31m
              [33mclass[31m=[32m"sidebar-user-email"[31m
              [33mtitle[31m=[32m"usuario@demo.com"[31m
            [36m>[31m
              [0musuario@demo.com[0m
            [36m</p>[31m
          [36m</div>[31m
        [36m</div>[31m
      [36m</aside>[31m
      [36m<section[31m
        [33mclass[31m=[32m"dashboard-layout"[31m
      [36m>[31m
        [36m<header[31m
          [33mclass[31m=[32m"dashboard-header"[31m
        [36m>[31m
          [36m<div[31m
            [33mclass[31m=[32m"dashboard-header-title"[31m
          [36m>[31m
            [36m<h1>[31m
              [0mDashboard de Inversiones[0m
            [36m</h1>[31m
          [36m</div>[31m
          [36m<div[31m
            [33mclass[31m=[32m"header-right"[31m
          [36m>[31m
            [36m<span[31m
              [33mclass[31m=[32m"system-status"[31m
            [36m>[31m
              [36m<span[31m
                [33maria-hidden[31m=[32m"true"[31m
                [33mclass[31m=[32m"app-icon material-symbols-rounded"[31m
              [36m>[31m
                [0mmemory[0m
              [36m</span>[31m
              [0m [0m
              [36m<span>[31m
                [0mSistema online[0m
              [36m</span>[31m
            [36m</span>[31m
            [36m<button[31m
              [33mclass[31m=[32m"secondary-btn"[31m
              [33mtype[31m=[32m"button"[31m
            [36m>[31m
              [36m<span[31m
                [33maria-hidden[31m=[32m"true"[31m
                [33mclass[31m=[32m"app-icon material-symbols-rounded"[31m
              [36m>[31m
                [0mlogout[0m
              [36m</span>[31m
              [0mCerrar sesion[0m
            [36m</button>[31m
          [36m</div>[31m
        [36m</header>[31m
        [36m<div[31m
          [33maria-labelledby[31m=[32m"tab-resumen"[31m
          [33mrole[31m=[32m"tabpanel"[31m
          [33mstyle[31m=[32m"display: block;"[31m
        [36m>[31m
          [36m<section[31m
            [33mclass[31m=[32m"dashboard-summary-toolbar"[31m
          [36m>[31m
            [36m<label[31m
              [33mclass[31m=[32m"dashboard-summary-filter-label"[31m
              [33mfor[31m=[32m"dashboard-account-filter"[31m
            [36m>[31m
              [0mFiltrar por cuenta[0m
            [36m</label>[31m
            [36m<select[31m
              [33mclass[31m=[32m"dashboard-summary-filter"[31m
              [33mid[31m=[32m"dashboard-account-filter"[31m
            [36m>[31m
              [36m<option[31m
                [33mvalue[31m=[32m"all"[31m
              [36m>[31m
                [0mTodas las cuentas[0m
              [36m</option>[31m
            [36m</select>[31m
          [36m</section>[31m
          [36m<section[31m
            [33mclass[31m=[32m"kpi-grid"[31m
          [36m>[31m
            [36m<article[31m
              [33mclass[31m=[32m"kpi-card"[31m
            [36m>[31m
              [36m<h2>[31m
                [0mGanancia del mes[0m
              [36m</h2>[31m
              [36m<p[31m
                [33mclass[31m=[32m"kpi-value"[31m
              [36m>[31m
                [0mUSD┬á2,500.00[0m
              [36m</p>[31m
              [36m<span[31m
                [33mclass[31m=[32m"kpi-trend positive"[31m
              [36m>[31m
                [0m1[0m
                [0m operaciones[0m
              [36m</span>[31m
            [36m</article>[31m
            [36m<article[31m
              [33mclass[31m=[32m"kpi-card"[31m
            [36m>[31m
              [36m<h2>[31m
                [0mTasa de exito[0m
              [36m</h2>[31m
              [36m<p[31m
                [33mclass[31m=[32m"kpi-value"[31m
              [36m>[31m
                [0m100.0[0m
                [0m%[0m
              [36m</p>[31m
              [36m<span[31m
                [33mclass[31m=[32m"kpi-trend neutral"[31m
              [36m>[31m
                [0mSobre operaciones cerradas[0m
              [36m</span>[31m
            [36m</article>[31m
            [36m<article[31m
              [33mclass[31m=[32m"kpi-card"[31m
            [36m>[31m
              [36m<h2>[31m
                [0mRiesgo abierto[0m
              [36m</h2>[31m
              [36m<p[31m
                [33mclass[31m=[32m"kpi-value"[31m
              [36m>[31m
                [0mUSD┬á0.00[0m
              [36m</p>[31m
              [36m<span[31m
                [33mclass[31m=[32m"kpi-trend neutral"[31m
              [36m>[31m
                [0mControlado[0m
              [36m</span>[31m
            [36m</article>[31m
          [36m</section>[31m
          [36m<section[31m
            [33mclass[31m=[32m"chart-grid"[31m
          [36m>[31m
            [36m<article[31m
              [33mclass[31m=[32m"chart-card"[31m
            [36m>[31m
              [36m<h2>[31m
                [0mEvolucion de ganancias[0m
              [36m</h2>[31m
              [36m<div[31m
                [33mclass[31m=[32m"chart-wrapper"[31m
              [36m>[31m
                [36m<div>[31m
                  [36m<div>[31m
                    [36m<div />[31m
                    [36m<div />[31m
                    [36m<div />[31m
                    [36m<div />[31m
                    [36m<div />[31m
                  [36m</div>[31m
                [36m</div>[31m
              [36m</div>[31m
            [36m</article>[31m
            [36m<article[31m
              [33mclass[31m=[32m"chart-card"[31m
            [36m>[31m
              [36m<h2>[31m
                [0mDistribucion de operaciones[0m
              [36m</h2>[31m
              [36m<div[31m
                [33mclass[31m=[32m"chart-wrapper"[31m
              [36m>[31m
                [36m<div>[31m
                  [36m<div>[31m
                    [36m<div>[31m
                      [36m<div />[31m
                      [36m<div />[31m
                      [36m<div />[31m
                    [36m</div>[31m
                    [36m<div />[31m
                    [36m<div />[31m
                  [36m</div>[31m
                [36m</div>[31m
              [36m</div>[31m
            [36m</article>[31m
          [36m</section>[31m
          [36m<section[31m
            [33mclass[31m=[32m"table-card"[31m
          [36m>[31m
            [36m<h2>[31m
              [0mOperaciones recientes[0m
            [36m</h2>[31m
            [36m<div[31m
              [33mclass[31m=[32m"table-wrapper"[31m
            [36m>[31m
              [36m<table>[31m
                [36m<thead>[31m
                  [36m<tr>[31m
                    [36m<th>[31m
                      [0mFecha[0m
                    [36m</th>[31m
                    [36m<th>[31m
                      [0mPar[0m
                    [36m</th>[31m
                    [36m<th>[31m
                      [0mTipo[0m
                    [36m</th>[31m
                    [36m<th>[31m
                      [0mResultado[0m
                    [36m</th>[31m
                    [36m<th>[31m
                      [0mEstado[0m
                    [36m</th>[31m
                  [36m</tr>[31m
                [36m</thead>[31m
                [36m<tbody>[31m
                  [36m<tr>[31m
                    [36m<td>[31m
                      [0m20/6/2026[0m
                    [36m</td>[31m
                    [36m<td>[31m
                      [0mEURUSD[0m
                    [36m</td>[31m
                    [36m<td>[31m
                      [0mBUY[0m
                    [36m</td>[31m
                    [36m<td[31m
                      [33mclass[31m=[32m"positive"[31m
                    [36m>[31m
                      [0mUSD┬á2,500.00[0m
                    [36m</td>[31m
                    [36m<td>[31m
                      [0mCompletada[0m
                    [36m</td>[31m
                  [36m</tr>[31m
                [36m</tbody>[31m
              [36m</table>[31m
            [36m</div>[31m
          [36m</section>[31m
        [36m</div>[31m
        [36m<div[31m
          [33maria-labelledby[31m=[32m"tab-noticias"[31m
          [33mrole[31m=[32m"tabpanel"[31m
          [33mstyle[31m=[32m"display: none;"[31m
        [36m>[31m
          [36m<div>[31m
            [0mModulo de Noticias[0m
          [36m</div>[31m
        [36m</div>[31m
        [36m<div[31m
          [33maria-labelledby[31m=[32m"tab-entradas"[31m
          [33mrole[31m=[32m"tabpanel"[31m
          [33mstyle[31m=[32m"display: none;"[31m
        [36m>[31m
          [36m<div>[31m
            [0mModulo de Entradas[0m
          [36m</div>[31m
        [36m</div>[31m
        [36m<div[31m
          [33maria-labelledby[31m=[32m"tab-cuentas"[31m
          [33mrole[31m=[32m"tabpanel"[31m
          [33mstyle[31m=[32m"display: none;"[31m
        [36m>[31m
          [36m<div>[31m
            [0mModulo de Cuentas[0m
          [36m</div>[31m
        [36m</div>[31m
        [36m<div[31m
          [33maria-labelledby[31m=[32m"tab-usuarios"[31m
          [33mrole[31m=[32m"tabpanel"[31m
          [33mstyle[31m=[32m"display: none;"[31m
        [36m>[31m
          [36m<section[31m
            [33mclass[31m=[32m"table-card restricted-card"[31m
          [36m>[31m
            [36m<h2>[31m
              [0mGestionar usuarios[0m
            [36m</h2>[31m
            [36m<p>[31m
              [0mEsta seccion es solo para administradores. Solicita permisos de admin para gestionar usuarios.[0m
            [36m</p>[31m
          [36m</section>[31m
        [36m</div>[31m
        [36m<div[31m
          [33maria-labelledby[31m=[32m"tab-configuracion"[31m
          [33mrole[31m=[32m"tabpanel"[31m
          [33mstyle[31m=[32m"display: none;"[31m
        [36m>[31m
          [36m<div>[31m
            [0mModulo de Configuracion[0m
          [36m</div>[31m
        [36m</div>[31m
      [36m</section>[31m
    [36m</main>[31m
  [36m</div>[31m
[36m</body>[31m

Ignored nodes: comments, script, style
[36m<body>[31m
  [36m<div>[31m
    [36m<main[31m
      [33mclass[31m=[32m"dashboard-shell"[31m
    [36m>[31m
      [36m<aside[31m
        [33maria-label[31m=[32m"Menu lateral del dashboard"[31m
        [33mclass[31m=[32m"dashboard-sidebar"[31m
      [36m>[31m
        [36m<div[31m
          [33mclass[31m=[32m"sidebar-brand"[31m
        [36m>[31m
          [36m<span[31m
            [33maria-hidden[31m=[32m"true"[31m
            [33mclass[31m=[32m"app-icon material-symbols-rounded sidebar-brand-icon"[31m
          [36m>[31m
            [0maccount_balance_wallet[0m
          [36m</span>[31m
          [36m<span[31m
            [33mclass[31m=[32m"sidebar-brand-text"[31m
          [36m>[31m
            [0mInversiones[0m
          [36m</span>[31m
        [36m</div>[31m
        [36m<div[31m
          [33mclass[31m=[32m"sidebar-scroll"[31m
        [36m>[31m
          [36m<div[31m
            [33mclass[31m=[32m"sidebar-section"[31m
          [36m>[31m
            [36m<button[31m
              [33maria-controls[31m=[32m"sidebar-principal"[31m
              [33maria-expanded[31m=[32m"true"[31m
              [33mclass[31m=[32m"sidebar-nav-section"[31m
              [33mtype[31m=[32m"button"[31m
            [36m>[31m
              [36m<span[31m
                [33mclass[31m=[32m"sidebar-group-title"[31m
              [36m>[31m
                [36m<span[31m
                  [33mclass[31m=[32m"sidebar-group-icon"[31m
                [36m>[31m
                  [36m<span[31m
                    [33maria-hidden[31m=[32m"true"[31m
                    [33mclass[31m=[32m"app-icon material-symbols-rounded"[31m
                  [36m>[31m
                    [0mspace_dashboard[0m
                  [36m</span>[31m
                [36m</span>[31m
                [0mPrincipal[0m
                [0m [0m
                [36m<span[31m
                  [33mclass[31m=[32m"sidebar-count"[31m
                [36m>[31m
                  [0m1[0m
                [36m</span>[31m
              [36m</span>[31m
              [36m<span[31m
                [33maria-hidden[31m=[32m"true"[31m
                [33mclass[31m=[32m"sidebar-section-arrow"[31m
              [36m>[31m
                [36m<span[31m
                  [33maria-hidden[31m=[32m"true"[31m
                  [33mclass[31m=[32m"app-icon material-symbols-rounded"[31m
                [36m>[31m
                  [0mexpand_more[0m
                [36m</span>[31m
              [36m</span>[31m
            [36m</button>[31m
            [36m<div[31m
              [33mclass[31m=[32m"sidebar-section-content "[31m
              [33mid[31m=[32m"sidebar-principal"[31m
            [36m>[31m
              [36m<button[31m
                [33mclass[31m=[32m"menu-btn menu-dashboard active"[31m
                [33mtype[31m=[32m"button"[31m
              [36m>[31m
                [36m<span[31m
                  [33maria-hidden[31m=[32m"true"[31m
                  [33mclass[31m=[32m"app-icon material-symbols-rounded menu-btn-icon"[31m
                [36m>[31m
                  [0mspace_dashboard[0m
                [36m</span>[31m
                [36m<span>[31m
                  [0mResumen[0m
                [36m</span>[31m
              [36m</button>[31m
            [36m</div>[31m
          [36m</div>[31m
          [36m<div[31m
            [33mclass[31m=[32m"sidebar-section"[31m
          [36m>[31m
            [36m<button[31m
              [33maria-controls[31m=[32m"sidebar-gestion"[31m
              [33maria-expanded[31m=[32m"true"[31m
              [33mclass[31m=[32m"sidebar-nav-section"[31m
              [33mtype[31m=[32m"button"[31m
            [36m>[31m
              [36m<span[31m
                [33mclass[31m=[32m"sidebar-group-title"[31m
              [36m>[31m
                [36m<span[31m
                  [33mclass[31m=[32m"sidebar-group-icon"[31m
                [36m>[31m
                  [36m<span[31m
                    [33maria-hidden[31m=[32m"true"[31m
                    [33mclass[31m=[32m"app-icon material-symbols-rounded"[31m
                  [36m>[31m
                    [0maccount_balance[0m
                  [36m</span>[31m
                [36m</span>[31m
                [0mGestion[0m
                [0m [0m
                [36m<span[31m
                  [33mclass[31m=[32m"sidebar-count"[31m
                [36m>[31m
                  [0m2[0m
                [36m</span>[31m
              [36m</span>[31m
              [36m<span[31m
                [33maria-hidden[31m=[32m"true"[31m
                [33mclass[31m=[32m"sidebar-section-arrow"[31m
              [36m>[31m
                [36m<span[31m
                  [33maria-hidden[31m=[32m"true"[31m
                  [33mclass[31m=[32m"app-icon material-symbols-rounded"[31m
                [36m>[31m
                  [0mexpand_more[0m
                [36m</span>[31m
              [36m</span>[31m
            [36m</button>[31m
            [36m<div[31m
              [33mclass[31m=[32m"sidebar-section-content "[31m
              [33mid[31m=[32m"sidebar-gestion"[31m
            [36m>[31m
              [36m<button[31m
                [33mclass[31m=[32m"menu-btn menu-news "[31m
                [33mtype[31m=[32m"button"[31m
              [36m>[31m
                [36m<span[31m
                  [33maria-hidden[31m=[32m"true"[31m
                  [33mclass[31m=[32m"app-icon material-symbols-rounded menu-btn-icon"[31m
                [36m>[31m
                  [0marticle[0m
                [36m</span>[31m
                [36m<span>[31m
                  [0mMis noticias[0m
                [36m</span>[31m
              [36m</button>[31m
              [36m<button[31m
                [33mclass[31m=[32m"menu-btn menu-entries "[31m
                [33mtype[31m=[32m"button"[31m
              [36m>[31m
                [36m<span[31m
                  [33maria-hidden[31m=[32m"true"[31m
                  [33mclass[31m=[32m"app-icon material-symbols-rounded menu-btn-icon"[31m
                [36m>[31m
                  [0mplaylist_add_check_circle[0m
                [36m</span>[31m
                [36m<span>[31m
                  [0mEntradas mercado[0m
                [36m</span>[31m
              [36m</button>[31m
              [36m<button[31m
                [33mclass[31m=[32m"menu-btn menu-accounts "[31m
                [33mtype[31m=[32m"button"[31m
              [36m>[31m
                [36m<span[31m
                  [33maria-hidden[31m=[32m"true"[31m
                  [33mclass[31m=[32m"app-icon material-symbols-rounded menu-btn-icon"[31m
                [36m>[31m
                  [0maccount_balance[0m
                [36m</span>[31m
                [36m<span>[31m
                  [0mGestionar cuentas[0m
                [36m</span>[31m
              [36m</button>[31m
            [36m</div>[31m
          [36m</div>[31m
          [36m<div[31m
            [33mclass[31m=[32m"sidebar-section"[31m
          [36m>[31m
            [36m<button[31m
              [33maria-controls[31m=[32m"sidebar-cuenta"[31m
              [33maria-expanded[31m=[32m"true"[31m
              [33mclass[31m=[32m"sidebar-nav-section"[31m
              [33mtype[31m=[32m"button"[31m
            [36m>[31m
              [36m<span[31m
                [33mclass[31m=[32m"sidebar-group-title"[31m
              [36m>[31m
                [36m<span[31m
                  [33mclass[31m=[32m"sidebar-group-icon"[31m
                [36m>[31m
                  [36m<span[31m
                    [33maria-hidden[31m=[32m"true"[31m
                    [33mclass[31m=[32m"app-icon material-symbols-rounded"[31m
                  [36m>[31m
                    [0msettings[0m
                  [36m</span>[31m
                [36m</span>[31m
                [0mMi cuenta[0m
                [0m [0m
                [36m<span[31m
                  [33mclass[31m=[32m"sidebar-count"[31m
                [36m>[31m
                  [0m1[0m
                [36m</span>[31m
              [36m</span>[31m
              [36m<span[31m
                [33maria-hidden[31m=[32m"true"[31m
                [33mclass[31m=[32m"sidebar-section-arrow"[31m
              [36m>[31m
                [36m<span[31m
                  [33maria-hidden[31m=[32m"true"[31m
                  [33mclass[31m=[32m"app-icon material-symbols-rounded"[31m
                [36m>[31m
                  [0mexpand_more[0m
                [36m</span>[31m
              [36m</span>[31m
            [36m</button>[31m
            [36m<div[31m
              [33mclass[31m=[32m"sidebar-section-content "[31m
              [33mid[31m=[32m"sidebar-cuenta"[31m
            [36m>[31m
              [36m<button[31m
                [33mclass[31m=[32m"menu-btn menu-settings "[31m
                [33mtype[31m=[32m"button"[31m
              [36m>[31m
                [36m<span[31m
                  [33maria-hidden[31m=[32m"true"[31m
                  [33mclass[31m=[32m"app-icon material-symbols-rounded menu-btn-icon"[31m
                [36m>[31m
                  [0msettings[0m
                [36m</span>[31m
                [36m<span>[31m
                  [0mConfiguraci├│n[0m
                [36m</span>[31m
              [36m</button>[31m
            [36m</div>[31m
          [36m</div>[31m
        [36m</div>[31m
        [36m<div[31m
          [33mclass[31m=[32m"sidebar-footer"[31m
        [36m>[31m
          [36m<div[31m
            [33maria-hidden[31m=[32m"true"[31m
            [33mclass[31m=[32m"sidebar-user-avatar"[31m
          [36m>[31m
            [36m<span[31m
              [33maria-hidden[31m=[32m"true"[31m
              [33mclass[31m=[32m"app-icon material-symbols-rounded"[31m
            [36m>[31m
              [0mgroup[0m
            [36m</span>[31m
          [36m</div>[31m
          [36m<div[31m
            [33mclass[31m=[32m"sidebar-user-copy"[31m
          [36m>[31m
            [36m<p[31m
              [33mclass[31m=[32m"sidebar-user-name"[31m
            [36m>[31m
              [0musuario[0m
            [36m</p>[31m
            [36m<p[31m
              [33mclass[31m=[32m"sidebar-user-role"[31m
            [36m>[31m
              [0mUSUARIO[0m
            [36m</p>[31m
            [36m<p[31m
              [33mclass[31m=[32m"sidebar-user-email"[31m
              [33mtitle[31m=[32m"usuario@demo.com"[31m
            [36m>[31m
              [0musuario@demo.com[0m
            [36m</p>[31m
          [36m</div>[31m
        [36m</div>[31m
      [36m</aside>[31m
      [36m<section[31m
        [33mclass[31m=[32m"dashboard-layout"[31m
      [36m>[31m
        [36m<header[31m
          [33mclass[31m=[32m"dashboard-header"[31m
        [36m>[31m
          [36m<div[31m
            [33mclass[31m=[32m"dashboard-header-title"[31m
          [36m>[31m
            [36m<h1>[31m
              [0mDashboard de Inversiones[0m
            [36m</h1>[31m
          [36m</div>[31m
          [36m<div[31m
            [33mclass[31m=[32m"header-right"[31m
          [36m>[31m
            [36m<span[31m
              [33mclass[31m=[32m"system-status"[31m
            [36m>[31m
              [36m<span[31m
                [33maria-hidden[31m=[32m"true"[31m
                [33mclass[31m=[32m"app-icon material-symbols-rounded"[31m
              [36m>[31m
                [0mmemory[0m
              [36m</span>[31m
              [0m [0m
              [36m<span>[31m
                [0mSistema online[0m
              [36m</span>[31m
            [36m</span>[31m
            [36m<button[31m
              [33mclass[31m=[32m"secondary-btn"[31m
              [33mtype[31m=[32m"button"[31m
            [36m>[31m
              [36m<span[31m
                [33maria-hidden[31m=[32m"true"[31m
                [33mclass[31m=[32m"app-icon material-symbols-rounded"[31m
              [36m>[31m
                [0mlogout[0m
              [36m</span>[31m
              [0mCerrar sesion[0m
            [36m</button>[31m
          [36m</div>[31m
        [36m</header>[31m
        [36m<div[31m
          [33maria-labelledby[31m=[32m"tab-resumen"[31m
          [33mrole[31m=[32m"tabpanel"[31m
          [33mstyle[31m=[32m"display: block;"[31m
        [36m>[31m
          [36m<section[31m
            [33mclass[31m=[32m"dashboard-summary-toolbar"[31m
          [36m>[31m
            [36m<label[31m
              [33mclass[31m=[32m"dashboard-summary-filter-label"[31m
              [33mfor[31m=[32m"dashboard-account-filter"[31m
            [36m>[31m
              [0mFiltrar por cuenta[0m
            [36m</label>[31m
            [36m<select[31m
              [33mclass[31m=[32m"dashboard-summary-filter"[31m
              [33mid[31m=[32m"dashboard-account-filter"[31m
            [36m>[31m
              [36m<option[31m
                [33mvalue[31m=[32m"all"[31m
              [36m>[31m
                [0mTodas las cuentas[0m
              [36m</option>[31m
            [36m</select>[31m
          [36m</section>[31m
          [36m<section[31m
            [33mclass[31m=[32m"kpi-grid"[31m
          [36m>[31m
            [36m<article[31m
              [33mclass[31m=[32m"kpi-card"[31m
            [36m>[31m
              [36m<h2>[31m
                [0mGanancia del mes[0m
              [36m</h2>[31m
              [36m<p[31m
                [33mclass[31m=[32m"kpi-value"[31m
              [36m>[31m
                [0mUSD┬á2,500.00[0m
              [36m</p>[31m
              [36m<span[31m
                [33mclass[31m=[32m"kpi-trend positive"[31m
              [36m>[31m
                [0m1[0m
                [0m operaciones[0m
              [36m</span>[31m
            [36m</article>[31m
            [36m<article[31m
              [33mclass[31m=[32m"kpi-card"[31m
            [36m>[31m
              [36m<h2>[31m
                [0mTasa de exito[0m
              [36m</h2>[31m
              [36m<p[31m
                [33mclass[31m=[32m"kpi-value"[31m
              [36m>[31m
                [0m100.0[0m
                [0m%[0m
              [36m</p>[31m
              [36m<span[31m
                [33mclass[31m=[32m"kpi-trend neutral"[31m
              [36m>[31m
                [0mSobre operaciones cerradas[0m
              [36m</span>[31m
            [36m</article>[31m
            [36m<article[31m
              [33mclass[31m=[32m"kpi-card"[31m
            [36m>[31m
              [36m<h2>[31m
                [0mRiesgo abierto[0m
              [36m</h2>[31m
              [36m<p[31m
                [33mclass[31m=[32m"kpi-value"[31m
              [36m>[31m
                [0mUSD┬á0.00[0m
              [36m</p>[31m
              [36m<span[31m
                [33mclass[31m=[32m"kpi-trend neutral"[31m
              [36m>[31m
                [0mControlado[0m
              [36m</span>[31m
            [36m</article>[31m
          [36m</section>[31m
          [36m<section[31m
            [33mclass[31m=[32m"chart-grid"[31m
          [36m>[31m
            [36m<article[31m
              [33mclass[31m=[32m"chart-card"[31m
            [36m>[31m
              [36m<h2>[31m
                [0mEvolucion de ganancias[0m
              [36m</h2>[31m
              [36m<div[31m
                [33mclass[31m=[32m"chart-wrapper"[31m
              [36m>[31m
                [36m<div>[31m
                  [36m<div>[31m
                    [36m<div />[31m
                    [36m<div />[31m
                    [36m<div />[31m
                    [36m<div />[31m
                    [36m<div />[31m
                  [36m</div>[31m
                [36m</div>[31m
              [36m</div>[31m
            [36m</article>[31m
            [36m<article[31m
              [33mclass[31m=[32m"chart-card"[31m
            [36m>[31m
              [36m<h2>[31m
                [0mDistribucion de operaciones[0m
              [36m</h2>[31m
              [36m<div[31m
                [33mclass[31m=[32m"chart-wrapper"[31m
              [36m>[31m
                [36m<div>[31m
                  [36m<div>[31m
                    [36m<div>[31m
                      [36m<div />[31m
                      [36m<div />[31m
                      [36m<div />[31m
                    [36m</div>[31m
                    [36m<div />[31m
                    [36m<div />[31m
                  [36m</div>[31m
                [36m</div>[31m
              [36m</div>[31m
            [36m</article>[31m
          [36m</section>[31m
          [36m<section[31m
            [33mclass[31m=[32m"table-card"[31m
          [36m>[31m
            [36m<h2>[31m
              [0mOperaciones recientes[0m
            [36m</h2>[31m
            [36m<div[31m
              [33mclass[31m=[32m"table-wrapper"[31m
            [36m>[31m
              [36m<table>[31m
                [36m<thead>[31m
                  [36m<tr>[31m
                    [36m<th>[31m
                      [0mFecha[0m
                    [36m</th>[31m
                    [36m<th>[31m
                      [0mPar[0m
                    [36m</th>[31m
                    [36m<th>[31m
                      [0mTipo[0m
                    [36m</th>[31m
                    [36m<th>[31m
                      [0mResultado[0m
                    [36m</th>[31m
                    [36m<th>[31m
                      [0mEstado[0m
                    [36m</th>[31m
                  [36m</tr>[31m
                [36m</thead>[31m
                [36m<tbody>[31m
                  [36m<tr>[31m
                    [36m<td>[31m
                      [0m20/6/2026[0m
                    [36m</td>[31m
                    [36m<td>[31m
                      [0mEURUSD[0m
                    [36m</td>[31m
                    [36m<td>[31m
                      [0mBUY[0m
                    [36m</td>[31m
                    [36m<td[31m
                      [33mclass[31m=[32m"positive"[31m
                    [36m>[31m
                      [0mUSD┬á2,500.00[0m
                    [36m</td>[31m
                    [36m<td>[31m
                      [0mCompletada[0m
                    [36m</td>[31m
                  [36m</tr>[31m
                [36m</tbody>[31m
              [36m</table>[31m
            [36m</div>[31m
          [36m</section>[31m
        [36m</div>[31m
        [36m<div[31m
          [33maria-labelledby[31m=[32m"tab-noticias"[31m
          [33mrole[31m=[32m"tabpanel"[31m
          [33mstyle[31m=[32m"display: none;"[31m
        [36m>[31m
          [36m<div>[31m
            [0mModulo de Noticias[0m
          [36m</div>[31m
        [36m</div>[31m
        [36m<div[31m
          [33maria-labelledby[31m=[32m"tab-entradas"[31m
          [33mrole[31m=[32m"tabpanel"[31m
          [33mstyle[31m=[32m"display: none;"[31m
        [36m>[31m
          [36m<div>[31m
            [0mModulo de Entradas[0m
          [36m</div>[31m
        [36m</div>[31m
        [36m<div[31m
          [33maria-labelledby[31m=[32m"tab-cuentas"[31m
          [33mrole[31m=[32m"tabpanel"[31m
          [33mstyle[31m=[32m"display: none;"[31m
        [36m>[31m
          [36m<div>[31m
            [0mModulo de Cuentas[0m
          [36m</div>[31m
        [36m</div>[31m
        [36m<div[31m
          [33maria-labelledby[31m=[32m"tab-usuarios"[31m
          [33mrole[31m=[32m"tabpanel"[31m
          [33mstyle[31m=[32m"display: none;"[31m
        [36m>[31m
          [36m<section[31m
            [33mclass[31m=[32m"table-card restricted-card"[31m
          [36m>[31m
            [36m<h2>[31m
              [0mGestionar usuarios[0m
            [36m</h2>[31m
            [36m<p>[31m
              [0mEsta seccion es solo para administradores. Solicita permisos de admin para gestionar usuarios.[0m
            [36m</p>[31m
          [36m</section>[31m
        [36m</div>[31m
        [36m<div[31m
          [33maria-labelledby[31m=[32m"tab-configuracion"[31m
          [33mrole[31m=[32m"tabpanel"[31m
          [33mstyle[31m=[32m"display: none;"[31m
        [36m>[31m
          [36m<div>[31m
            [0mModulo de Configuracion[0m
          [36m</div>[31m
        [36m</div>[31m
      [36m</section>[31m
    [36m</main>[31m
  [36m</div>[31m
[36m</body>[31m[39m
[31m   [31m├ù[31m DashboardPage[2m > [22mcalcula ganancia cero cuando no hay operaciones[33m 1010[2mms[22m[31m[39m
[31m     ÔåÆ Unable to find an element with the text: $0.00. This could be because the text is broken up by multiple elements. In this case, you can provide a function for your text matcher to make your matcher more flexible.

Ignored nodes: comments, script, style
[36m<body>[31m
  [36m<div>[31m
    [36m<main[31m
      [33mclass[31m=[32m"dashboard-shell"[31m
    [36m>[31m
      [36m<aside[31m
        [33maria-label[31m=[32m"Menu lateral del dashboard"[31m
        [33mclass[31m=[32m"dashboard-sidebar"[31m
      [36m>[31m
        [36m<div[31m
          [33mclass[31m=[32m"sidebar-brand"[31m
        [36m>[31m
          [36m<span[31m
            [33maria-hidden[31m=[32m"true"[31m
            [33mclass[31m=[32m"app-icon material-symbols-rounded sidebar-brand-icon"[31m
          [36m>[31m
            [0maccount_balance_wallet[0m
          [36m</span>[31m
          [36m<span[31m
            [33mclass[31m=[32m"sidebar-brand-text"[31m
          [36m>[31m
            [0mInversiones[0m
          [36m</span>[31m
        [36m</div>[31m
        [36m<div[31m
          [33mclass[31m=[32m"sidebar-scroll"[31m
        [36m>[31m
          [36m<div[31m
            [33mclass[31m=[32m"sidebar-section"[31m
          [36m>[31m
            [36m<button[31m
              [33maria-controls[31m=[32m"sidebar-principal"[31m
              [33maria-expanded[31m=[32m"true"[31m
              [33mclass[31m=[32m"sidebar-nav-section"[31m
              [33mtype[31m=[32m"button"[31m
            [36m>[31m
              [36m<span[31m
                [33mclass[31m=[32m"sidebar-group-title"[31m
              [36m>[31m
                [36m<span[31m
                  [33mclass[31m=[32m"sidebar-group-icon"[31m
                [36m>[31m
                  [36m<span[31m
                    [33maria-hidden[31m=[32m"true"[31m
                    [33mclass[31m=[32m"app-icon material-symbols-rounded"[31m
                  [36m>[31m
                    [0mspace_dashboard[0m
                  [36m</span>[31m
                [36m</span>[31m
                [0mPrincipal[0m
                [0m [0m
                [36m<span[31m
                  [33mclass[31m=[32m"sidebar-count"[31m
                [36m>[31m
                  [0m1[0m
                [36m</span>[31m
              [36m</span>[31m
              [36m<span[31m
                [33maria-hidden[31m=[32m"true"[31m
                [33mclass[31m=[32m"sidebar-section-arrow"[31m
              [36m>[31m
                [36m<span[31m
                  [33maria-hidden[31m=[32m"true"[31m
                  [33mclass[31m=[32m"app-icon material-symbols-rounded"[31m
                [36m>[31m
                  [0mexpand_more[0m
                [36m</span>[31m
              [36m</span>[31m
            [36m</button>[31m
            [36m<div[31m
              [33mclass[31m=[32m"sidebar-section-content "[31m
              [33mid[31m=[32m"sidebar-principal"[31m
            [36m>[31m
              [36m<button[31m
                [33mclass[31m=[32m"menu-btn menu-dashboard active"[31m
                [33mtype[31m=[32m"button"[31m
              [36m>[31m
                [36m<span[31m
                  [33maria-hidden[31m=[32m"true"[31m
                  [33mclass[31m=[32m"app-icon material-symbols-rounded menu-btn-icon"[31m
                [36m>[31m
                  [0mspace_dashboard[0m
                [36m</span>[31m
                [36m<span>[31m
                  [0mResumen[0m
                [36m</span>[31m
              [36m</button>[31m
            [36m</div>[31m
          [36m</div>[31m
          [36m<div[31m
            [33mclass[31m=[32m"sidebar-section"[31m
          [36m>[31m
            [36m<button[31m
              [33maria-controls[31m=[32m"sidebar-gestion"[31m
              [33maria-expanded[31m=[32m"true"[31m
              [33mclass[31m=[32m"sidebar-nav-section"[31m
              [33mtype[31m=[32m"button"[31m
            [36m>[31m
              [36m<span[31m
                [33mclass[31m=[32m"sidebar-group-title"[31m
              [36m>[31m
                [36m<span[31m
                  [33mclass[31m=[32m"sidebar-group-icon"[31m
                [36m>[31m
                  [36m<span[31m
                    [33maria-hidden[31m=[32m"true"[31m
                    [33mclass[31m=[32m"app-icon material-symbols-rounded"[31m
                  [36m>[31m
                    [0maccount_balance[0m
                  [36m</span>[31m
                [36m</span>[31m
                [0mGestion[0m
                [0m [0m
                [36m<span[31m
                  [33mclass[31m=[32m"sidebar-count"[31m
                [36m>[31m
                  [0m2[0m
                [36m</span>[31m
              [36m</span>[31m
              [36m<span[31m
                [33maria-hidden[31m=[32m"true"[31m
                [33mclass[31m=[32m"sidebar-section-arrow"[31m
              [36m>[31m
                [36m<span[31m
                  [33maria-hidden[31m=[32m"true"[31m
                  [33mclass[31m=[32m"app-icon material-symbols-rounded"[31m
                [36m>[31m
                  [0mexpand_more[0m
                [36m</span>[31m
              [36m</span>[31m
            [36m</button>[31m
            [36m<div[31m
              [33mclass[31m=[32m"sidebar-section-content "[31m
              [33mid[31m=[32m"sidebar-gestion"[31m
            [36m>[31m
              [36m<button[31m
                [33mclass[31m=[32m"menu-btn menu-news "[31m
                [33mtype[31m=[32m"button"[31m
              [36m>[31m
                [36m<span[31m
                  [33maria-hidden[31m=[32m"true"[31m
                  [33mclass[31m=[32m"app-icon material-symbols-rounded menu-btn-icon"[31m
                [36m>[31m
                  [0marticle[0m
                [36m</span>[31m
                [36m<span>[31m
                  [0mMis noticias[0m
                [36m</span>[31m
              [36m</button>[31m
              [36m<button[31m
                [33mclass[31m=[32m"menu-btn menu-entries "[31m
                [33mtype[31m=[32m"button"[31m
              [36m>[31m
                [36m<span[31m
                  [33maria-hidden[31m=[32m"true"[31m
                  [33mclass[31m=[32m"app-icon material-symbols-rounded menu-btn-icon"[31m
                [36m>[31m
                  [0mplaylist_add_check_circle[0m
                [36m</span>[31m
                [36m<span>[31m
                  [0mEntradas mercado[0m
                [36m</span>[31m
              [36m</button>[31m
              [36m<button[31m
                [33mclass[31m=[32m"menu-btn menu-accounts "[31m
                [33mtype[31m=[32m"button"[31m
              [36m>[31m
                [36m<span[31m
                  [33maria-hidden[31m=[32m"true"[31m
                  [33mclass[31m=[32m"app-icon material-symbols-rounded menu-btn-icon"[31m
                [36m>[31m
                  [0maccount_balance[0m
                [36m</span>[31m
                [36m<span>[31m
                  [0mGestionar cuentas[0m
                [36m</span>[31m
              [36m</button>[31m
            [36m</div>[31m
          [36m</div>[31m
          [36m<div[31m
            [33mclass[31m=[32m"sidebar-section"[31m
          [36m>[31m
            [36m<button[31m
              [33maria-controls[31m=[32m"sidebar-cuenta"[31m
              [33maria-expanded[31m=[32m"true"[31m
              [33mclass[31m=[32m"sidebar-nav-section"[31m
              [33mtype[31m=[32m"button"[31m
            [36m>[31m
              [36m<span[31m
                [33mclass[31m=[32m"sidebar-group-title"[31m
              [36m>[31m
                [36m<span[31m
                  [33mclass[31m=[32m"sidebar-group-icon"[31m
                [36m>[31m
                  [36m<span[31m
                    [33maria-hidden[31m=[32m"true"[31m
                    [33mclass[31m=[32m"app-icon material-symbols-rounded"[31m
                  [36m>[31m
                    [0msettings[0m
                  [36m</span>[31m
                [36m</span>[31m
                [0mMi cuenta[0m
                [0m [0m
                [36m<span[31m
                  [33mclass[31m=[32m"sidebar-count"[31m
                [36m>[31m
                  [0m1[0m
                [36m</span>[31m
              [36m</span>[31m
              [36m<span[31m
                [33maria-hidden[31m=[32m"true"[31m
                [33mclass[31m=[32m"sidebar-section-arrow"[31m
              [36m>[31m
                [36m<span[31m
                  [33maria-hidden[31m=[32m"true"[31m
                  [33mclass[31m=[32m"app-icon material-symbols-rounded"[31m
                [36m>[31m
                  [0mexpand_more[0m
                [36m</span>[31m
              [36m</span>[31m
            [36m</button>[31m
            [36m<div[31m
              [33mclass[31m=[32m"sidebar-section-content "[31m
              [33mid[31m=[32m"sidebar-cuenta"[31m
            [36m>[31m
              [36m<button[31m
                [33mclass[31m=[32m"menu-btn menu-settings "[31m
                [33mtype[31m=[32m"button"[31m
              [36m>[31m
                [36m<span[31m
                  [33maria-hidden[31m=[32m"true"[31m
                  [33mclass[31m=[32m"app-icon material-symbols-rounded menu-btn-icon"[31m
                [36m>[31m
                  [0msettings[0m
                [36m</span>[31m
                [36m<span>[31m
                  [0mConfiguraci├│n[0m
                [36m</span>[31m
              [36m</button>[31m
            [36m</div>[31m
          [36m</div>[31m
        [36m</div>[31m
        [36m<div[31m
          [33mclass[31m=[32m"sidebar-footer"[31m
        [36m>[31m
          [36m<div[31m
            [33maria-hidden[31m=[32m"true"[31m
            [33mclass[31m=[32m"sidebar-user-avatar"[31m
          [36m>[31m
            [36m<span[31m
              [33maria-hidden[31m=[32m"true"[31m
              [33mclass[31m=[32m"app-icon material-symbols-rounded"[31m
            [36m>[31m
              [0mgroup[0m
            [36m</span>[31m
          [36m</div>[31m
          [36m<div[31m
            [33mclass[31m=[32m"sidebar-user-copy"[31m
          [36m>[31m
            [36m<p[31m
              [33mclass[31m=[32m"sidebar-user-name"[31m
            [36m>[31m
              [0musuario[0m
            [36m</p>[31m
            [36m<p[31m
              [33mclass[31m=[32m"sidebar-user-role"[31m
            [36m>[31m
              [0mUSUARIO[0m
            [36m</p>[31m
            [36m<p[31m
              [33mclass[31m=[32m"sidebar-user-email"[31m
              [33mtitle[31m=[32m"usuario@demo.com"[31m
            [36m>[31m
              [0musuario@demo.com[0m
            [36m</p>[31m
          [36m</div>[31m
        [36m</div>[31m
      [36m</aside>[31m
      [36m<section[31m
        [33mclass[31m=[32m"dashboard-layout"[31m
      [36m>[31m
        [36m<header[31m
          [33mclass[31m=[32m"dashboard-header"[31m
        [36m>[31m
          [36m<div[31m
            [33mclass[31m=[32m"dashboard-header-title"[31m
          [36m>[31m
            [36m<h1>[31m
              [0mDashboard de Inversiones[0m
            [36m</h1>[31m
          [36m</div>[31m
          [36m<div[31m
            [33mclass[31m=[32m"header-right"[31m
          [36m>[31m
            [36m<span[31m
              [33mclass[31m=[32m"system-status"[31m
            [36m>[31m
              [36m<span[31m
                [33maria-hidden[31m=[32m"true"[31m
                [33mclass[31m=[32m"app-icon material-symbols-rounded"[31m
              [36m>[31m
                [0mmemory[0m
              [36m</span>[31m
              [0m [0m
              [36m<span>[31m
                [0mSistema online[0m
              [36m</span>[31m
            [36m</span>[31m
            [36m<button[31m
              [33mclass[31m=[32m"secondary-btn"[31m
              [33mtype[31m=[32m"button"[31m
            [36m>[31m
              [36m<span[31m
                [33maria-hidden[31m=[32m"true"[31m
                [33mclass[31m=[32m"app-icon material-symbols-rounded"[31m
              [36m>[31m
                [0mlogout[0m
              [36m</span>[31m
              [0mCerrar sesion[0m
            [36m</button>[31m
          [36m</div>[31m
        [36m</header>[31m
        [36m<div[31m
          [33maria-labelledby[31m=[32m"tab-resumen"[31m
          [33mrole[31m=[32m"tabpanel"[31m
          [33mstyle[31m=[32m"display: block;"[31m
        [36m>[31m
          [36m<section[31m
            [33mclass[31m=[32m"dashboard-summary-toolbar"[31m
          [36m>[31m
            [36m<label[31m
              [33mclass[31m=[32m"dashboard-summary-filter-label"[31m
              [33mfor[31m=[32m"dashboard-account-filter"[31m
            [36m>[31m
              [0mFiltrar por cuenta[0m
            [36m</label>[31m
            [36m<select[31m
              [33mclass[31m=[32m"dashboard-summary-filter"[31m
              [33mid[31m=[32m"dashboard-account-filter"[31m
            [36m>[31m
              [36m<option[31m
                [33mvalue[31m=[32m"all"[31m
              [36m>[31m
                [0mTodas las cuentas[0m
              [36m</option>[31m
            [36m</select>[31m
          [36m</section>[31m
          [36m<section[31m
            [33mclass[31m=[32m"kpi-grid"[31m
          [36m>[31m
            [36m<article[31m
              [33mclass[31m=[32m"kpi-card"[31m
            [36m>[31m
              [36m<h2>[31m
                [0mGanancia del mes[0m
              [36m</h2>[31m
              [36m<p[31m
                [33mclass[31m=[32m"kpi-value"[31m
              [36m>[31m
                [0mUSD┬á0.00[0m
              [36m</p>[31m
              [36m<span[31m
                [33mclass[31m=[32m"kpi-trend positive"[31m
              [36m>[31m
                [0m0[0m
                [0m operaciones[0m
              [36m</span>[31m
            [36m</article>[31m
            [36m<article[31m
              [33mclass[31m=[32m"kpi-card"[31m
            [36m>[31m
              [36m<h2>[31m
                [0mTasa de exito[0m
              [36m</h2>[31m
              [36m<p[31m
                [33mclass[31m=[32m"kpi-value"[31m
              [36m>[31m
                [0m0.0[0m
                [0m%[0m
              [36m</p>[31m
              [36m<span[31m
                [33mclass[31m=[32m"kpi-trend neutral"[31m
              [36m>[31m
                [0mSobre operaciones cerradas[0m
              [36m</span>[31m
            [36m</article>[31m
            [36m<article[31m
              [33mclass[31m=[32m"kpi-card"[31m
            [36m>[31m
              [36m<h2>[31m
                [0mRiesgo abierto[0m
              [36m</h2>[31m
              [36m<p[31m
                [33mclass[31m=[32m"kpi-value"[31m
              [36m>[31m
                [0mUSD┬á0.00[0m
              [36m</p>[31m
              [36m<span[31m
                [33mclass[31m=[32m"kpi-trend neutral"[31m
              [36m>[31m
                [0mControlado[0m
              [36m</span>[31m
            [36m</article>[31m
          [36m</section>[31m
          [36m<section[31m
            [33mclass[31m=[32m"chart-grid"[31m
          [36m>[31m
            [36m<article[31m
              [33mclass[31m=[32m"chart-card"[31m
            [36m>[31m
              [36m<h2>[31m
                [0mEvolucion de ganancias[0m
              [36m</h2>[31m
              [36m<div[31m
                [33mclass[31m=[32m"chart-wrapper"[31m
              [36m>[31m
                [36m<div>[31m
                  [36m<div>[31m
                    [36m<div />[31m
                    [36m<div />[31m
                    [36m<div />[31m
                    [36m<div />[31m
                    [36m<div />[31m
                  [36m</div>[31m
                [36m</div>[31m
              [36m</div>[31m
            [36m</article>[31m
            [36m<article[31m
              [33mclass[31m=[32m"chart-card"[31m
            [36m>[31m
              [36m<h2>[31m
                [0mDistribucion de operaciones[0m
              [36m</h2>[31m
              [36m<div[31m
                [33mclass[31m=[32m"chart-wrapper"[31m
              [36m>[31m
                [36m<div>[31m
                  [36m<div>[31m
                    [36m<div>[31m
                      [36m<div />[31m
                      [36m<div />[31m
                      [36m<div />[31m
                    [36m</div>[31m
                    [36m<div />[31m
                    [36m<div />[31m
                  [36m</div>[31m
                [36m</div>[31m
              [36m</div>[31m
            [36m</article>[31m
          [36m</section>[31m
          [36m<section[31m
            [33mclass[31m=[32m"table-card"[31m
          [36m>[31m
            [36m<h2>[31m
              [0mOperaciones recientes[0m
            [36m</h2>[31m
            [36m<div[31m
              [33mclass[31m=[32m"table-wrapper"[31m
            [36m>[31m
              [36m<table>[31m
                [36m<thead>[31m
                  [36m<tr>[31m
                    [36m<th>[31m
                      [0mFecha[0m
                    [36m</th>[31m
                    [36m<th>[31m
                      [0mPar[0m
                    [36m</th>[31m
                    [36m<th>[31m
                      [0mTipo[0m
                    [36m</th>[31m
                    [36m<th>[31m
                      [0mResultado[0m
                    [36m</th>[31m
                    [36m<th>[31m
                      [0mEstado[0m
                    [36m</th>[31m
                  [36m</tr>[31m
                [36m</thead>[31m
                [36m<tbody>[31m
                  [36m<tr>[31m
                    [36m<td[31m
                      [33mcolspan[31m=[32m"5"[31m
                    [36m>[31m
                      [0mNo hay operaciones para el filtro seleccionado.[0m
                    [36m</td>[31m
                  [36m</tr>[31m
                [36m</tbody>[31m
              [36m</table>[31m
            [36m</div>[31m
          [36m</section>[31m
        [36m</div>[31m
        [36m<div[31m
          [33maria-labelledby[31m=[32m"tab-noticias"[31m
          [33mrole[31m=[32m"tabpanel"[31m
          [33mstyle[31m=[32m"display: none;"[31m
        [36m>[31m
          [36m<div>[31m
            [0mModulo de Noticias[0m
          [36m</div>[31m
        [36m</div>[31m
        [36m<div[31m
          [33maria-labelledby[31m=[32m"tab-entradas"[31m
          [33mrole[31m=[32m"tabpanel"[31m
          [33mstyle[31m=[32m"display: none;"[31m
        [36m>[31m
          [36m<div>[31m
            [0mModulo de Entradas[0m
          [36m</div>[31m
        [36m</div>[31m
        [36m<div[31m
          [33maria-labelledby[31m=[32m"tab-cuentas"[31m
          [33mrole[31m=[32m"tabpanel"[31m
          [33mstyle[31m=[32m"display: none;"[31m
        [36m>[31m
          [36m<div>[31m
            [0mModulo de Cuentas[0m
          [36m</div>[31m
        [36m</div>[31m
        [36m<div[31m
          [33maria-labelledby[31m=[32m"tab-usuarios"[31m
          [33mrole[31m=[32m"tabpanel"[31m
          [33mstyle[31m=[32m"display: none;"[31m
        [36m>[31m
          [36m<section[31m
            [33mclass[31m=[32m"table-card restricted-card"[31m
          [36m>[31m
            [36m<h2>[31m
              [0mGestionar usuarios[0m
            [36m</h2>[31m
            [36m<p>[31m
              [0mEsta seccion es solo para administradores. Solicita permisos de admin para gestionar usuarios.[0m
            [36m</p>[31m
          [36m</section>[31m
        [36m</div>[31m
        [36m<div[31m
          [33maria-labelledby[31m=[32m"tab-configuracion"[31m
          [33mrole[31m=[32m"tabpanel"[31m
          [33mstyle[31m=[32m"display: none;"[31m
        [36m>[31m
          [36m<div>[31m
            [0mModulo de Configuracion[0m
          [36m</div>[31m
        [36m</div>[31m
      [36m</section>[31m
    [36m</main>[31m
  [36m</div>[31m
[36m</body>[31m

Ignored nodes: comments, script, style
[36m<body>[31m
  [36m<div>[31m
    [36m<main[31m
      [33mclass[31m=[32m"dashboard-shell"[31m
    [36m>[31m
      [36m<aside[31m
        [33maria-label[31m=[32m"Menu lateral del dashboard"[31m
        [33mclass[31m=[32m"dashboard-sidebar"[31m
      [36m>[31m
        [36m<div[31m
          [33mclass[31m=[32m"sidebar-brand"[31m
        [36m>[31m
          [36m<span[31m
            [33maria-hidden[31m=[32m"true"[31m
            [33mclass[31m=[32m"app-icon material-symbols-rounded sidebar-brand-icon"[31m
          [36m>[31m
            [0maccount_balance_wallet[0m
          [36m</span>[31m
          [36m<span[31m
            [33mclass[31m=[32m"sidebar-brand-text"[31m
          [36m>[31m
            [0mInversiones[0m
          [36m</span>[31m
        [36m</div>[31m
        [36m<div[31m
          [33mclass[31m=[32m"sidebar-scroll"[31m
        [36m>[31m
          [36m<div[31m
            [33mclass[31m=[32m"sidebar-section"[31m
          [36m>[31m
            [36m<button[31m
              [33maria-controls[31m=[32m"sidebar-principal"[31m
              [33maria-expanded[31m=[32m"true"[31m
              [33mclass[31m=[32m"sidebar-nav-section"[31m
              [33mtype[31m=[32m"button"[31m
            [36m>[31m
              [36m<span[31m
                [33mclass[31m=[32m"sidebar-group-title"[31m
              [36m>[31m
                [36m<span[31m
                  [33mclass[31m=[32m"sidebar-group-icon"[31m
                [36m>[31m
                  [36m<span[31m
                    [33maria-hidden[31m=[32m"true"[31m
                    [33mclass[31m=[32m"app-icon material-symbols-rounded"[31m
                  [36m>[31m
                    [0mspace_dashboard[0m
                  [36m</span>[31m
                [36m</span>[31m
                [0mPrincipal[0m
                [0m [0m
                [36m<span[31m
                  [33mclass[31m=[32m"sidebar-count"[31m
                [36m>[31m
                  [0m1[0m
                [36m</span>[31m
              [36m</span>[31m
              [36m<span[31m
                [33maria-hidden[31m=[32m"true"[31m
                [33mclass[31m=[32m"sidebar-section-arrow"[31m
              [36m>[31m
                [36m<span[31m
                  [33maria-hidden[31m=[32m"true"[31m
                  [33mclass[31m=[32m"app-icon material-symbols-rounded"[31m
                [36m>[31m
                  [0mexpand_more[0m
                [36m</span>[31m
              [36m</span>[31m
            [36m</button>[31m
            [36m<div[31m
              [33mclass[31m=[32m"sidebar-section-content "[31m
              [33mid[31m=[32m"sidebar-principal"[31m
            [36m>[31m
              [36m<button[31m
                [33mclass[31m=[32m"menu-btn menu-dashboard active"[31m
                [33mtype[31m=[32m"button"[31m
              [36m>[31m
                [36m<span[31m
                  [33maria-hidden[31m=[32m"true"[31m
                  [33mclass[31m=[32m"app-icon material-symbols-rounded menu-btn-icon"[31m
                [36m>[31m
                  [0mspace_dashboard[0m
                [36m</span>[31m
                [36m<span>[31m
                  [0mResumen[0m
                [36m</span>[31m
              [36m</button>[31m
            [36m</div>[31m
          [36m</div>[31m
          [36m<div[31m
            [33mclass[31m=[32m"sidebar-section"[31m
          [36m>[31m
            [36m<button[31m
              [33maria-controls[31m=[32m"sidebar-gestion"[31m
              [33maria-expanded[31m=[32m"true"[31m
              [33mclass[31m=[32m"sidebar-nav-section"[31m
              [33mtype[31m=[32m"button"[31m
            [36m>[31m
              [36m<span[31m
                [33mclass[31m=[32m"sidebar-group-title"[31m
              [36m>[31m
                [36m<span[31m
                  [33mclass[31m=[32m"sidebar-group-icon"[31m
                [36m>[31m
                  [36m<span[31m
                    [33maria-hidden[31m=[32m"true"[31m
                    [33mclass[31m=[32m"app-icon material-symbols-rounded"[31m
                  [36m>[31m
                    [0maccount_balance[0m
                  [36m</span>[31m
                [36m</span>[31m
                [0mGestion[0m
                [0m [0m
                [36m<span[31m
                  [33mclass[31m=[32m"sidebar-count"[31m
                [36m>[31m
                  [0m2[0m
                [36m</span>[31m
              [36m</span>[31m
              [36m<span[31m
                [33maria-hidden[31m=[32m"true"[31m
                [33mclass[31m=[32m"sidebar-section-arrow"[31m
              [36m>[31m
                [36m<span[31m
                  [33maria-hidden[31m=[32m"true"[31m
                  [33mclass[31m=[32m"app-icon material-symbols-rounded"[31m
                [36m>[31m
                  [0mexpand_more[0m
                [36m</span>[31m
              [36m</span>[31m
            [36m</button>[31m
            [36m<div[31m
              [33mclass[31m=[32m"sidebar-section-content "[31m
              [33mid[31m=[32m"sidebar-gestion"[31m
            [36m>[31m
              [36m<button[31m
                [33mclass[31m=[32m"menu-btn menu-news "[31m
                [33mtype[31m=[32m"button"[31m
              [36m>[31m
                [36m<span[31m
                  [33maria-hidden[31m=[32m"true"[31m
                  [33mclass[31m=[32m"app-icon material-symbols-rounded menu-btn-icon"[31m
                [36m>[31m
                  [0marticle[0m
                [36m</span>[31m
                [36m<span>[31m
                  [0mMis noticias[0m
                [36m</span>[31m
              [36m</button>[31m
              [36m<button[31m
                [33mclass[31m=[32m"menu-btn menu-entries "[31m
                [33mtype[31m=[32m"button"[31m
              [36m>[31m
                [36m<span[31m
                  [33maria-hidden[31m=[32m"true"[31m
                  [33mclass[31m=[32m"app-icon material-symbols-rounded menu-btn-icon"[31m
                [36m>[31m
                  [0mplaylist_add_check_circle[0m
                [36m</span>[31m
                [36m<span>[31m
                  [0mEntradas mercado[0m
                [36m</span>[31m
              [36m</button>[31m
              [36m<button[31m
                [33mclass[31m=[32m"menu-btn menu-accounts "[31m
                [33mtype[31m=[32m"button"[31m
              [36m>[31m
                [36m<span[31m
                  [33maria-hidden[31m=[32m"true"[31m
                  [33mclass[31m=[32m"app-icon material-symbols-rounded menu-btn-icon"[31m
                [36m>[31m
                  [0maccount_balance[0m
                [36m</span>[31m
                [36m<span>[31m
                  [0mGestionar cuentas[0m
                [36m</span>[31m
              [36m</button>[31m
            [36m</div>[31m
          [36m</div>[31m
          [36m<div[31m
            [33mclass[31m=[32m"sidebar-section"[31m
          [36m>[31m
            [36m<button[31m
              [33maria-controls[31m=[32m"sidebar-cuenta"[31m
              [33maria-expanded[31m=[32m"true"[31m
              [33mclass[31m=[32m"sidebar-nav-section"[31m
              [33mtype[31m=[32m"button"[31m
            [36m>[31m
              [36m<span[31m
                [33mclass[31m=[32m"sidebar-group-title"[31m
              [36m>[31m
                [36m<span[31m
                  [33mclass[31m=[32m"sidebar-group-icon"[31m
                [36m>[31m
                  [36m<span[31m
                    [33maria-hidden[31m=[32m"true"[31m
                    [33mclass[31m=[32m"app-icon material-symbols-rounded"[31m
                  [36m>[31m
                    [0msettings[0m
                  [36m</span>[31m
                [36m</span>[31m
                [0mMi cuenta[0m
                [0m [0m
                [36m<span[31m
                  [33mclass[31m=[32m"sidebar-count"[31m
                [36m>[31m
                  [0m1[0m
                [36m</span>[31m
              [36m</span>[31m
              [36m<span[31m
                [33maria-hidden[31m=[32m"true"[31m
                [33mclass[31m=[32m"sidebar-section-arrow"[31m
              [36m>[31m
                [36m<span[31m
                  [33maria-hidden[31m=[32m"true"[31m
                  [33mclass[31m=[32m"app-icon material-symbols-rounded"[31m
                [36m>[31m
                  [0mexpand_more[0m
                [36m</span>[31m
              [36m</span>[31m
            [36m</button>[31m
            [36m<div[31m
              [33mclass[31m=[32m"sidebar-section-content "[31m
              [33mid[31m=[32m"sidebar-cuenta"[31m
            [36m>[31m
              [36m<button[31m
                [33mclass[31m=[32m"menu-btn menu-settings "[31m
                [33mtype[31m=[32m"button"[31m
              [36m>[31m
                [36m<span[31m
                  [33maria-hidden[31m=[32m"true"[31m
                  [33mclass[31m=[32m"app-icon material-symbols-rounded menu-btn-icon"[31m
                [36m>[31m
                  [0msettings[0m
                [36m</span>[31m
                [36m<span>[31m
                  [0mConfiguraci├│n[0m
                [36m</span>[31m
              [36m</button>[31m
            [36m</div>[31m
          [36m</div>[31m
        [36m</div>[31m
        [36m<div[31m
          [33mclass[31m=[32m"sidebar-footer"[31m
        [36m>[31m
          [36m<div[31m
            [33maria-hidden[31m=[32m"true"[31m
            [33mclass[31m=[32m"sidebar-user-avatar"[31m
          [36m>[31m
            [36m<span[31m
              [33maria-hidden[31m=[32m"true"[31m
              [33mclass[31m=[32m"app-icon material-symbols-rounded"[31m
            [36m>[31m
              [0mgroup[0m
            [36m</span>[31m
          [36m</div>[31m
          [36m<div[31m
            [33mclass[31m=[32m"sidebar-user-copy"[31m
          [36m>[31m
            [36m<p[31m
              [33mclass[31m=[32m"sidebar-user-name"[31m
            [36m>[31m
              [0musuario[0m
            [36m</p>[31m
            [36m<p[31m
              [33mclass[31m=[32m"sidebar-user-role"[31m
            [36m>[31m
              [0mUSUARIO[0m
            [36m</p>[31m
            [36m<p[31m
              [33mclass[31m=[32m"sidebar-user-email"[31m
              [33mtitle[31m=[32m"usuario@demo.com"[31m
            [36m>[31m
              [0musuario@demo.com[0m
            [36m</p>[31m
          [36m</div>[31m
        [36m</div>[31m
      [36m</aside>[31m
      [36m<section[31m
        [33mclass[31m=[32m"dashboard-layout"[31m
      [36m>[31m
        [36m<header[31m
          [33mclass[31m=[32m"dashboard-header"[31m
        [36m>[31m
          [36m<div[31m
            [33mclass[31m=[32m"dashboard-header-title"[31m
          [36m>[31m
            [36m<h1>[31m
              [0mDashboard de Inversiones[0m
            [36m</h1>[31m
          [36m</div>[31m
          [36m<div[31m
            [33mclass[31m=[32m"header-right"[31m
          [36m>[31m
            [36m<span[31m
              [33mclass[31m=[32m"system-status"[31m
            [36m>[31m
              [36m<span[31m
                [33maria-hidden[31m=[32m"true"[31m
                [33mclass[31m=[32m"app-icon material-symbols-rounded"[31m
              [36m>[31m
                [0mmemory[0m
              [36m</span>[31m
              [0m [0m
              [36m<span>[31m
                [0mSistema online[0m
              [36m</span>[31m
            [36m</span>[31m
            [36m<button[31m
              [33mclass[31m=[32m"secondary-btn"[31m
              [33mtype[31m=[32m"button"[31m
            [36m>[31m
              [36m<span[31m
                [33maria-hidden[31m=[32m"true"[31m
                [33mclass[31m=[32m"app-icon material-symbols-rounded"[31m
              [36m>[31m
                [0mlogout[0m
              [36m</span>[31m
              [0mCerrar sesion[0m
            [36m</button>[31m
          [36m</div>[31m
        [36m</header>[31m
        [36m<div[31m
          [33maria-labelledby[31m=[32m"tab-resumen"[31m
          [33mrole[31m=[32m"tabpanel"[31m
          [33mstyle[31m=[32m"display: block;"[31m
        [36m>[31m
          [36m<section[31m
            [33mclass[31m=[32m"dashboard-summary-toolbar"[31m
          [36m>[31m
            [36m<label[31m
              [33mclass[31m=[32m"dashboard-summary-filter-label"[31m
              [33mfor[31m=[32m"dashboard-account-filter"[31m
            [36m>[31m
              [0mFiltrar por cuenta[0m
            [36m</label>[31m
            [36m<select[31m
              [33mclass[31m=[32m"dashboard-summary-filter"[31m
              [33mid[31m=[32m"dashboard-account-filter"[31m
            [36m>[31m
              [36m<option[31m
                [33mvalue[31m=[32m"all"[31m
              [36m>[31m
                [0mTodas las cuentas[0m
              [36m</option>[31m
            [36m</select>[31m
          [36m</section>[31m
          [36m<section[31m
            [33mclass[31m=[32m"kpi-grid"[31m
          [36m>[31m
            [36m<article[31m
              [33mclass[31m=[32m"kpi-card"[31m
            [36m>[31m
              [36m<h2>[31m
                [0mGanancia del mes[0m
              [36m</h2>[31m
              [36m<p[31m
                [33mclass[31m=[32m"kpi-value"[31m
              [36m>[31m
                [0mUSD┬á0.00[0m
              [36m</p>[31m
              [36m<span[31m
                [33mclass[31m=[32m"kpi-trend positive"[31m
              [36m>[31m
                [0m0[0m
                [0m operaciones[0m
              [36m</span>[31m
            [36m</article>[31m
            [36m<article[31m
              [33mclass[31m=[32m"kpi-card"[31m
            [36m>[31m
              [36m<h2>[31m
                [0mTasa de exito[0m
              [36m</h2>[31m
              [36m<p[31m
                [33mclass[31m=[32m"kpi-value"[31m
              [36m>[31m
                [0m0.0[0m
                [0m%[0m
              [36m</p>[31m
              [36m<span[31m
                [33mclass[31m=[32m"kpi-trend neutral"[31m
              [36m>[31m
                [0mSobre operaciones cerradas[0m
              [36m</span>[31m
            [36m</article>[31m
            [36m<article[31m
              [33mclass[31m=[32m"kpi-card"[31m
            [36m>[31m
              [36m<h2>[31m
                [0mRiesgo abierto[0m
              [36m</h2>[31m
              [36m<p[31m
                [33mclass[31m=[32m"kpi-value"[31m
              [36m>[31m
                [0mUSD┬á0.00[0m
              [36m</p>[31m
              [36m<span[31m
                [33mclass[31m=[32m"kpi-trend neutral"[31m
              [36m>[31m
                [0mControlado[0m
              [36m</span>[31m
            [36m</article>[31m
          [36m</section>[31m
          [36m<section[31m
            [33mclass[31m=[32m"chart-grid"[31m
          [36m>[31m
            [36m<article[31m
              [33mclass[31m=[32m"chart-card"[31m
            [36m>[31m
              [36m<h2>[31m
                [0mEvolucion de ganancias[0m
              [36m</h2>[31m
              [36m<div[31m
                [33mclass[31m=[32m"chart-wrapper"[31m
              [36m>[31m
                [36m<div>[31m
                  [36m<div>[31m
                    [36m<div />[31m
                    [36m<div />[31m
                    [36m<div />[31m
                    [36m<div />[31m
                    [36m<div />[31m
                  [36m</div>[31m
                [36m</div>[31m
              [36m</div>[31m
            [36m</article>[31m
            [36m<article[31m
              [33mclass[31m=[32m"chart-card"[31m
            [36m>[31m
              [36m<h2>[31m
                [0mDistribucion de operaciones[0m
              [36m</h2>[31m
              [36m<div[31m
                [33mclass[31m=[32m"chart-wrapper"[31m
              [36m>[31m
                [36m<div>[31m
                  [36m<div>[31m
                    [36m<div>[31m
                      [36m<div />[31m
                      [36m<div />[31m
                      [36m<div />[31m
                    [36m</div>[31m
                    [36m<div />[31m
                    [36m<div />[31m
                  [36m</div>[31m
                [36m</div>[31m
              [36m</div>[31m
            [36m</article>[31m
          [36m</section>[31m
          [36m<section[31m
            [33mclass[31m=[32m"table-card"[31m
          [36m>[31m
            [36m<h2>[31m
              [0mOperaciones recientes[0m
            [36m</h2>[31m
            [36m<div[31m
              [33mclass[31m=[32m"table-wrapper"[31m
            [36m>[31m
              [36m<table>[31m
                [36m<thead>[31m
                  [36m<tr>[31m
                    [36m<th>[31m
                      [0mFecha[0m
                    [36m</th>[31m
                    [36m<th>[31m
                      [0mPar[0m
                    [36m</th>[31m
                    [36m<th>[31m
                      [0mTipo[0m
                    [36m</th>[31m
                    [36m<th>[31m
                      [0mResultado[0m
                    [36m</th>[31m
                    [36m<th>[31m
                      [0mEstado[0m
                    [36m</th>[31m
                  [36m</tr>[31m
                [36m</thead>[31m
                [36m<tbody>[31m
                  [36m<tr>[31m
                    [36m<td[31m
                      [33mcolspan[31m=[32m"5"[31m
                    [36m>[31m
                      [0mNo hay operaciones para el filtro seleccionado.[0m
                    [36m</td>[31m
                  [36m</tr>[31m
                [36m</tbody>[31m
              [36m</table>[31m
            [36m</div>[31m
          [36m</section>[31m
        [36m</div>[31m
        [36m<div[31m
          [33maria-labelledby[31m=[32m"tab-noticias"[31m
          [33mrole[31m=[32m"tabpanel"[31m
          [33mstyle[31m=[32m"display: none;"[31m
        [36m>[31m
          [36m<div>[31m
            [0mModulo de Noticias[0m
          [36m</div>[31m
        [36m</div>[31m
        [36m<div[31m
          [33maria-labelledby[31m=[32m"tab-entradas"[31m
          [33mrole[31m=[32m"tabpanel"[31m
          [33mstyle[31m=[32m"display: none;"[31m
        [36m>[31m
          [36m<div>[31m
            [0mModulo de Entradas[0m
          [36m</div>[31m
        [36m</div>[31m
        [36m<div[31m
          [33maria-labelledby[31m=[32m"tab-cuentas"[31m
          [33mrole[31m=[32m"tabpanel"[31m
          [33mstyle[31m=[32m"display: none;"[31m
        [36m>[31m
          [36m<div>[31m
            [0mModulo de Cuentas[0m
          [36m</div>[31m
        [36m</div>[31m
        [36m<div[31m
          [33maria-labelledby[31m=[32m"tab-usuarios"[31m
          [33mrole[31m=[32m"tabpanel"[31m
          [33mstyle[31m=[32m"display: none;"[31m
        [36m>[31m
          [36m<section[31m
            [33mclass[31m=[32m"table-card restricted-card"[31m
          [36m>[31m
            [36m<h2>[31m
              [0mGestionar usuarios[0m
            [36m</h2>[31m
            [36m<p>[31m
              [0mEsta seccion es solo para administradores. Solicita permisos de admin para gestionar usuarios.[0m
            [36m</p>[31m
          [36m</section>[31m
        [36m</div>[31m
        [36m<div[31m
          [33maria-labelledby[31m=[32m"tab-configuracion"[31m
          [33mrole[31m=[32m"tabpanel"[31m
          [33mstyle[31m=[32m"display: none;"[31m
        [36m>[31m
          [36m<div>[31m
            [0mModulo de Configuracion[0m
          [36m</div>[31m
        [36m</div>[31m
      [36m</section>[31m
    [36m</main>[31m
  [36m</div>[31m
[36m</body>[31m[39m
[31m   [31m├ù[31m DashboardPage[2m > [22mmuestra noticias cuando se selecciona la pesta├▒a de noticias[90m 119[2mms[22m[31m[39m
[31m     ÔåÆ Unable to find an accessible element with the role "button" and name `/Noticias/`

Here are the accessible roles:

  main:

  Name "":
  [36m<main[31m
    [33mclass[31m=[32m"dashboard-shell"[31m
  [36m/>[31m

  --------------------------------------------------
  complementary:

  Name "Menu lateral del dashboard":
  [36m<aside[31m
    [33maria-label[31m=[32m"Menu lateral del dashboard"[31m
    [33mclass[31m=[32m"dashboard-sidebar"[31m
  [36m/>[31m

  --------------------------------------------------
  button:

  Name "Principal 1":
  [36m<button[31m
    [33maria-controls[31m=[32m"sidebar-principal"[31m
    [33maria-expanded[31m=[32m"true"[31m
    [33mclass[31m=[32m"sidebar-nav-section"[31m
    [33mtype[31m=[32m"button"[31m
  [36m/>[31m

  Name "Resumen":
  [36m<button[31m
    [33mclass[31m=[32m"menu-btn menu-dashboard active"[31m
    [33mtype[31m=[32m"button"[31m
  [36m/>[31m

  Name "Gestion 2":
  [36m<button[31m
    [33maria-controls[31m=[32m"sidebar-gestion"[31m
    [33maria-expanded[31m=[32m"true"[31m
    [33mclass[31m=[32m"sidebar-nav-section"[31m
    [33mtype[31m=[32m"button"[31m
  [36m/>[31m

  Name "Mis noticias":
  [36m<button[31m
    [33mclass[31m=[32m"menu-btn menu-news "[31m
    [33mtype[31m=[32m"button"[31m
  [36m/>[31m

  Name "Entradas mercado":
  [36m<button[31m
    [33mclass[31m=[32m"menu-btn menu-entries "[31m
    [33mtype[31m=[32m"button"[31m
  [36m/>[31m

  Name "Gestionar cuentas":
  [36m<button[31m
    [33mclass[31m=[32m"menu-btn menu-accounts "[31m
    [33mtype[31m=[32m"button"[31m
  [36m/>[31m

  Name "Mi cuenta 1":
  [36m<button[31m
    [33maria-controls[31m=[32m"sidebar-cuenta"[31m
    [33maria-expanded[31m=[32m"true"[31m
    [33mclass[31m=[32m"sidebar-nav-section"[31m
    [33mtype[31m=[32m"button"[31m
  [36m/>[31m

  Name "Configuraci├│n":
  [36m<button[31m
    [33mclass[31m=[32m"menu-btn menu-settings "[31m
    [33mtype[31m=[32m"button"[31m
  [36m/>[31m

  Name "Cerrar sesion":
  [36m<button[31m
    [33mclass[31m=[32m"secondary-btn"[31m
    [33mtype[31m=[32m"button"[31m
  [36m/>[31m

  --------------------------------------------------
  paragraph:

  Name "":
  [36m<p[31m
    [33mclass[31m=[32m"sidebar-user-name"[31m
  [36m/>[31m

  Name "":
  [36m<p[31m
    [33mclass[31m=[32m"sidebar-user-role"[31m
  [36m/>[31m

  Name "usuario@demo.com":
  [36m<p[31m
    [33mclass[31m=[32m"sidebar-user-email"[31m
    [33mtitle[31m=[32m"usuario@demo.com"[31m
  [36m/>[31m

  Name "":
  [36m<p[31m
    [33mclass[31m=[32m"kpi-value"[31m
  [36m/>[31m

  Name "":
  [36m<p[31m
    [33mclass[31m=[32m"kpi-value"[31m
  [36m/>[31m

  Name "":
  [36m<p[31m
    [33mclass[31m=[32m"kpi-value"[31m
  [36m/>[31m

  --------------------------------------------------
  banner:

  Name "":
  [36m<header[31m
    [33mclass[31m=[32m"dashboard-header"[31m
  [36m/>[31m

  --------------------------------------------------
  heading:

  Name "Dashboard de Inversiones":
  [36m<h1 />[31m

  Name "Ganancia del mes":
  [36m<h2 />[31m

  Name "Tasa de exito":
  [36m<h2 />[31m

  Name "Riesgo abierto":
  [36m<h2 />[31m

  Name "Evolucion de ganancias":
  [36m<h2 />[31m

  Name "Distribucion de operaciones":
  [36m<h2 />[31m

  Name "Operaciones recientes":
  [36m<h2 />[31m

  --------------------------------------------------
  tabpanel:

  Name "":
  [36m<div[31m
    [33maria-labelledby[31m=[32m"tab-resumen"[31m
    [33mrole[31m=[32m"tabpanel"[31m
    [33mstyle[31m=[32m"display: block;"[31m
  [36m/>[31m

  --------------------------------------------------
  combobox:

  Name "Filtrar por cuenta":
  [36m<select[31m
    [33mclass[31m=[32m"dashboard-summary-filter"[31m
    [33mid[31m=[32m"dashboard-account-filter"[31m
  [36m/>[31m

  --------------------------------------------------
  option:

  Name "Todas las cuentas":
  [36m<option[31m
    [33mvalue[31m=[32m"all"[31m
  [36m/>[31m

  --------------------------------------------------
  article:

  Name "":
  [36m<article[31m
    [33mclass[31m=[32m"kpi-card"[31m
  [36m/>[31m

  Name "":
  [36m<article[31m
    [33mclass[31m=[32m"kpi-card"[31m
  [36m/>[31m

  Name "":
  [36m<article[31m
    [33mclass[31m=[32m"kpi-card"[31m
  [36m/>[31m

  Name "":
  [36m<article[31m
    [33mclass[31m=[32m"chart-card"[31m
  [36m/>[31m

  Name "":
  [36m<article[31m
    [33mclass[31m=[32m"chart-card"[31m
  [36m/>[31m

  --------------------------------------------------
  table:

  Name "":
  [36m<table />[31m

  --------------------------------------------------
  rowgroup:

  Name "":
  [36m<thead />[31m

  Name "":
  [36m<tbody />[31m

  --------------------------------------------------
  row:

  Name "Fecha Par Tipo Resultado Estado":
  [36m<tr />[31m

  Name "No hay operaciones para el filtro seleccionado.":
  [36m<tr />[31m

  --------------------------------------------------
  columnheader:

  Name "Fecha":
  [36m<th />[31m

  Name "Par":
  [36m<th />[31m

  Name "Tipo":
  [36m<th />[31m

  Name "Resultado":
  [36m<th />[31m

  Name "Estado":
  [36m<th />[31m

  --------------------------------------------------
  cell:

  Name "No hay operaciones para el filtro seleccionado.":
  [36m<td[31m
    [33mcolspan[31m=[32m"5"[31m
  [36m/>[31m

  --------------------------------------------------

Ignored nodes: comments, script, style
[36m<body>[31m
  [36m<div>[31m
    [36m<main[31m
      [33mclass[31m=[32m"dashboard-shell"[31m
    [36m>[31m
      [36m<aside[31m
        [33maria-label[31m=[32m"Menu lateral del dashboard"[31m
        [33mclass[31m=[32m"dashboard-sidebar"[31m
      [36m>[31m
        [36m<div[31m
          [33mclass[31m=[32m"sidebar-brand"[31m
        [36m>[31m
          [36m<span[31m
            [33maria-hidden[31m=[32m"true"[31m
            [33mclass[31m=[32m"app-icon material-symbols-rounded sidebar-brand-icon"[31m
          [36m>[31m
            [0maccount_balance_wallet[0m
          [36m</span>[31m
          [36m<span[31m
            [33mclass[31m=[32m"sidebar-brand-text"[31m
          [36m>[31m
            [0mInversiones[0m
          [36m</span>[31m
        [36m</div>[31m
        [36m<div[31m
          [33mclass[31m=[32m"sidebar-scroll"[31m
        [36m>[31m
          [36m<div[31m
            [33mclass[31m=[32m"sidebar-section"[31m
          [36m>[31m
            [36m<button[31m
              [33maria-controls[31m=[32m"sidebar-principal"[31m
              [33maria-expanded[31m=[32m"true"[31m
              [33mclass[31m=[32m"sidebar-nav-section"[31m
              [33mtype[31m=[32m"button"[31m
            [36m>[31m
              [36m<span[31m
                [33mclass[31m=[32m"sidebar-group-title"[31m
              [36m>[31m
                [36m<span[31m
                  [33mclass[31m=[32m"sidebar-group-icon"[31m
                [36m>[31m
                  [36m<span[31m
                    [33maria-hidden[31m=[32m"true"[31m
                    [33mclass[31m=[32m"app-icon material-symbols-rounded"[31m
                  [36m>[31m
                    [0mspace_dashboard[0m
                  [36m</span>[31m
                [36m</span>[31m
                [0mPrincipal[0m
                [0m [0m
                [36m<span[31m
                  [33mclass[31m=[32m"sidebar-count"[31m
                [36m>[31m
                  [0m1[0m
                [36m</span>[31m
              [36m</span>[31m
              [36m<span[31m
                [33maria-hidden[31m=[32m"true"[31m
                [33mclass[31m=[32m"sidebar-section-arrow"[31m
              [36m>[31m
                [36m<span[31m
                  [33maria-hidden[31m=[32m"true"[31m
                  [33mclass[31m=[32m"app-icon material-symbols-rounded"[31m
                [36m>[31m
                  [0mexpand_more[0m
                [36m</span>[31m
              [36m</span>[31m
            [36m</button>[31m
            [36m<div[31m
              [33mclass[31m=[32m"sidebar-section-content "[31m
              [33mid[31m=[32m"sidebar-principal"[31m
            [36m>[31m
              [36m<button[31m
                [33mclass[31m=[32m"menu-btn menu-dashboard active"[31m
                [33mtype[31m=[32m"button"[31m
              [36m>[31m
                [36m<span[31m
                  [33maria-hidden[31m=[32m"true"[31m
                  [33mclass[31m=[32m"app-icon material-symbols-rounded menu-btn-icon"[31m
                [36m>[31m
                  [0mspace_dashboard[0m
                [36m</span>[31m
                [36m<span>[31m
                  [0mResumen[0m
                [36m</span>[31m
              [36m</button>[31m
            [36m</div>[31m
          [36m</div>[31m
          [36m<div[31m
            [33mclass[31m=[32m"sidebar-section"[31m
          [36m>[31m
            [36m<button[31m
              [33maria-controls[31m=[32m"sidebar-gestion"[31m
              [33maria-expanded[31m=[32m"true"[31m
              [33mclass[31m=[32m"sidebar-nav-section"[31m
              [33mtype[31m=[32m"button"[31m
            [36m>[31m
              [36m<span[31m
                [33mclass[31m=[32m"sidebar-group-title"[31m
              [36m>[31m
                [36m<span[31m
                  [33mclass[31m=[32m"sidebar-group-icon"[31m
                [36m>[31m
                  [36m<span[31m
                    [33maria-hidden[31m=[32m"true"[31m
                    [33mclass[31m=[32m"app-icon material-symbols-rounded"[31m
                  [36m>[31m
                    [0maccount_balance[0m
                  [36m</span>[31m
                [36m</span>[31m
                [0mGestion[0m
                [0m [0m
                [36m<span[31m
                  [33mclass[31m=[32m"sidebar-count"[31m
                [36m>[31m
                  [0m2[0m
                [36m</span>[31m
              [36m</span>[31m
              [36m<span[31m
                [33maria-hidden[31m=[32m"true"[31m
                [33mclass[31m=[32m"sidebar-section-arrow"[31m
              [36m>[31m
                [36m<span[31m
                  [33maria-hidden[31m=[32m"true"[31m
                  [33mclass[31m=[32m"app-icon material-symbols-rounded"[31m
                [36m>[31m
                  [0mexpand_more[0m
                [36m</span>[31m
              [36m</span>[31m
            [36m</button>[31m
            [36m<div[31m
              [33mclass[31m=[32m"sidebar-section-content "[31m
              [33mid[31m=[32m"sidebar-gestion"[31m
            [36m>[31m
              [36m<button[31m
                [33mclass[31m=[32m"menu-btn menu-news "[31m
                [33mtype[31m=[32m"button"[31m
              [36m>[31m
                [36m<span[31m
                  [33maria-hidden[31m=[32m"true"[31m
                  [33mclass[31m=[32m"app-icon material-symbols-rounded menu-btn-icon"[31m
                [36m>[31m
                  [0marticle[0m
                [36m</span>[31m
                [36m<span>[31m
                  [0mMis noticias[0m
                [36m</span>[31m
              [36m</button>[31m
              [36m<button[31m
                [33mclass[31m=[32m"menu-btn menu-entries "[31m
                [33mtype[31m=[32m"button"[31m
              [36m>[31m
                [36m<span[31m
                  [33maria-hidden[31m=[32m"true"[31m
                  [33mclass[31m=[32m"app-icon material-symbols-rounded menu-btn-icon"[31m
                [36m>[31m
                  [0mplaylist_add_check_circle[0m
                [36m</span>[31m
                [36m<span>[31m
                  [0mEntradas mercado[0m
                [36m</span>[31m
              [36m</button>[31m
              [36m<button[31m
                [33mclass[31m=[32m"menu-btn menu-accounts "[31m
                [33mtype[31m=[32m"button"[31m
              [36m>[31m
                [36m<span[31m
                  [33maria-hidden[31m=[32m"true"[31m
                  [33mclass[31m=[32m"app-icon material-symbols-rounded menu-btn-icon"[31m
                [36m>[31m
                  [0maccount_balance[0m
                [36m</span>[31m
                [36m<span>[31m
                  [0mGestionar cuentas[0m
                [36m</span>[31m
              [36m</button>[31m
            [36m</div>[31m
          [36m</div>[31m
          [36m<div[31m
            [33mclass[31m=[32m"sidebar-section"[31m
          [36m>[31m
            [36m<button[31m
              [33maria-controls[31m=[32m"sidebar-cuenta"[31m
              [33maria-expanded[31m=[32m"true"[31m
              [33mclass[31m=[32m"sidebar-nav-section"[31m
              [33mtype[31m=[32m"button"[31m
            [36m>[31m
              [36m<span[31m
                [33mclass[31m=[32m"sidebar-group-title"[31m
              [36m>[31m
                [36m<span[31m
                  [33mclass[31m=[32m"sidebar-group-icon"[31m
                [36m>[31m
                  [36m<span[31m
                    [33maria-hidden[31m=[32m"true"[31m
                    [33mclass[31m=[32m"app-icon material-symbols-rounded"[31m
                  [36m>[31m
                    [0msettings[0m
                  [36m</span>[31m
                [36m</span>[31m
                [0mMi cuenta[0m
                [0m [0m
                [36m<span[31m
                  [33mclass[31m=[32m"sidebar-count"[31m
                [36m>[31m
                  [0m1[0m
                [36m</span>[31m
              [36m</span>[31m
              [36m<span[31m
                [33maria-hidden[31m=[32m"true"[31m
                [33mclass[31m=[32m"sidebar-section-arrow"[31m
              [36m>[31m
                [36m<span[31m
                  [33maria-hidden[31m=[32m"true"[31m
                  [33mclass[31m=[32m"app-icon material-symbols-rounded"[31m
                [36m>[31m
                  [0mexpand_more[0m
                [36m</span>[31m
              [36m</span>[31m
            [36m</button>[31m
            [36m<div[31m
              [33mclass[31m=[32m"sidebar-section-content "[31m
              [33mid[31m=[32m"sidebar-cuenta"[31m
            [36m>[31m
              [36m<button[31m
                [33mclass[31m=[32m"menu-btn menu-settings "[31m
                [33mtype[31m=[32m"button"[31m
              [36m>[31m
                [36m<span[31m
                  [33maria-hidden[31m=[32m"true"[31m
                  [33mclass[31m=[32m"app-icon material-symbols-rounded menu-btn-icon"[31m
                [36m>[31m
                  [0msettings[0m
                [36m</span>[31m
                [36m<span>[31m
                  [0mConfiguraci├│n[0m
                [36m</span>[31m
              [36m</button>[31m
            [36m</div>[31m
          [36m</div>[31m
        [36m</div>[31m
        [36m<div[31m
          [33mclass[31m=[32m"sidebar-footer"[31m
        [36m>[31m
          [36m<div[31m
            [33maria-hidden[31m=[32m"true"[31m
            [33mclass[31m=[32m"sidebar-user-avatar"[31m
          [36m>[31m
            [36m<span[31m
              [33maria-hidden[31m=[32m"true"[31m
              [33mclass[31m=[32m"app-icon material-symbols-rounded"[31m
            [36m>[31m
              [0mgroup[0m
            [36m</span>[31m
          [36m</div>[31m
          [36m<div[31m
            [33mclass[31m=[32m"sidebar-user-copy"[31m
          [36m>[31m
            [36m<p[31m
              [33mclass[31m=[32m"sidebar-user-name"[31m
            [36m>[31m
              [0musuario[0m
            [36m</p>[31m
            [36m<p[31m
              [33mclass[31m=[32m"sidebar-user-role"[31m
            [36m>[31m
              [0mSIN ROL[0m
            [36m</p>[31m
            [36m<p[31m
              [33mclass[31m=[32m"sidebar-user-email"[31m
              [33mtitle[31m=[32m"usuario@demo.com"[31m
            [36m>[31m
              [0musuario@demo.com[0m
            [36m</p>[31m
          [36m</div>[31m
        [36m</div>[31m
      [36m</aside>[31m
      [36m<section[31m
        [33mclass[31m=[32m"dashboard-layout"[31m
      [36m>[31m
        [36m<header[31m
          [33mclass[31m=[32m"dashboard-header"[31m
        [36m>[31m
          [36m<div[31m
            [33mclass[31m=[32m"dashboard-header-title"[31m
          [36m>[31m
            [36m<h1>[31m
              [0mDashboard de Inversiones[0m
            [36m</h1>[31m
          [36m</div>[31m
          [36m<div[31m
            [33mclass[31m=[32m"header-right"[31m
          [36m>[31m
            [36m<span[31m
              [33mclass[31m=[32m"system-status"[31m
            [36m>[31m
              [36m<span[31m
                [33maria-hidden[31m=[32m"true"[31m
                [33mclass[31m=[32m"app-icon material-symbols-rounded"[31m
              [36m>[31m
                [0mmemory[0m
              [36m</span>[31m
              [0m [0m
              [36m<span>[31m
                [0mSistema online[0m
              [36m</span>[31m
            [36m</span>[31m
            [36m<button[31m
              [33mclass[31m=[32m"secondary-btn"[31m
              [33mtype[31m=[32m"button"[31m
            [36m>[31m
              [36m<span[31m
                [33maria-hidden[31m=[32m"true"[31m
                [33mclass[31m=[32m"app-icon material-symbols-rounded"[31m
              [36m>[31m
                [0mlogout[0m
              [36m</span>[31m
              [0mCerrar sesion[0m
            [36m</button>[31m
          [36m</div>[31m
        [36m</header>[31m
        [36m<div[31m
          [33maria-labelledby[31m=[32m"tab-resumen"[31m
          [33mrole[31m=[32m"tabpanel"[31m
          [33mstyle[31m=[32m"display: block;"[31m
        [36m>[31m
          [36m<section[31m
            [33mclass[31m=[32m"dashboard-summary-toolbar"[31m
          [36m>[31m
            [36m<label[31m
              [33mclass[31m=[32m"dashboard-summary-filter-label"[31m
              [33mfor[31m=[32m"dashboard-account-filter"[31m
            [36m>[31m
              [0mFiltrar por cuenta[0m
            [36m</label>[31m
            [36m<select[31m
              [33mclass[31m=[32m"dashboard-summary-filter"[31m
              [33mid[31m=[32m"dashboard-account-filter"[31m
            [36m>[31m
              [36m<option[31m
                [33mvalue[31m=[32m"all"[31m
              [36m>[31m
                [0mTodas las cuentas[0m
              [36m</option>[31m
            [36m</select>[31m
          [36m</section>[31m
          [36m<section[31m
            [33mclass[31m=[32m"kpi-grid"[31m
          [36m>[31m
            [36m<article[31m
              [33mclass[31m=[32m"kpi-card"[31m
            [36m>[31m
              [36m<h2>[31m
                [0mGanancia del mes[0m
              [36m</h2>[31m
              [36m<p[31m
                [33mclass[31m=[32m"kpi-value"[31m
              [36m>[31m
                [0mUSD┬á0.00[0m
              [36m</p>[31m
              [36m<span[31m
                [33mclass[31m=[32m"kpi-trend positive"[31m
              [36m>[31m
                [0m0[0m
                [0m operaciones[0m
              [36m</span>[31m
            [36m</article>[31m
            [36m<article[31m
              [33mclass[31m=[32m"kpi-card"[31m
            [36m>[31m
              [36m<h2>[31m
                [0mTasa de exito[0m
              [36m</h2>[31m
              [36m<p[31m
                [33mclass[31m=[32m"kpi-value"[31m
              [36m>[31m
                [0m0.0[0m
                [0m%[0m
              [36m</p>[31m
              [36m<span[31m
                [33mclass[31m=[32m"kpi-trend neutral"[31m
              [36m>[31m
                [0mSobre operaciones cerradas[0m
              [36m</span>[31m
            [36m</article>[31m
            [36m<article[31m
              [33mclass[31m=[32m"kpi-card"[31m
            [36m>[31m
              [36m<h2>[31m
                [0mRiesgo abierto[0m
              [36m</h2>[31m
              [36m<p[31m
                [33mclass[31m=[32m"kpi-value"[31m
              [36m>[31m
                [0mUSD┬á0.00[0m
              [36m</p>[31m
              [36m<span[31m
                [33mclass[31m=[32m"kpi-trend neutral"[31m
              [36m>[31m
                [0mControlado[0m
              [36m</span>[31m
            [36m</article>[31m
          [36m</section>[31m
          [36m<section[31m
            [33mclass[31m=[32m"chart-grid"[31m
          [36m>[31m
            [36m<article[31m
              [33mclass[31m=[32m"chart-card"[31m
            [36m>[31m
              [36m<h2>[31m
                [0mEvolucion de ganancias[0m
              [36m</h2>[31m
              [36m<div[31m
                [33mclass[31m=[32m"chart-wrapper"[31m
              [36m>[31m
                [36m<div>[31m
                  [36m<div>[31m
                    [36m<div />[31m
                    [36m<div />[31m
                    [36m<div />[31m
                    [36m<div />[31m
                    [36m<div />[31m
                  [36m</div>[31m
                [36m</div>[31m
              [36m</div>[31m
            [36m</article>[31m
            [36m<article[31m
              [33mclass[31m=[32m"chart-card"[31m
            [36m>[31m
              [36m<h2>[31m
                [0mDistribucion de operaciones[0m
              [36m</h2>[31m
              [36m<div[31m
                [33mclass[31m=[32m"chart-wrapper"[31m
              [36m>[31m
                [36m<div>[31m
                  [36m<div>[31m
                    [36m<div>[31m
                      [36m<div />[31m
                      [36m<div />[31m
                      [36m<div />[31m
                    [36m</div>[31m
                    [36m<div />[31m
                    [36m<div />[31m
                  [36m</div>[31m
                [36m</div>[31m
              [36m</div>[31m
            [36m</article>[31m
          [36m</section>[31m
          [36m<section[31m
            [33mclass[31m=[32m"table-card"[31m
          [36m>[31m
            [36m<h2>[31m
              [0mOperaciones recientes[0m
            [36m</h2>[31m
            [36m<div[31m
              [33mclass[31m=[32m"table-wrapper"[31m
            [36m>[31m
              [36m<table>[31m
                [36m<thead>[31m
                  [36m<tr>[31m
                    [36m<th>[31m
                      [0mFecha[0m
                    [36m</th>[31m
                    [36m<th>[31m
                      [0mPar[0m
                    [36m</th>[31m
                    [36m<th>[31m
                      [0mTipo[0m
                    [36m</th>[31m
                    [36m<th>[31m
                      [0mResultado[0m
                    [36m</th>[31m
                    [36m<th>[31m
                      [0mEstado[0m
                    [36m</th>[31m
                  [36m</tr>[31m
                [36m</thead>[31m
                [36m<tbody>[31m
                  [36m<tr>[31m
                    [36m<td[31m
                      [33mcolspan[31m=[32m"5"[31m
                    [36m>[31m
                      [0mNo hay operaciones para el filtro seleccionado.[0m
                    [36m</td>[31m
                  [36m</tr>[31m
                [36m</tbody>[31m
              [36m</table>[31m
            [36m</div>[31m
          [36m</section>[31m
        [36m</div>[31m
        [36m<div[31m
          [33maria-labelledby[31m=[32m"tab-noticias"[31m
          [33mrole[31m=[32m"tabpanel"[31m
          [33mstyle[31m=[32m"display: none;"[31m
        [36m>[31m
          [36m<div>[31m
            [0mModulo de Noticias[0m
          [36m</div>[31m
        [36m</div>[31m
        [36m<div[31m
          [33maria-labelledby[31m=[32m"tab-entradas"[31m
          [33mrole[31m=[32m"tabpanel"[31m
          [33mstyle[31m=[32m"display: none;"[31m
        [36m>[31m
          [36m<div>[31m
            [0mModulo de Entradas[0m
          [36m</div>[31m
        [36m</div>[31m
        [36m<div[31m
          [33maria-labelledby[31m=[32m"tab-cuentas"[31m
          [33mrole[31m=[32m"tabpanel"[31m
          [33mstyle[31m=[32m"display: none;"[31m
        [36m>[31m
          [36m<div>[31m
            [0mModulo de Cuentas[0m
          [36m</div>[31m
        [36m</div>[31m
        [36m<div[31m
          [33maria-labelledby[31m=[32m"tab-usuarios"[31m
          [33mrole[31m=[32m"tabpanel"[31m
          [33mstyle[31m=[32m"display: none;"[31m
        [36m>[31m
          [36m<section[31m
            [33mclass[31m=[32m"table-card restricted-card"[31m
          [36m>[31m
            [36m<h2>[31m
              [0mGestionar usuarios[0m
            [36m</h2>[31m
            [36m<p>[31m
              [0mEsta seccion es solo para administradores. Solicita permisos de admin para gestionar usuarios.[0m
            [36m</p>[31m
          [36m</section>[31m
        [36m</div>[31m
        [36m<div[31m
          [33maria-labelledby[31m=[32m"tab-configuracion"[31m
          [33mrole[31m=[32m"tabpanel"[31m
          [33mstyle[31m=[32m"display: none;"[31m
        [36m>[31m
          [36m<div>[31m
            [0mModulo de Configuracion[0m
          [36m</div>[31m
        [36m</div>[31m
      [36m</section>[31m
    [36m</main>[31m
  [36m</div>[31m
[36m</body>[31m[39m

node.exe : [31mÔÄ»ÔÄ»ÔÄ»ÔÄ»ÔÄ»ÔÄ»ÔÄ»[1m[7m Failed Tests 3 
[27m[22mÔÄ»ÔÄ»ÔÄ»ÔÄ»ÔÄ»ÔÄ»ÔÄ»[39m
En línea: 1 Carácter: 1
+ & "C:\Program Files\nodejs/node.exe" "C:\Program Files\nodejs/node_mo ...
+ ~~~~~~~~~~~~~~~~~~~~~~~~~~~~~~~~~~~~~~~~~~~~~~~~~~~~~~~~~~~~~~~~~~~~~
    + CategoryInfo          : NotSpecified: ([31mÔÄ»ÔÄ»ÔÄ»Ô...»ÔÄ»ÔÄ»ÔÄ»[39m 
   :String) [], RemoteException
    + FullyQualifiedErrorId : NativeCommandError
 

[31m[1m[7m FAIL [27m[22m[39m src/pages/DashboardPage.test.tsx[2m > 
[22mDashboardPage[2m > [22mformatea moneda correctamente en los KPIs
[31m[1mTestingLibraryElementError[22m[39m: Unable to find an element with 
the text: /\$\d+,?\d*\.\d{2}/. This could be because the text is broken up by 
multiple elements. In this case, you can provide a function for your text 
matcher to make your matcher more flexible.

Ignored nodes: comments, script, style
[36m<body>[39m
  [36m<div>[39m
    [36m<main[39m
      [33mclass[39m=[32m"dashboard-shell"[39m
    [36m>[39m
      [36m<aside[39m
        [33maria-label[39m=[32m"Menu lateral del dashboard"[39m
        [33mclass[39m=[32m"dashboard-sidebar"[39m
      [36m>[39m
        [36m<div[39m
          [33mclass[39m=[32m"sidebar-brand"[39m
        [36m>[39m
          [36m<span[39m
            [33maria-hidden[39m=[32m"true"[39m
            [33mclass[39m=[32m"app-icon material-symbols-rounded 
sidebar-brand-icon"[39m
          [36m>[39m
            [0maccount_balance_wallet[0m
          [36m</span>[39m
          [36m<span[39m
            [33mclass[39m=[32m"sidebar-brand-text"[39m
          [36m>[39m
            [0mInversiones[0m
          [36m</span>[39m
        [36m</div>[39m
        [36m<div[39m
          [33mclass[39m=[32m"sidebar-scroll"[39m
        [36m>[39m
          [36m<div[39m
            [33mclass[39m=[32m"sidebar-section"[39m
          [36m>[39m
            [36m<button[39m
              [33maria-controls[39m=[32m"sidebar-principal"[39m
              [33maria-expanded[39m=[32m"true"[39m
              [33mclass[39m=[32m"sidebar-nav-section"[39m
              [33mtype[39m=[32m"button"[39m
            [36m>[39m
              [36m<span[39m
                [33mclass[39m=[32m"sidebar-group-title"[39m
              [36m>[39m
                [36m<span[39m
                  [33mclass[39m=[32m"sidebar-group-icon"[39m
                [36m>[39m
                  [36m<span[39m
                    [33maria-hidden[39m=[32m"true"[39m
                    [33mclass[39m=[32m"app-icon 
material-symbols-rounded"[39m
                  [36m>[39m
                    [0mspace_dashboard[0m
                  [36m</span>[39m
                [36m</span>[39m
                [0mPrincipal[0m
                [0m [0m
                [36m<span[39m
                  [33mclass[39m=[32m"sidebar-count"[39m
                [36m>[39m
                  [0m1[0m
                [36m</span>[39m
              [36m</span>[39m
              [36m<span[39m
                [33maria-hidden[39m=[32m"true"[39m
                [33mclass[39m=[32m"sidebar-section-arrow"[39m
              [36m>[39m
                [36m<span[39m
                  [33maria-hidden[39m=[32m"true"[39m
                  [33mclass[39m=[32m"app-icon material-symbols-rounded"[39m
                [36m>[39m
                  [0mexpand_more[0m
                [36m</span>[39m
              [36m</span>[39m
            [36m</button>[39m
            [36m<div[39m
              [33mclass[39m=[32m"sidebar-section-content "[39m
              [33mid[39m=[32m"sidebar-principal"[39m
            [36m>[39m
              [36m<button[39m
                [33mclass[39m=[32m"menu-btn menu-dashboard active"[39m
                [33mtype[39m=[32m"button"[39m
              [36m>[39m
                [36m<span[39m
                  [33maria-hidden[39m=[32m"true"[39m
                  [33mclass[39m=[32m"app-icon material-symbols-rounded 
menu-btn-icon"[39m
                [36m>[39m
                  [0mspace_dashboard[0m
                [36m</span>[39m
                [36m<span>[39m
                  [0mResumen[0m
                [36m</span>[39m
              [36m</button>[39m
            [36m</div>[39m
          [36m</div>[39m
          [36m<div[39m
            [33mclass[39m=[32m"sidebar-section"[39m
          [36m>[39m
            [36m<button[39m
              [33maria-controls[39m=[32m"sidebar-gestion"[39m
              [33maria-expanded[39m=[32m"true"[39m
              [33mclass[39m=[32m"sidebar-nav-section"[39m
              [33mtype[39m=[32m"button"[39m
            [36m>[39m
              [36m<span[39m
                [33mclass[39m=[32m"sidebar-group-title"[39m
              [36m>[39m
                [36m<span[39m
                  [33mclass[39m=[32m"sidebar-group-icon"[39m
                [36m>[39m
                  [36m<span[39m
                    [33maria-hidden[39m=[32m"true"[39m
                    [33mclass[39m=[32m"app-icon 
material-symbols-rounded"[39m
                  [36m>[39m
                    [0maccount_balance[0m
                  [36m</span>[39m
                [36m</span>[39m
                [0mGestion[0m
                [0m [0m
                [36m<span[39m
                  [33mclass[39m=[32m"sidebar-count"[39m
                [36m>[39m
                  [0m2[0m
                [36m</span>[39m
              [36m</span>[39m
              [36m<span[39m
                [33maria-hidden[39m=[32m"true"[39m
                [33mclass[39m=[32m"sidebar-section-arrow"[39m
              [36m>[39m
                [36m<span[39m
                  [33maria-hidden[39m=[32m"true"[39m
                  [33mclass[39m=[32m"app-icon material-symbols-rounded"[39m
                [36m>[39m
                  [0mexpand_more[0m
                [36m</span>[39m
              [36m</span>[39m
            [36m</button>[39m
            [36m<div[39m
              [33mclass[39m=[32m"sidebar-section-content "[39m
              [33mid[39m=[32m"sidebar-gestion"[39m
            [36m>[39m
              [36m<button[39m
                [33mclass[39m=[32m"menu-btn menu-news "[39m
                [33mtype[39m=[32m"button"[39m
              [36m>[39m
                [36m<span[39m
                  [33maria-hidden[39m=[32m"true"[39m
                  [33mclass[39m=[32m"app-icon material-symbols-rounded 
menu-btn-icon"[39m
                [36m>[39m
                  [0marticle[0m
                [36m</span>[39m
                [36m<span>[39m
                  [0mMis noticias[0m
                [36m</span>[39m
              [36m</button>[39m
              [36m<button[39m
                [33mclass[39m=[32m"menu-btn menu-entries "[39m
                [33mtype[39m=[32m"button"[39m
              [36m>[39m
                [36m<span[39m
                  [33maria-hidden[39m=[32m"true"[39m
                  [33mclass[39m=[32m"app-icon material-symbols-rounded 
menu-btn-icon"[39m
                [36m>[39m
                  [0mplaylist_add_check_circle[0m
                [36m</span>[39m
                [36m<span>[39m
                  [0mEntradas mercado[0m
                [36m</span>[39m
              [36m</button>[39m
              [36m<button[39m
                [33mclass[39m=[32m"menu-btn menu-accounts "[39m
                [33mtype[39m=[32m"button"[39m
              [36m>[39m
                [36m<span[39m
                  [33maria-hidden[39m=[32m"true"[39m
                  [33mclass[39m=[32m"app-icon material-symbols-rounded 
menu-btn-icon"[39m
                [36m>[39m
                  [0maccount_balance[0m
                [36m</span>[39m
                [36m<span>[39m
                  [0mGestionar cuentas[0m
                [36m</span>[39m
              [36m</button>[39m
            [36m</div>[39m
          [36m</div>[39m
          [36m<div[39m
            [33mclass[39m=[32m"sidebar-section"[39m
          [36m>[39m
            [36m<button[39m
              [33maria-controls[39m=[32m"sidebar-cuenta"[39m
              [33maria-expanded[39m=[32m"true"[39m
              [33mclass[39m=[32m"sidebar-nav-section"[39m
              [33mtype[39m=[32m"button"[39m
            [36m>[39m
              [36m<span[39m
                [33mclass[39m=[32m"sidebar-group-title"[39m
              [36m>[39m
                [36m<span[39m
                  [33mclass[39m=[32m"sidebar-group-icon"[39m
                [36m>[39m
                  [36m<span[39m
                    [33maria-hidden[39m=[32m"true"[39m
                    [33mclass[39m=[32m"app-icon 
material-symbols-rounded"[39m
                  [36m>[39m
                    [0msettings[0m
                  [36m</span>[39m
                [36m</span>[39m
                [0mMi cuenta[0m
                [0m [0m
                [36m<span[39m
                  [33mclass[39m=[32m"sidebar-count"[39m
                [36m>[39m
                  [0m1[0m
                [36m</span>[39m
              [36m</span>[39m
              [36m<span[39m
                [33maria-hidden[39m=[32m"true"[39m
                [33mclass[39m=[32m"sidebar-section-arrow"[39m
              [36m>[39m
                [36m<span[39m
                  [33maria-hidden[39m=[32m"true"[39m
                  [33mclass[39m=[32m"app-icon material-symbols-rounded"[39m
                [36m>[39m
                  [0mexpand_more[0m
                [36m</span>[39m
              [36m</span>[39m
            [36m</button>[39m
            [36m<div[39m
              [33mclass[39m=[32m"sidebar-section-content "[39m
              [33mid[39m=[32m"sidebar-cuenta"[39m
            [36m>[39m
              [36m<button[39m
                [33mclass[39m=[32m"menu-btn menu-settings "[39m
                [33mtype[39m=[32m"button"[39m
              [36m>[39m
                [36m<span[39m
                  [33maria-hidden[39m=[32m"true"[39m
                  [33mclass[39m=[32m"app-icon material-symbols-rounded 
menu-btn-icon"[39m
                [36m>[39m
                  [0msettings[0m
                [36m</span>[39m
                [36m<span>[39m
                  [0mConfiguraci├│n[0m
                [36m</span>[39m
              [36m</button>[39m
            [36m</div>[39m
          [36m</div>[39m
        [36m</div>[39m
        [36m<div[39m
          [33mclass[39m=[32m"sidebar-footer"[39m
        [36m>[39m
          [36m<div[39m
            [33maria-hidden[39m=[32m"true"[39m
            [33mclass[39m=[32m"sidebar-user-avatar"[39m
          [36m>[39m
            [36m<span[39m
              [33maria-hidden[39m=[32m"true"[39m
              [33mclass[39m=[32m"app-icon material-symbols-rounded"[39m
            [36m>[39m
              [0mgroup[0m
            [36m</span>[39m
          [36m</div>[39m
          [36m<div[39m
            [33mclass[39m=[32m"sidebar-user-copy"[39m
          [36m>[39m
            [36m<p[39m
              [33mclass[39m=[32m"sidebar-user-name"[39m
            [36m>[39m
              [0musuario[0m
            [36m</p>[39m
            [36m<p[39m
              [33mclass[39m=[32m"sidebar-user-role"[39m
            [36m>[39m
              [0mUSUARIO[0m
            [36m</p>[39m
            [36m<p[39m
              [33mclass[39m=[32m"sidebar-user-email"[39m
              [33mtitle[39m=[32m"usuario@demo.com"[39m
            [36m>[39m
              [0musuario@demo.com[0m
            [36m</p>[39m
          [36m</div>[39m
        [36m</div>[39m
      [36m</aside>[39m
      [36m<section[39m
        [33mclass[39m=[32m"dashboard-layout"[39m
      [36m>[39m
        [36m<header[39m
          [33mclass[39m=[32m"dashboard-header"[39m
        [36m>[39m
          [36m<div[39m
            [33mclass[39m=[32m"dashboard-header-title"[39m
          [36m>[39m
            [36m<h1>[39m
              [0mDashboard de Inversiones[0m
            [36m</h1>[39m
          [36m</div>[39m
          [36m<div[39m
            [33mclass[39m=[32m"header-right"[39m
          [36m>[39m
            [36m<span[39m
              [33mclass[39m=[32m"system-status"[39m
            [36m>[39m
              [36m<span[39m
                [33maria-hidden[39m=[32m"true"[39m
                [33mclass[39m=[32m"app-icon material-symbols-rounded"[39m
              [36m>[39m
                [0mmemory[0m
              [36m</span>[39m
              [0m [0m
              [36m<span>[39m
                [0mSistema online[0m
              [36m</span>[39m
            [36m</span>[39m
            [36m<button[39m
              [33mclass[39m=[32m"secondary-btn"[39m
              [33mtype[39m=[32m"button"[39m
            [36m>[39m
              [36m<span[39m
                [33maria-hidden[39m=[32m"true"[39m
                [33mclass[39m=[32m"app-icon material-symbols-rounded"[39m
              [36m>[39m
                [0mlogout[0m
              [36m</span>[39m
              [0mCerrar sesion[0m
            [36m</button>[39m
          [36m</div>[39m
        [36m</header>[39m
        [36m<div[39m
          [33maria-labelledby[39m=[32m"tab-resumen"[39m
          [33mrole[39m=[32m"tabpanel"[39m
          [33mstyle[39m=[32m"display: block;"[39m
        [36m>[39m
          [36m<section[39m
            [33mclass[39m=[32m"dashboard-summary-toolbar"[39m
          [36m>[39m
            [36m<label[39m
              [33mclass[39m=[32m"dashboard-summary-filter-label"[39m
              [33mfor[39m=[32m"dashboard-account-filter"[39m
            [36m>[39m
              [0mFiltrar por cuenta[0m
            [36m</label>[39m
            [36m<select[39m
              [33mclass[39m=[32m"dashboard-summary-filter"[39m
              [33mid[39m=[32m"dashboard-account-filter"[39m
            [36m>[39m
              [36m<option[39m
                [33mvalue[39m=[32m"all"[39m
              [36m>[39m
                [0mTodas las cuentas[0m
              [36m</option>[39m
            [36m</select>[39m
          [36m</section>[39m
          [36m<section[39m
            [33mclass[39m=[32m"kpi-grid"[39m
          [36m>[39m
            [36m<article[39m
              [33mclass[39m=[32m"kpi-card"[39m
            [36m>[39m
              [36m<h2>[39m
                [0mGanancia del mes[0m
              [36m</h2>[39m
              [36m<p[39m
                [33mclass[39m=[32m"kpi-value"[39m
              [36m>[39m
                [0mUSD┬á2,500.00[0m
              [36m</p>[39m
              [36m<span[39m
                [33mclass[39m=[32m"kpi-trend positive"[39m
              [36m>[39m
                [0m1[0m
                [0m operaciones[0m
              [36m</span>[39m
            [36m</article>[39m
            [36m<article[39m
              [33mclass[39m=[32m"kpi-card"[39m
            [36m>[39m
              [36m<h2>[39m
                [0mTasa de exito[0m
              [36m</h2>[39m
              [36m<p[39m
                [33mclass[39m=[32m"kpi-value"[39m
              [36m>[39m
                [0m100.0[0m
                [0m%[0m
              [36m</p>[39m
              [36m<span[39m
                [33mclass[39m=[32m"kpi-trend neutral"[39m
              [36m>[39m
                [0mSobre operaciones cerradas[0m
              [36m</span>[39m
            [36m</article>[39m
            [36m<article[39m
              [33mclass[39m=[32m"kpi-card"[39m
            [36m>[39m
              [36m<h2>[39m
                [0mRiesgo abierto[0m
              [36m</h2>[39m
              [36m<p[39m
                [33mclass[39m=[32m"kpi-value"[39m
              [36m>[39m
                [0mUSD┬á0.00[0m
              [36m</p>[39m
              [36m<span[39m
                [33mclass[39m=[32m"kpi-trend neutral"[39m
              [36m>[39m
                [0mControlado[0m
              [36m</span>[39m
            [36m</article>[39m
          [36m</section>[39m
          [36m<section[39m
            [33mclass[39m=[32m"chart-grid"[39m
          [36m>[39m
            [36m<article[39m
              [33mclass[39m=[32m"chart-card"[39m
            [36m>[39m
              [36m<h2>[39m
                [0mEvolucion de ganancias[0m
              [36m</h2>[39m
              [36m<div[39m
                [33mclass[39m=[32m"chart-wrapper"[39m
              [36m>[39m
                [36m<div>[39m
                  [36m<div>[39m
                    [36m<div />[39m
                    [36m<div />[39m
                    [36m<div />[39m
                    [36m<div />[39m
                    [36m<div />[39m
                  [36m</div>[39m
                [36m</div>[39m
              [36m</div>[39m
            [36m</article>[39m
            [36m<article[39m
              [33mclass[39m=[32m"chart-card"[39m
            [36m>[39m
              [36m<h2>[39m
                [0mDistribucion de operaciones[0m
              [36m</h2>[39m
              [36m<div[39m
                [33mclass[39m=[32m"chart-wrapper"[39m
              [36m>[39m
                [36m<div>[39m
                  [36m<div>[39m
                    [36m<div>[39m
                      [36m<div />[39m
                      [36m<div />[39m
                      [36m<div />[39m
                    [36m</div>[39m
                    [36m<div />[39m
                    [36m<div />[39m
                  [36m</div>[39m
                [36m</div>[39m
              [36m</div>[39m
            [36m</article>[39m
          [36m</section>[39m
          [36m<section[39m
            [33mclass[39m=[32m"table-card"[39m
          [36m>[39m
            [36m<h2>[39m
              [0mOperaciones recientes[0m
            [36m</h2>[39m
            [36m<div[39m
              [33mclass[39m=[32m"table-wrapper"[39m
            [36m>[39m
              [36m<table>[39m
                [36m<thead>[39m
                  [36m<tr>[39m
                    [36m<th>[39m
                      [0mFecha[0m
                    [36m</th>[39m
                    [36m<th>[39m
                      [0mPar[0m
                    [36m</th>[39m
                    [36m<th>[39m
                      [0mTipo[0m
                    [36m</th>[39m
                    [36m<th>[39m
                      [0mResultado[0m
                    [36m</th>[39m
                    [36m<th>[39m
                      [0mEstado[0m
                    [36m</th>[39m
                  [36m</tr>[39m
                [36m</thead>[39m
                [36m<tbody>[39m
                  [36m<tr>[39m
                    [36m<td>[39m
                      [0m20/6/2026[0m
                    [36m</td>[39m
                    [36m<td>[39m
                      [0mEURUSD[0m
                    [36m</td>[39m
                    [36m<td>[39m
                      [0mBUY[0m
                    [36m</td>[39m
                    [36m<td[39m
                      [33mclass[39m=[32m"positive"[39m
                    [36m>[39m
                      [0mUSD┬á2,500.00[0m
                    [36m</td>[39m
                    [36m<td>[39m
                      [0mCompletada[0m
                    [36m</td>[39m
                  [36m</tr>[39m
                [36m</tbody>[39m
              [36m</table>[39m
            [36m</div>[39m
          [36m</section>[39m
        [36m</div>[39m
        [36m<div[39m
          [33maria-labelledby[39m=[32m"tab-noticias"[39m
          [33mrole[39m=[32m"tabpanel"[39m
          [33mstyle[39m=[32m"display: none;"[39m
        [36m>[39m
          [36m<div>[39m
            [0mModulo de Noticias[0m
          [36m</div>[39m
        [36m</div>[39m
        [36m<div[39m
          [33maria-labelledby[39m=[32m"tab-entradas"[39m
          [33mrole[39m=[32m"tabpanel"[39m
          [33mstyle[39m=[32m"display: none;"[39m
        [36m>[39m
          [36m<div>[39m
            [0mModulo de Entradas[0m
          [36m</div>[39m
        [36m</div>[39m
        [36m<div[39m
          [33maria-labelledby[39m=[32m"tab-cuentas"[39m
          [33mrole[39m=[32m"tabpanel"[39m
          [33mstyle[39m=[32m"display: none;"[39m
        [36m>[39m
          [36m<div>[39m
            [0mModulo de Cuentas[0m
          [36m</div>[39m
        [36m</div>[39m
        [36m<div[39m
          [33maria-labelledby[39m=[32m"tab-usuarios"[39m
          [33mrole[39m=[32m"tabpanel"[39m
          [33mstyle[39m=[32m"display: none;"[39m
        [36m>[39m
          [36m<section[39m
            [33mclass[39m=[32m"table-card restricted-card"[39m
          [36m>[39m
            [36m<h2>[39m
              [0mGestionar usuarios[0m
            [36m</h2>[39m
            [36m<p>[39m
              [0mEsta seccion es solo para administradores. Solicita permisos 
de admin para gestionar usuarios.[0m
            [36m</p>[39m
          [36m</section>[39m
        [36m</div>[39m
        [36m<div[39m
          [33maria-labelledby[39m=[32m"tab-configuracion"[39m
          [33mrole[39m=[32m"tabpanel"[39m
          [33mstyle[39m=[32m"display: none;"[39m
        [36m>[39m
          [36m<div>[39m
            [0mModulo de Configuracion[0m
          [36m</div>[39m
        [36m</div>[39m
      [36m</section>[39m
    [36m</main>[39m
  [36m</div>[39m
[36m</body>[39m

Ignored nodes: comments, script, style
[36m<body>[39m
  [36m<div>[39m
    [36m<main[39m
      [33mclass[39m=[32m"dashboard-shell"[39m
    [36m>[39m
      [36m<aside[39m
        [33maria-label[39m=[32m"Menu lateral del dashboard"[39m
        [33mclass[39m=[32m"dashboard-sidebar"[39m
      [36m>[39m
        [36m<div[39m
          [33mclass[39m=[32m"sidebar-brand"[39m
        [36m>[39m
          [36m<span[39m
            [33maria-hidden[39m=[32m"true"[39m
            [33mclass[39m=[32m"app-icon material-symbols-rounded 
sidebar-brand-icon"[39m
          [36m>[39m
            [0maccount_balance_wallet[0m
          [36m</span>[39m
          [36m<span[39m
            [33mclass[39m=[32m"sidebar-brand-text"[39m
          [36m>[39m
            [0mInversiones[0m
          [36m</span>[39m
        [36m</div>[39m
        [36m<div[39m
          [33mclass[39m=[32m"sidebar-scroll"[39m
        [36m>[39m
          [36m<div[39m
            [33mclass[39m=[32m"sidebar-section"[39m
          [36m>[39m
            [36m<button[39m
              [33maria-controls[39m=[32m"sidebar-principal"[39m
              [33maria-expanded[39m=[32m"true"[39m
              [33mclass[39m=[32m"sidebar-nav-section"[39m
              [33mtype[39m=[32m"button"[39m
            [36m>[39m
              [36m<span[39m
                [33mclass[39m=[32m"sidebar-group-title"[39m
              [36m>[39m
                [36m<span[39m
                  [33mclass[39m=[32m"sidebar-group-icon"[39m
                [36m>[39m
                  [36m<span[39m
                    [33maria-hidden[39m=[32m"true"[39m
                    [33mclass[39m=[32m"app-icon 
material-symbols-rounded"[39m
                  [36m>[39m
                    [0mspace_dashboard[0m
                  [36m</span>[39m
                [36m</span>[39m
                [0mPrincipal[0m
                [0m [0m
                [36m<span[39m
                  [33mclass[39m=[32m"sidebar-count"[39m
                [36m>[39m
                  [0m1[0m
                [36m</span>[39m
              [36m</span>[39m
              [36m<span[39m
                [33maria-hidden[39m=[32m"true"[39m
                [33mclass[39m=[32m"sidebar-section-arrow"[39m
              [36m>[39m
                [36m<span[39m
                  [33maria-hidden[39m=[32m"true"[39m
                  [33mclass[39m=[32m"app-icon material-symbols-rounded"[39m
                [36m>[39m
                  [0mexpand_more[0m
                [36m</span>[39m
              [36m</span>[39m
            [36m</button>[39m
            [36m<div[39m
              [33mclass[39m=[32m"sidebar-section-content "[39m
              [33mid[39m=[32m"sidebar-principal"[39m
            [36m>[39m
              [36m<button[39m
                [33mclass[39m=[32m"menu-btn menu-dashboard active"[39m
                [33mtype[39m=[32m"button"[39m
              [36m>[39m
                [36m<span[39m
                  [33maria-hidden[39m=[32m"true"[39m
                  [33mclass[39m=[32m"app-icon material-symbols-rounded 
menu-btn-icon"[39m
                [36m>[39m
                  [0mspace_dashboard[0m
                [36m</span>[39m
                [36m<span>[39m
                  [0mResumen[0m
                [36m</span>[39m
              [36m</button>[39m
            [36m</div>[39m
          [36m</div>[39m
          [36m<div[39m
            [33mclass[39m=[32m"sidebar-section"[39m
          [36m>[39m
            [36m<button[39m
              [33maria-controls[39m=[32m"sidebar-gestion"[39m
              [33maria-expanded[39m=[32m"true"[39m
              [33mclass[39m=[32m"sidebar-nav-section"[39m
              [33mtype[39m=[32m"button"[39m
            [36m>[39m
              [36m<span[39m
                [33mclass[39m=[32m"sidebar-group-title"[39m
              [36m>[39m
                [36m<span[39m
                  [33mclass[39m=[32m"sidebar-group-icon"[39m
                [36m>[39m
                  [36m<span[39m
                    [33maria-hidden[39m=[32m"true"[39m
                    [33mclass[39m=[32m"app-icon 
material-symbols-rounded"[39m
                  [36m>[39m
                    [0maccount_balance[0m
                  [36m</span>[39m
                [36m</span>[39m
                [0mGestion[0m
                [0m [0m
                [36m<span[39m
                  [33mclass[39m=[32m"sidebar-count"[39m
                [36m>[39m
                  [0m2[0m
                [36m</span>[39m
              [36m</span>[39m
              [36m<span[39m
                [33maria-hidden[39m=[32m"true"[39m
                [33mclass[39m=[32m"sidebar-section-arrow"[39m
              [36m>[39m
                [36m<span[39m
                  [33maria-hidden[39m=[32m"true"[39m
                  [33mclass[39m=[32m"app-icon material-symbols-rounded"[39m
                [36m>[39m
                  [0mexpand_more[0m
                [36m</span>[39m
              [36m</span>[39m
            [36m</button>[39m
            [36m<div[39m
              [33mclass[39m=[32m"sidebar-section-content "[39m
              [33mid[39m=[32m"sidebar-gestion"[39m
            [36m>[39m
              [36m<button[39m
                [33mclass[39m=[32m"menu-btn menu-news "[39m
                [33mtype[39m=[32m"button"[39m
              [36m>[39m
                [36m<span[39m
                  [33maria-hidden[39m=[32m"true"[39m
                  [33mclass[39m=[32m"app-icon material-symbols-rounded 
menu-btn-icon"[39m
                [36m>[39m
                  [0marticle[0m
                [36m</span>[39m
                [36m<span>[39m
                  [0mMis noticias[0m
                [36m</span>[39m
              [36m</button>[39m
              [36m<button[39m
                [33mclass[39m=[32m"menu-btn menu-entries "[39m
                [33mtype[39m=[32m"button"[39m
              [36m>[39m
                [36m<span[39m
                  [33maria-hidden[39m=[32m"true"[39m
                  [33mclass[39m=[32m"app-icon material-symbols-rounded 
menu-btn-icon"[39m
                [36m>[39m
                  [0mplaylist_add_check_circle[0m
                [36m</span>[39m
                [36m<span>[39m
                  [0mEntradas mercado[0m
                [36m</span>[39m
              [36m</button>[39m
              [36m<button[39m
                [33mclass[39m=[32m"menu-btn menu-accounts "[39m
                [33mtype[39m=[32m"button"[39m
              [36m>[39m
                [36m<span[39m
                  [33maria-hidden[39m=[32m"true"[39m
                  [33mclass[39m=[32m"app-icon material-symbols-rounded 
menu-btn-icon"[39m
                [36m>[39m
                  [0maccount_balance[0m
                [36m</span>[39m
                [36m<span>[39m
                  [0mGestionar cuentas[0m
                [36m</span>[39m
              [36m</button>[39m
            [36m</div>[39m
          [36m</div>[39m
          [36m<div[39m
            [33mclass[39m=[32m"sidebar-section"[39m
          [36m>[39m
            [36m<button[39m
              [33maria-controls[39m=[32m"sidebar-cuenta"[39m
              [33maria-expanded[39m=[32m"true"[39m
              [33mclass[39m=[32m"sidebar-nav-section"[39m
              [33mtype[39m=[32m"button"[39m
            [36m>[39m
              [36m<span[39m
                [33mclass[39m=[32m"sidebar-group-title"[39m
              [36m>[39m
                [36m<span[39m
                  [33mclass[39m=[32m"sidebar-group-icon"[39m
                [36m>[39m
                  [36m<span[39m
                    [33maria-hidden[39m=[32m"true"[39m
                    [33mclass[39m=[32m"app-icon 
material-symbols-rounded"[39m
                  [36m>[39m
                    [0msettings[0m
                  [36m</span>[39m
                [36m</span>[39m
                [0mMi cuenta[0m
                [0m [0m
                [36m<span[39m
                  [33mclass[39m=[32m"sidebar-count"[39m
                [36m>[39m
                  [0m1[0m
                [36m</span>[39m
              [36m</span>[39m
              [36m<span[39m
                [33maria-hidden[39m=[32m"true"[39m
                [33mclass[39m=[32m"sidebar-section-arrow"[39m
              [36m>[39m
                [36m<span[39m
                  [33maria-hidden[39m=[32m"true"[39m
                  [33mclass[39m=[32m"app-icon material-symbols-rounded"[39m
                [36m>[39m
                  [0mexpand_more[0m
                [36m</span>[39m
              [36m</span>[39m
            [36m</button>[39m
            [36m<div[39m
              [33mclass[39m=[32m"sidebar-section-content "[39m
              [33mid[39m=[32m"sidebar-cuenta"[39m
            [36m>[39m
              [36m<button[39m
                [33mclass[39m=[32m"menu-btn menu-settings "[39m
                [33mtype[39m=[32m"button"[39m
              [36m>[39m
                [36m<span[39m
                  [33maria-hidden[39m=[32m"true"[39m
                  [33mclass[39m=[32m"app-icon material-symbols-rounded 
menu-btn-icon"[39m
                [36m>[39m
                  [0msettings[0m
                [36m</span>[39m
                [36m<span>[39m
                  [0mConfiguraci├│n[0m
                [36m</span>[39m
              [36m</button>[39m
            [36m</div>[39m
          [36m</div>[39m
        [36m</div>[39m
        [36m<div[39m
          [33mclass[39m=[32m"sidebar-footer"[39m
        [36m>[39m
          [36m<div[39m
            [33maria-hidden[39m=[32m"true"[39m
            [33mclass[39m=[32m"sidebar-user-avatar"[39m
          [36m>[39m
            [36m<span[39m
              [33maria-hidden[39m=[32m"true"[39m
              [33mclass[39m=[32m"app-icon material-symbols-rounded"[39m
            [36m>[39m
              [0mgroup[0m
            [36m</span>[39m
          [36m</div>[39m
          [36m<div[39m
            [33mclass[39m=[32m"sidebar-user-copy"[39m
          [36m>[39m
            [36m<p[39m
              [33mclass[39m=[32m"sidebar-user-name"[39m
            [36m>[39m
              [0musuario[0m
            [36m</p>[39m
            [36m<p[39m
              [33mclass[39m=[32m"sidebar-user-role"[39m
            [36m>[39m
              [0mUSUARIO[0m
            [36m</p>[39m
            [36m<p[39m
              [33mclass[39m=[32m"sidebar-user-email"[39m
              [33mtitle[39m=[32m"usuario@demo.com"[39m
            [36m>[39m
              [0musuario@demo.com[0m
            [36m</p>[39m
          [36m</div>[39m
        [36m</div>[39m
      [36m</aside>[39m
      [36m<section[39m
        [33mclass[39m=[32m"dashboard-layout"[39m
      [36m>[39m
        [36m<header[39m
          [33mclass[39m=[32m"dashboard-header"[39m
        [36m>[39m
          [36m<div[39m
            [33mclass[39m=[32m"dashboard-header-title"[39m
          [36m>[39m
            [36m<h1>[39m
              [0mDashboard de Inversiones[0m
            [36m</h1>[39m
          [36m</div>[39m
          [36m<div[39m
            [33mclass[39m=[32m"header-right"[39m
          [36m>[39m
            [36m<span[39m
              [33mclass[39m=[32m"system-status"[39m
            [36m>[39m
              [36m<span[39m
                [33maria-hidden[39m=[32m"true"[39m
                [33mclass[39m=[32m"app-icon material-symbols-rounded"[39m
              [36m>[39m
                [0mmemory[0m
              [36m</span>[39m
              [0m [0m
              [36m<span>[39m
                [0mSistema online[0m
              [36m</span>[39m
            [36m</span>[39m
            [36m<button[39m
              [33mclass[39m=[32m"secondary-btn"[39m
              [33mtype[39m=[32m"button"[39m
            [36m>[39m
              [36m<span[39m
                [33maria-hidden[39m=[32m"true"[39m
                [33mclass[39m=[32m"app-icon material-symbols-rounded"[39m
              [36m>[39m
                [0mlogout[0m
              [36m</span>[39m
              [0mCerrar sesion[0m
            [36m</button>[39m
          [36m</div>[39m
        [36m</header>[39m
        [36m<div[39m
          [33maria-labelledby[39m=[32m"tab-resumen"[39m
          [33mrole[39m=[32m"tabpanel"[39m
          [33mstyle[39m=[32m"display: block;"[39m
        [36m>[39m
          [36m<section[39m
            [33mclass[39m=[32m"dashboard-summary-toolbar"[39m
          [36m>[39m
            [36m<label[39m
              [33mclass[39m=[32m"dashboard-summary-filter-label"[39m
              [33mfor[39m=[32m"dashboard-account-filter"[39m
            [36m>[39m
              [0mFiltrar por cuenta[0m
            [36m</label>[39m
            [36m<select[39m
              [33mclass[39m=[32m"dashboard-summary-filter"[39m
              [33mid[39m=[32m"dashboard-account-filter"[39m
            [36m>[39m
              [36m<option[39m
                [33mvalue[39m=[32m"all"[39m
              [36m>[39m
                [0mTodas las cuentas[0m
              [36m</option>[39m
            [36m</select>[39m
          [36m</section>[39m
          [36m<section[39m
            [33mclass[39m=[32m"kpi-grid"[39m
          [36m>[39m
            [36m<article[39m
              [33mclass[39m=[32m"kpi-card"[39m
            [36m>[39m
              [36m<h2>[39m
                [0mGanancia del mes[0m
              [36m</h2>[39m
              [36m<p[39m
                [33mclass[39m=[32m"kpi-value"[39m
              [36m>[39m
                [0mUSD┬á2,500.00[0m
              [36m</p>[39m
              [36m<span[39m
                [33mclass[39m=[32m"kpi-trend positive"[39m
              [36m>[39m
                [0m1[0m
                [0m operaciones[0m
              [36m</span>[39m
            [36m</article>[39m
            [36m<article[39m
              [33mclass[39m=[32m"kpi-card"[39m
            [36m>[39m
              [36m<h2>[39m
                [0mTasa de exito[0m
              [36m</h2>[39m
              [36m<p[39m
                [33mclass[39m=[32m"kpi-value"[39m
              [36m>[39m
                [0m100.0[0m
                [0m%[0m
              [36m</p>[39m
              [36m<span[39m
                [33mclass[39m=[32m"kpi-trend neutral"[39m
              [36m>[39m
                [0mSobre operaciones cerradas[0m
              [36m</span>[39m
            [36m</article>[39m
            [36m<article[39m
              [33mclass[39m=[32m"kpi-card"[39m
            [36m>[39m
              [36m<h2>[39m
                [0mRiesgo abierto[0m
              [36m</h2>[39m
              [36m<p[39m
                [33mclass[39m=[32m"kpi-value"[39m
              [36m>[39m
                [0mUSD┬á0.00[0m
              [36m</p>[39m
              [36m<span[39m
                [33mclass[39m=[32m"kpi-trend neutral"[39m
              [36m>[39m
                [0mControlado[0m
              [36m</span>[39m
            [36m</article>[39m
          [36m</section>[39m
          [36m<section[39m
            [33mclass[39m=[32m"chart-grid"[39m
          [36m>[39m
            [36m<article[39m
              [33mclass[39m=[32m"chart-card"[39m
            [36m>[39m
              [36m<h2>[39m
                [0mEvolucion de ganancias[0m
              [36m</h2>[39m
              [36m<div[39m
                [33mclass[39m=[32m"chart-wrapper"[39m
              [36m>[39m
                [36m<div>[39m
                  [36m<div>[39m
                    [36m<div />[39m
                    [36m<div />[39m
                    [36m<div />[39m
                    [36m<div />[39m
                    [36m<div />[39m
                  [36m</div>[39m
                [36m</div>[39m
              [36m</div>[39m
            [36m</article>[39m
            [36m<article[39m
              [33mclass[39m=[32m"chart-card"[39m
            [36m>[39m
              [36m<h2>[39m
                [0mDistribucion de operaciones[0m
              [36m</h2>[39m
              [36m<div[39m
                [33mclass[39m=[32m"chart-wrapper"[39m
              [36m>[39m
                [36m<div>[39m
                  [36m<div>[39m
                    [36m<div>[39m
                      [36m<div />[39m
                      [36m<div />[39m
                      [36m<div />[39m
                    [36m</div>[39m
                    [36m<div />[39m
                    [36m<div />[39m
                  [36m</div>[39m
                [36m</div>[39m
              [36m</div>[39m
            [36m</article>[39m
          [36m</section>[39m
          [36m<section[39m
            [33mclass[39m=[32m"table-card"[39m
          [36m>[39m
            [36m<h2>[39m
              [0mOperaciones recientes[0m
            [36m</h2>[39m
            [36m<div[39m
              [33mclass[39m=[32m"table-wrapper"[39m
            [36m>[39m
              [36m<table>[39m
                [36m<thead>[39m
                  [36m<tr>[39m
                    [36m<th>[39m
                      [0mFecha[0m
                    [36m</th>[39m
                    [36m<th>[39m
                      [0mPar[0m
                    [36m</th>[39m
                    [36m<th>[39m
                      [0mTipo[0m
                    [36m</th>[39m
                    [36m<th>[39m
                      [0mResultado[0m
                    [36m</th>[39m
                    [36m<th>[39m
                      [0mEstado[0m
                    [36m</th>[39m
                  [36m</tr>[39m
                [36m</thead>[39m
                [36m<tbody>[39m
                  [36m<tr>[39m
                    [36m<td>[39m
                      [0m20/6/2026[0m
                    [36m</td>[39m
                    [36m<td>[39m
                      [0mEURUSD[0m
                    [36m</td>[39m
                    [36m<td>[39m
                      [0mBUY[0m
                    [36m</td>[39m
                    [36m<td[39m
                      [33mclass[39m=[32m"positive"[39m
                    [36m>[39m
                      [0mUSD┬á2,500.00[0m
                    [36m</td>[39m
                    [36m<td>[39m
                      [0mCompletada[0m
                    [36m</td>[39m
                  [36m</tr>[39m
                [36m</tbody>[39m
              [36m</table>[39m
            [36m</div>[39m
          [36m</section>[39m
        [36m</div>[39m
        [36m<div[39m
          [33maria-labelledby[39m=[32m"tab-noticias"[39m
          [33mrole[39m=[32m"tabpanel"[39m
          [33mstyle[39m=[32m"display: none;"[39m
        [36m>[39m
          [36m<div>[39m
            [0mModulo de Noticias[0m
          [36m</div>[39m
        [36m</div>[39m
        [36m<div[39m
          [33maria-labelledby[39m=[32m"tab-entradas"[39m
          [33mrole[39m=[32m"tabpanel"[39m
          [33mstyle[39m=[32m"display: none;"[39m
        [36m>[39m
          [36m<div>[39m
            [0mModulo de Entradas[0m
          [36m</div>[39m
        [36m</div>[39m
        [36m<div[39m
          [33maria-labelledby[39m=[32m"tab-cuentas"[39m
          [33mrole[39m=[32m"tabpanel"[39m
          [33mstyle[39m=[32m"display: none;"[39m
        [36m>[39m
          [36m<div>[39m
            [0mModulo de Cuentas[0m
          [36m</div>[39m
        [36m</div>[39m
        [36m<div[39m
          [33maria-labelledby[39m=[32m"tab-usuarios"[39m
          [33mrole[39m=[32m"tabpanel"[39m
          [33mstyle[39m=[32m"display: none;"[39m
        [36m>[39m
          [36m<section[39m
            [33mclass[39m=[32m"table-card restricted-card"[39m
          [36m>[39m
            [36m<h2>[39m
              [0mGestionar usuarios[0m
            [36m</h2>[39m
            [36m<p>[39m
              [0mEsta seccion es solo para administradores. Solicita permisos 
de admin para gestionar usuarios.[0m
            [36m</p>[39m
          [36m</section>[39m
        [36m</div>[39m
        [36m<div[39m
          [33maria-labelledby[39m=[32m"tab-configuracion"[39m
          [33mrole[39m=[32m"tabpanel"[39m
          [33mstyle[39m=[32m"display: none;"[39m
        [36m>[39m
          [36m<div>[39m
            [0mModulo de Configuracion[0m
          [36m</div>[39m
        [36m</div>[39m
      [36m</section>[39m
    [36m</main>[39m
  [36m</div>[39m
[36m</body>[39m
[90m [2mÔØ»[22m waitForWrapper 
node_modules/@testing-library/dom/dist/wait-for.js:[2m163:27[22m[39m
[90m [2mÔØ»[22m 
node_modules/@testing-library/dom/dist/query-helpers.js:[2m86:33[22m[39m
[36m [2mÔØ»[22m src/pages/DashboardPage.test.tsx:[2m349:25[22m[39m
    [90m347| [39m    [34mrender[39m([33m<[39m[33mDashboardPage[39m 
[33muserEmail[39m[33m=[39m[32m"usuario@demo.com"[39m 
[33monSignOut[39m[33m=[39m[33m{[39mvi[33m.[39m[34mf[39mÔÇª
    [90m348| [39m
    [90m349| [39m    [34mexpect[39m([35mawait[39m screen[33m.[39m[34mf
indByText[39m([36m/\$\d+,?\d*\.\d{2}/[39m))[33m.[39m[34mtoBeInTheDocu[39
mÔÇª
    [90m   | [39m                        [31m^[39m
    [90m350| [39m  })
    [90m351| [39m

[31m[2mÔÄ»ÔÄ»ÔÄ»ÔÄ»ÔÄ»ÔÄ»ÔÄ»ÔÄ»ÔÄ»ÔÄ»ÔÄ»ÔÄ»ÔÄ»ÔÄ»ÔÄ»ÔÄ»ÔÄ»ÔÄ»ÔÄ»ÔÄ»ÔÄ»ÔÄ»ÔÄ»Ô
Ä»[1/3]ÔÄ»[22m[39m

[31m[1m[7m FAIL [27m[22m[39m src/pages/DashboardPage.test.tsx[2m > 
[22mDashboardPage[2m > [22mcalcula ganancia cero cuando no hay operaciones
[31m[1mTestingLibraryElementError[22m[39m: Unable to find an element with 
the text: $0.00. This could be because the text is broken up by multiple 
elements. In this case, you can provide a function for your text matcher to 
make your matcher more flexible.

Ignored nodes: comments, script, style
[36m<body>[39m
  [36m<div>[39m
    [36m<main[39m
      [33mclass[39m=[32m"dashboard-shell"[39m
    [36m>[39m
      [36m<aside[39m
        [33maria-label[39m=[32m"Menu lateral del dashboard"[39m
        [33mclass[39m=[32m"dashboard-sidebar"[39m
      [36m>[39m
        [36m<div[39m
          [33mclass[39m=[32m"sidebar-brand"[39m
        [36m>[39m
          [36m<span[39m
            [33maria-hidden[39m=[32m"true"[39m
            [33mclass[39m=[32m"app-icon material-symbols-rounded 
sidebar-brand-icon"[39m
          [36m>[39m
            [0maccount_balance_wallet[0m
          [36m</span>[39m
          [36m<span[39m
            [33mclass[39m=[32m"sidebar-brand-text"[39m
          [36m>[39m
            [0mInversiones[0m
          [36m</span>[39m
        [36m</div>[39m
        [36m<div[39m
          [33mclass[39m=[32m"sidebar-scroll"[39m
        [36m>[39m
          [36m<div[39m
            [33mclass[39m=[32m"sidebar-section"[39m
          [36m>[39m
            [36m<button[39m
              [33maria-controls[39m=[32m"sidebar-principal"[39m
              [33maria-expanded[39m=[32m"true"[39m
              [33mclass[39m=[32m"sidebar-nav-section"[39m
              [33mtype[39m=[32m"button"[39m
            [36m>[39m
              [36m<span[39m
                [33mclass[39m=[32m"sidebar-group-title"[39m
              [36m>[39m
                [36m<span[39m
                  [33mclass[39m=[32m"sidebar-group-icon"[39m
                [36m>[39m
                  [36m<span[39m
                    [33maria-hidden[39m=[32m"true"[39m
                    [33mclass[39m=[32m"app-icon 
material-symbols-rounded"[39m
                  [36m>[39m
                    [0mspace_dashboard[0m
                  [36m</span>[39m
                [36m</span>[39m
                [0mPrincipal[0m
                [0m [0m
                [36m<span[39m
                  [33mclass[39m=[32m"sidebar-count"[39m
                [36m>[39m
                  [0m1[0m
                [36m</span>[39m
              [36m</span>[39m
              [36m<span[39m
                [33maria-hidden[39m=[32m"true"[39m
                [33mclass[39m=[32m"sidebar-section-arrow"[39m
              [36m>[39m
                [36m<span[39m
                  [33maria-hidden[39m=[32m"true"[39m
                  [33mclass[39m=[32m"app-icon material-symbols-rounded"[39m
                [36m>[39m
                  [0mexpand_more[0m
                [36m</span>[39m
              [36m</span>[39m
            [36m</button>[39m
            [36m<div[39m
              [33mclass[39m=[32m"sidebar-section-content "[39m
              [33mid[39m=[32m"sidebar-principal"[39m
            [36m>[39m
              [36m<button[39m
                [33mclass[39m=[32m"menu-btn menu-dashboard active"[39m
                [33mtype[39m=[32m"button"[39m
              [36m>[39m
                [36m<span[39m
                  [33maria-hidden[39m=[32m"true"[39m
                  [33mclass[39m=[32m"app-icon material-symbols-rounded 
menu-btn-icon"[39m
                [36m>[39m
                  [0mspace_dashboard[0m
                [36m</span>[39m
                [36m<span>[39m
                  [0mResumen[0m
                [36m</span>[39m
              [36m</button>[39m
            [36m</div>[39m
          [36m</div>[39m
          [36m<div[39m
            [33mclass[39m=[32m"sidebar-section"[39m
          [36m>[39m
            [36m<button[39m
              [33maria-controls[39m=[32m"sidebar-gestion"[39m
              [33maria-expanded[39m=[32m"true"[39m
              [33mclass[39m=[32m"sidebar-nav-section"[39m
              [33mtype[39m=[32m"button"[39m
            [36m>[39m
              [36m<span[39m
                [33mclass[39m=[32m"sidebar-group-title"[39m
              [36m>[39m
                [36m<span[39m
                  [33mclass[39m=[32m"sidebar-group-icon"[39m
                [36m>[39m
                  [36m<span[39m
                    [33maria-hidden[39m=[32m"true"[39m
                    [33mclass[39m=[32m"app-icon 
material-symbols-rounded"[39m
                  [36m>[39m
                    [0maccount_balance[0m
                  [36m</span>[39m
                [36m</span>[39m
                [0mGestion[0m
                [0m [0m
                [36m<span[39m
                  [33mclass[39m=[32m"sidebar-count"[39m
                [36m>[39m
                  [0m2[0m
                [36m</span>[39m
              [36m</span>[39m
              [36m<span[39m
                [33maria-hidden[39m=[32m"true"[39m
                [33mclass[39m=[32m"sidebar-section-arrow"[39m
              [36m>[39m
                [36m<span[39m
                  [33maria-hidden[39m=[32m"true"[39m
                  [33mclass[39m=[32m"app-icon material-symbols-rounded"[39m
                [36m>[39m
                  [0mexpand_more[0m
                [36m</span>[39m
              [36m</span>[39m
            [36m</button>[39m
            [36m<div[39m
              [33mclass[39m=[32m"sidebar-section-content "[39m
              [33mid[39m=[32m"sidebar-gestion"[39m
            [36m>[39m
              [36m<button[39m
                [33mclass[39m=[32m"menu-btn menu-news "[39m
                [33mtype[39m=[32m"button"[39m
              [36m>[39m
                [36m<span[39m
                  [33maria-hidden[39m=[32m"true"[39m
                  [33mclass[39m=[32m"app-icon material-symbols-rounded 
menu-btn-icon"[39m
                [36m>[39m
                  [0marticle[0m
                [36m</span>[39m
                [36m<span>[39m
                  [0mMis noticias[0m
                [36m</span>[39m
              [36m</button>[39m
              [36m<button[39m
                [33mclass[39m=[32m"menu-btn menu-entries "[39m
                [33mtype[39m=[32m"button"[39m
              [36m>[39m
                [36m<span[39m
                  [33maria-hidden[39m=[32m"true"[39m
                  [33mclass[39m=[32m"app-icon material-symbols-rounded 
menu-btn-icon"[39m
                [36m>[39m
                  [0mplaylist_add_check_circle[0m
                [36m</span>[39m
                [36m<span>[39m
                  [0mEntradas mercado[0m
                [36m</span>[39m
              [36m</button>[39m
              [36m<button[39m
                [33mclass[39m=[32m"menu-btn menu-accounts "[39m
                [33mtype[39m=[32m"button"[39m
              [36m>[39m
                [36m<span[39m
                  [33maria-hidden[39m=[32m"true"[39m
                  [33mclass[39m=[32m"app-icon material-symbols-rounded 
menu-btn-icon"[39m
                [36m>[39m
                  [0maccount_balance[0m
                [36m</span>[39m
                [36m<span>[39m
                  [0mGestionar cuentas[0m
                [36m</span>[39m
              [36m</button>[39m
            [36m</div>[39m
          [36m</div>[39m
          [36m<div[39m
            [33mclass[39m=[32m"sidebar-section"[39m
          [36m>[39m
            [36m<button[39m
              [33maria-controls[39m=[32m"sidebar-cuenta"[39m
              [33maria-expanded[39m=[32m"true"[39m
              [33mclass[39m=[32m"sidebar-nav-section"[39m
              [33mtype[39m=[32m"button"[39m
            [36m>[39m
              [36m<span[39m
                [33mclass[39m=[32m"sidebar-group-title"[39m
              [36m>[39m
                [36m<span[39m
                  [33mclass[39m=[32m"sidebar-group-icon"[39m
                [36m>[39m
                  [36m<span[39m
                    [33maria-hidden[39m=[32m"true"[39m
                    [33mclass[39m=[32m"app-icon 
material-symbols-rounded"[39m
                  [36m>[39m
                    [0msettings[0m
                  [36m</span>[39m
                [36m</span>[39m
                [0mMi cuenta[0m
                [0m [0m
                [36m<span[39m
                  [33mclass[39m=[32m"sidebar-count"[39m
                [36m>[39m
                  [0m1[0m
                [36m</span>[39m
              [36m</span>[39m
              [36m<span[39m
                [33maria-hidden[39m=[32m"true"[39m
                [33mclass[39m=[32m"sidebar-section-arrow"[39m
              [36m>[39m
                [36m<span[39m
                  [33maria-hidden[39m=[32m"true"[39m
                  [33mclass[39m=[32m"app-icon material-symbols-rounded"[39m
                [36m>[39m
                  [0mexpand_more[0m
                [36m</span>[39m
              [36m</span>[39m
            [36m</button>[39m
            [36m<div[39m
              [33mclass[39m=[32m"sidebar-section-content "[39m
              [33mid[39m=[32m"sidebar-cuenta"[39m
            [36m>[39m
              [36m<button[39m
                [33mclass[39m=[32m"menu-btn menu-settings "[39m
                [33mtype[39m=[32m"button"[39m
              [36m>[39m
                [36m<span[39m
                  [33maria-hidden[39m=[32m"true"[39m
                  [33mclass[39m=[32m"app-icon material-symbols-rounded 
menu-btn-icon"[39m
                [36m>[39m
                  [0msettings[0m
                [36m</span>[39m
                [36m<span>[39m
                  [0mConfiguraci├│n[0m
                [36m</span>[39m
              [36m</button>[39m
            [36m</div>[39m
          [36m</div>[39m
        [36m</div>[39m
        [36m<div[39m
          [33mclass[39m=[32m"sidebar-footer"[39m
        [36m>[39m
          [36m<div[39m
            [33maria-hidden[39m=[32m"true"[39m
            [33mclass[39m=[32m"sidebar-user-avatar"[39m
          [36m>[39m
            [36m<span[39m
              [33maria-hidden[39m=[32m"true"[39m
              [33mclass[39m=[32m"app-icon material-symbols-rounded"[39m
            [36m>[39m
              [0mgroup[0m
            [36m</span>[39m
          [36m</div>[39m
          [36m<div[39m
            [33mclass[39m=[32m"sidebar-user-copy"[39m
          [36m>[39m
            [36m<p[39m
              [33mclass[39m=[32m"sidebar-user-name"[39m
            [36m>[39m
              [0musuario[0m
            [36m</p>[39m
            [36m<p[39m
              [33mclass[39m=[32m"sidebar-user-role"[39m
            [36m>[39m
              [0mUSUARIO[0m
            [36m</p>[39m
            [36m<p[39m
              [33mclass[39m=[32m"sidebar-user-email"[39m
              [33mtitle[39m=[32m"usuario@demo.com"[39m
            [36m>[39m
              [0musuario@demo.com[0m
            [36m</p>[39m
          [36m</div>[39m
        [36m</div>[39m
      [36m</aside>[39m
      [36m<section[39m
        [33mclass[39m=[32m"dashboard-layout"[39m
      [36m>[39m
        [36m<header[39m
          [33mclass[39m=[32m"dashboard-header"[39m
        [36m>[39m
          [36m<div[39m
            [33mclass[39m=[32m"dashboard-header-title"[39m
          [36m>[39m
            [36m<h1>[39m
              [0mDashboard de Inversiones[0m
            [36m</h1>[39m
          [36m</div>[39m
          [36m<div[39m
            [33mclass[39m=[32m"header-right"[39m
          [36m>[39m
            [36m<span[39m
              [33mclass[39m=[32m"system-status"[39m
            [36m>[39m
              [36m<span[39m
                [33maria-hidden[39m=[32m"true"[39m
                [33mclass[39m=[32m"app-icon material-symbols-rounded"[39m
              [36m>[39m
                [0mmemory[0m
              [36m</span>[39m
              [0m [0m
              [36m<span>[39m
                [0mSistema online[0m
              [36m</span>[39m
            [36m</span>[39m
            [36m<button[39m
              [33mclass[39m=[32m"secondary-btn"[39m
              [33mtype[39m=[32m"button"[39m
            [36m>[39m
              [36m<span[39m
                [33maria-hidden[39m=[32m"true"[39m
                [33mclass[39m=[32m"app-icon material-symbols-rounded"[39m
              [36m>[39m
                [0mlogout[0m
              [36m</span>[39m
              [0mCerrar sesion[0m
            [36m</button>[39m
          [36m</div>[39m
        [36m</header>[39m
        [36m<div[39m
          [33maria-labelledby[39m=[32m"tab-resumen"[39m
          [33mrole[39m=[32m"tabpanel"[39m
          [33mstyle[39m=[32m"display: block;"[39m
        [36m>[39m
          [36m<section[39m
            [33mclass[39m=[32m"dashboard-summary-toolbar"[39m
          [36m>[39m
            [36m<label[39m
              [33mclass[39m=[32m"dashboard-summary-filter-label"[39m
              [33mfor[39m=[32m"dashboard-account-filter"[39m
            [36m>[39m
              [0mFiltrar por cuenta[0m
            [36m</label>[39m
            [36m<select[39m
              [33mclass[39m=[32m"dashboard-summary-filter"[39m
              [33mid[39m=[32m"dashboard-account-filter"[39m
            [36m>[39m
              [36m<option[39m
                [33mvalue[39m=[32m"all"[39m
              [36m>[39m
                [0mTodas las cuentas[0m
              [36m</option>[39m
            [36m</select>[39m
          [36m</section>[39m
          [36m<section[39m
            [33mclass[39m=[32m"kpi-grid"[39m
          [36m>[39m
            [36m<article[39m
              [33mclass[39m=[32m"kpi-card"[39m
            [36m>[39m
              [36m<h2>[39m
                [0mGanancia del mes[0m
              [36m</h2>[39m
              [36m<p[39m
                [33mclass[39m=[32m"kpi-value"[39m
              [36m>[39m
                [0mUSD┬á0.00[0m
              [36m</p>[39m
              [36m<span[39m
                [33mclass[39m=[32m"kpi-trend positive"[39m
              [36m>[39m
                [0m0[0m
                [0m operaciones[0m
              [36m</span>[39m
            [36m</article>[39m
            [36m<article[39m
              [33mclass[39m=[32m"kpi-card"[39m
            [36m>[39m
              [36m<h2>[39m
                [0mTasa de exito[0m
              [36m</h2>[39m
              [36m<p[39m
                [33mclass[39m=[32m"kpi-value"[39m
              [36m>[39m
                [0m0.0[0m
                [0m%[0m
              [36m</p>[39m
              [36m<span[39m
                [33mclass[39m=[32m"kpi-trend neutral"[39m
              [36m>[39m
                [0mSobre operaciones cerradas[0m
              [36m</span>[39m
            [36m</article>[39m
            [36m<article[39m
              [33mclass[39m=[32m"kpi-card"[39m
            [36m>[39m
              [36m<h2>[39m
                [0mRiesgo abierto[0m
              [36m</h2>[39m
              [36m<p[39m
                [33mclass[39m=[32m"kpi-value"[39m
              [36m>[39m
                [0mUSD┬á0.00[0m
              [36m</p>[39m
              [36m<span[39m
                [33mclass[39m=[32m"kpi-trend neutral"[39m
              [36m>[39m
                [0mControlado[0m
              [36m</span>[39m
            [36m</article>[39m
          [36m</section>[39m
          [36m<section[39m
            [33mclass[39m=[32m"chart-grid"[39m
          [36m>[39m
            [36m<article[39m
              [33mclass[39m=[32m"chart-card"[39m
            [36m>[39m
              [36m<h2>[39m
                [0mEvolucion de ganancias[0m
              [36m</h2>[39m
              [36m<div[39m
                [33mclass[39m=[32m"chart-wrapper"[39m
              [36m>[39m
                [36m<div>[39m
                  [36m<div>[39m
                    [36m<div />[39m
                    [36m<div />[39m
                    [36m<div />[39m
                    [36m<div />[39m
                    [36m<div />[39m
                  [36m</div>[39m
                [36m</div>[39m
              [36m</div>[39m
            [36m</article>[39m
            [36m<article[39m
              [33mclass[39m=[32m"chart-card"[39m
            [36m>[39m
              [36m<h2>[39m
                [0mDistribucion de operaciones[0m
              [36m</h2>[39m
              [36m<div[39m
                [33mclass[39m=[32m"chart-wrapper"[39m
              [36m>[39m
                [36m<div>[39m
                  [36m<div>[39m
                    [36m<div>[39m
                      [36m<div />[39m
                      [36m<div />[39m
                      [36m<div />[39m
                    [36m</div>[39m
                    [36m<div />[39m
                    [36m<div />[39m
                  [36m</div>[39m
                [36m</div>[39m
              [36m</div>[39m
            [36m</article>[39m
          [36m</section>[39m
          [36m<section[39m
            [33mclass[39m=[32m"table-card"[39m
          [36m>[39m
            [36m<h2>[39m
              [0mOperaciones recientes[0m
            [36m</h2>[39m
            [36m<div[39m
              [33mclass[39m=[32m"table-wrapper"[39m
            [36m>[39m
              [36m<table>[39m
                [36m<thead>[39m
                  [36m<tr>[39m
                    [36m<th>[39m
                      [0mFecha[0m
                    [36m</th>[39m
                    [36m<th>[39m
                      [0mPar[0m
                    [36m</th>[39m
                    [36m<th>[39m
                      [0mTipo[0m
                    [36m</th>[39m
                    [36m<th>[39m
                      [0mResultado[0m
                    [36m</th>[39m
                    [36m<th>[39m
                      [0mEstado[0m
                    [36m</th>[39m
                  [36m</tr>[39m
                [36m</thead>[39m
                [36m<tbody>[39m
                  [36m<tr>[39m
                    [36m<td[39m
                      [33mcolspan[39m=[32m"5"[39m
                    [36m>[39m
                      [0mNo hay operaciones para el filtro seleccionado.[0m
                    [36m</td>[39m
                  [36m</tr>[39m
                [36m</tbody>[39m
              [36m</table>[39m
            [36m</div>[39m
          [36m</section>[39m
        [36m</div>[39m
        [36m<div[39m
          [33maria-labelledby[39m=[32m"tab-noticias"[39m
          [33mrole[39m=[32m"tabpanel"[39m
          [33mstyle[39m=[32m"display: none;"[39m
        [36m>[39m
          [36m<div>[39m
            [0mModulo de Noticias[0m
          [36m</div>[39m
        [36m</div>[39m
        [36m<div[39m
          [33maria-labelledby[39m=[32m"tab-entradas"[39m
          [33mrole[39m=[32m"tabpanel"[39m
          [33mstyle[39m=[32m"display: none;"[39m
        [36m>[39m
          [36m<div>[39m
            [0mModulo de Entradas[0m
          [36m</div>[39m
        [36m</div>[39m
        [36m<div[39m
          [33maria-labelledby[39m=[32m"tab-cuentas"[39m
          [33mrole[39m=[32m"tabpanel"[39m
          [33mstyle[39m=[32m"display: none;"[39m
        [36m>[39m
          [36m<div>[39m
            [0mModulo de Cuentas[0m
          [36m</div>[39m
        [36m</div>[39m
        [36m<div[39m
          [33maria-labelledby[39m=[32m"tab-usuarios"[39m
          [33mrole[39m=[32m"tabpanel"[39m
          [33mstyle[39m=[32m"display: none;"[39m
        [36m>[39m
          [36m<section[39m
            [33mclass[39m=[32m"table-card restricted-card"[39m
          [36m>[39m
            [36m<h2>[39m
              [0mGestionar usuarios[0m
            [36m</h2>[39m
            [36m<p>[39m
              [0mEsta seccion es solo para administradores. Solicita permisos 
de admin para gestionar usuarios.[0m
            [36m</p>[39m
          [36m</section>[39m
        [36m</div>[39m
        [36m<div[39m
          [33maria-labelledby[39m=[32m"tab-configuracion"[39m
          [33mrole[39m=[32m"tabpanel"[39m
          [33mstyle[39m=[32m"display: none;"[39m
        [36m>[39m
          [36m<div>[39m
            [0mModulo de Configuracion[0m
          [36m</div>[39m
        [36m</div>[39m
      [36m</section>[39m
    [36m</main>[39m
  [36m</div>[39m
[36m</body>[39m

Ignored nodes: comments, script, style
[36m<body>[39m
  [36m<div>[39m
    [36m<main[39m
      [33mclass[39m=[32m"dashboard-shell"[39m
    [36m>[39m
      [36m<aside[39m
        [33maria-label[39m=[32m"Menu lateral del dashboard"[39m
        [33mclass[39m=[32m"dashboard-sidebar"[39m
      [36m>[39m
        [36m<div[39m
          [33mclass[39m=[32m"sidebar-brand"[39m
        [36m>[39m
          [36m<span[39m
            [33maria-hidden[39m=[32m"true"[39m
            [33mclass[39m=[32m"app-icon material-symbols-rounded 
sidebar-brand-icon"[39m
          [36m>[39m
            [0maccount_balance_wallet[0m
          [36m</span>[39m
          [36m<span[39m
            [33mclass[39m=[32m"sidebar-brand-text"[39m
          [36m>[39m
            [0mInversiones[0m
          [36m</span>[39m
        [36m</div>[39m
        [36m<div[39m
          [33mclass[39m=[32m"sidebar-scroll"[39m
        [36m>[39m
          [36m<div[39m
            [33mclass[39m=[32m"sidebar-section"[39m
          [36m>[39m
            [36m<button[39m
              [33maria-controls[39m=[32m"sidebar-principal"[39m
              [33maria-expanded[39m=[32m"true"[39m
              [33mclass[39m=[32m"sidebar-nav-section"[39m
              [33mtype[39m=[32m"button"[39m
            [36m>[39m
              [36m<span[39m
                [33mclass[39m=[32m"sidebar-group-title"[39m
              [36m>[39m
                [36m<span[39m
                  [33mclass[39m=[32m"sidebar-group-icon"[39m
                [36m>[39m
                  [36m<span[39m
                    [33maria-hidden[39m=[32m"true"[39m
                    [33mclass[39m=[32m"app-icon 
material-symbols-rounded"[39m
                  [36m>[39m
                    [0mspace_dashboard[0m
                  [36m</span>[39m
                [36m</span>[39m
                [0mPrincipal[0m
                [0m [0m
                [36m<span[39m
                  [33mclass[39m=[32m"sidebar-count"[39m
                [36m>[39m
                  [0m1[0m
                [36m</span>[39m
              [36m</span>[39m
              [36m<span[39m
                [33maria-hidden[39m=[32m"true"[39m
                [33mclass[39m=[32m"sidebar-section-arrow"[39m
              [36m>[39m
                [36m<span[39m
                  [33maria-hidden[39m=[32m"true"[39m
                  [33mclass[39m=[32m"app-icon material-symbols-rounded"[39m
                [36m>[39m
                  [0mexpand_more[0m
                [36m</span>[39m
              [36m</span>[39m
            [36m</button>[39m
            [36m<div[39m
              [33mclass[39m=[32m"sidebar-section-content "[39m
              [33mid[39m=[32m"sidebar-principal"[39m
            [36m>[39m
              [36m<button[39m
                [33mclass[39m=[32m"menu-btn menu-dashboard active"[39m
                [33mtype[39m=[32m"button"[39m
              [36m>[39m
                [36m<span[39m
                  [33maria-hidden[39m=[32m"true"[39m
                  [33mclass[39m=[32m"app-icon material-symbols-rounded 
menu-btn-icon"[39m
                [36m>[39m
                  [0mspace_dashboard[0m
                [36m</span>[39m
                [36m<span>[39m
                  [0mResumen[0m
                [36m</span>[39m
              [36m</button>[39m
            [36m</div>[39m
          [36m</div>[39m
          [36m<div[39m
            [33mclass[39m=[32m"sidebar-section"[39m
          [36m>[39m
            [36m<button[39m
              [33maria-controls[39m=[32m"sidebar-gestion"[39m
              [33maria-expanded[39m=[32m"true"[39m
              [33mclass[39m=[32m"sidebar-nav-section"[39m
              [33mtype[39m=[32m"button"[39m
            [36m>[39m
              [36m<span[39m
                [33mclass[39m=[32m"sidebar-group-title"[39m
              [36m>[39m
                [36m<span[39m
                  [33mclass[39m=[32m"sidebar-group-icon"[39m
                [36m>[39m
                  [36m<span[39m
                    [33maria-hidden[39m=[32m"true"[39m
                    [33mclass[39m=[32m"app-icon 
material-symbols-rounded"[39m
                  [36m>[39m
                    [0maccount_balance[0m
                  [36m</span>[39m
                [36m</span>[39m
                [0mGestion[0m
                [0m [0m
                [36m<span[39m
                  [33mclass[39m=[32m"sidebar-count"[39m
                [36m>[39m
                  [0m2[0m
                [36m</span>[39m
              [36m</span>[39m
              [36m<span[39m
                [33maria-hidden[39m=[32m"true"[39m
                [33mclass[39m=[32m"sidebar-section-arrow"[39m
              [36m>[39m
                [36m<span[39m
                  [33maria-hidden[39m=[32m"true"[39m
                  [33mclass[39m=[32m"app-icon material-symbols-rounded"[39m
                [36m>[39m
                  [0mexpand_more[0m
                [36m</span>[39m
              [36m</span>[39m
            [36m</button>[39m
            [36m<div[39m
              [33mclass[39m=[32m"sidebar-section-content "[39m
              [33mid[39m=[32m"sidebar-gestion"[39m
            [36m>[39m
              [36m<button[39m
                [33mclass[39m=[32m"menu-btn menu-news "[39m
                [33mtype[39m=[32m"button"[39m
              [36m>[39m
                [36m<span[39m
                  [33maria-hidden[39m=[32m"true"[39m
                  [33mclass[39m=[32m"app-icon material-symbols-rounded 
menu-btn-icon"[39m
                [36m>[39m
                  [0marticle[0m
                [36m</span>[39m
                [36m<span>[39m
                  [0mMis noticias[0m
                [36m</span>[39m
              [36m</button>[39m
              [36m<button[39m
                [33mclass[39m=[32m"menu-btn menu-entries "[39m
                [33mtype[39m=[32m"button"[39m
              [36m>[39m
                [36m<span[39m
                  [33maria-hidden[39m=[32m"true"[39m
                  [33mclass[39m=[32m"app-icon material-symbols-rounded 
menu-btn-icon"[39m
                [36m>[39m
                  [0mplaylist_add_check_circle[0m
                [36m</span>[39m
                [36m<span>[39m
                  [0mEntradas mercado[0m
                [36m</span>[39m
              [36m</button>[39m
              [36m<button[39m
                [33mclass[39m=[32m"menu-btn menu-accounts "[39m
                [33mtype[39m=[32m"button"[39m
              [36m>[39m
                [36m<span[39m
                  [33maria-hidden[39m=[32m"true"[39m
                  [33mclass[39m=[32m"app-icon material-symbols-rounded 
menu-btn-icon"[39m
                [36m>[39m
                  [0maccount_balance[0m
                [36m</span>[39m
                [36m<span>[39m
                  [0mGestionar cuentas[0m
                [36m</span>[39m
              [36m</button>[39m
            [36m</div>[39m
          [36m</div>[39m
          [36m<div[39m
            [33mclass[39m=[32m"sidebar-section"[39m
          [36m>[39m
            [36m<button[39m
              [33maria-controls[39m=[32m"sidebar-cuenta"[39m
              [33maria-expanded[39m=[32m"true"[39m
              [33mclass[39m=[32m"sidebar-nav-section"[39m
              [33mtype[39m=[32m"button"[39m
            [36m>[39m
              [36m<span[39m
                [33mclass[39m=[32m"sidebar-group-title"[39m
              [36m>[39m
                [36m<span[39m
                  [33mclass[39m=[32m"sidebar-group-icon"[39m
                [36m>[39m
                  [36m<span[39m
                    [33maria-hidden[39m=[32m"true"[39m
                    [33mclass[39m=[32m"app-icon 
material-symbols-rounded"[39m
                  [36m>[39m
                    [0msettings[0m
                  [36m</span>[39m
                [36m</span>[39m
                [0mMi cuenta[0m
                [0m [0m
                [36m<span[39m
                  [33mclass[39m=[32m"sidebar-count"[39m
                [36m>[39m
                  [0m1[0m
                [36m</span>[39m
              [36m</span>[39m
              [36m<span[39m
                [33maria-hidden[39m=[32m"true"[39m
                [33mclass[39m=[32m"sidebar-section-arrow"[39m
              [36m>[39m
                [36m<span[39m
                  [33maria-hidden[39m=[32m"true"[39m
                  [33mclass[39m=[32m"app-icon material-symbols-rounded"[39m
                [36m>[39m
                  [0mexpand_more[0m
                [36m</span>[39m
              [36m</span>[39m
            [36m</button>[39m
            [36m<div[39m
              [33mclass[39m=[32m"sidebar-section-content "[39m
              [33mid[39m=[32m"sidebar-cuenta"[39m
            [36m>[39m
              [36m<button[39m
                [33mclass[39m=[32m"menu-btn menu-settings "[39m
                [33mtype[39m=[32m"button"[39m
              [36m>[39m
                [36m<span[39m
                  [33maria-hidden[39m=[32m"true"[39m
                  [33mclass[39m=[32m"app-icon material-symbols-rounded 
menu-btn-icon"[39m
                [36m>[39m
                  [0msettings[0m
                [36m</span>[39m
                [36m<span>[39m
                  [0mConfiguraci├│n[0m
                [36m</span>[39m
              [36m</button>[39m
            [36m</div>[39m
          [36m</div>[39m
        [36m</div>[39m
        [36m<div[39m
          [33mclass[39m=[32m"sidebar-footer"[39m
        [36m>[39m
          [36m<div[39m
            [33maria-hidden[39m=[32m"true"[39m
            [33mclass[39m=[32m"sidebar-user-avatar"[39m
          [36m>[39m
            [36m<span[39m
              [33maria-hidden[39m=[32m"true"[39m
              [33mclass[39m=[32m"app-icon material-symbols-rounded"[39m
            [36m>[39m
              [0mgroup[0m
            [36m</span>[39m
          [36m</div>[39m
          [36m<div[39m
            [33mclass[39m=[32m"sidebar-user-copy"[39m
          [36m>[39m
            [36m<p[39m
              [33mclass[39m=[32m"sidebar-user-name"[39m
            [36m>[39m
              [0musuario[0m
            [36m</p>[39m
            [36m<p[39m
              [33mclass[39m=[32m"sidebar-user-role"[39m
            [36m>[39m
              [0mUSUARIO[0m
            [36m</p>[39m
            [36m<p[39m
              [33mclass[39m=[32m"sidebar-user-email"[39m
              [33mtitle[39m=[32m"usuario@demo.com"[39m
            [36m>[39m
              [0musuario@demo.com[0m
            [36m</p>[39m
          [36m</div>[39m
        [36m</div>[39m
      [36m</aside>[39m
      [36m<section[39m
        [33mclass[39m=[32m"dashboard-layout"[39m
      [36m>[39m
        [36m<header[39m
          [33mclass[39m=[32m"dashboard-header"[39m
        [36m>[39m
          [36m<div[39m
            [33mclass[39m=[32m"dashboard-header-title"[39m
          [36m>[39m
            [36m<h1>[39m
              [0mDashboard de Inversiones[0m
            [36m</h1>[39m
          [36m</div>[39m
          [36m<div[39m
            [33mclass[39m=[32m"header-right"[39m
          [36m>[39m
            [36m<span[39m
              [33mclass[39m=[32m"system-status"[39m
            [36m>[39m
              [36m<span[39m
                [33maria-hidden[39m=[32m"true"[39m
                [33mclass[39m=[32m"app-icon material-symbols-rounded"[39m
              [36m>[39m
                [0mmemory[0m
              [36m</span>[39m
              [0m [0m
              [36m<span>[39m
                [0mSistema online[0m
              [36m</span>[39m
            [36m</span>[39m
            [36m<button[39m
              [33mclass[39m=[32m"secondary-btn"[39m
              [33mtype[39m=[32m"button"[39m
            [36m>[39m
              [36m<span[39m
                [33maria-hidden[39m=[32m"true"[39m
                [33mclass[39m=[32m"app-icon material-symbols-rounded"[39m
              [36m>[39m
                [0mlogout[0m
              [36m</span>[39m
              [0mCerrar sesion[0m
            [36m</button>[39m
          [36m</div>[39m
        [36m</header>[39m
        [36m<div[39m
          [33maria-labelledby[39m=[32m"tab-resumen"[39m
          [33mrole[39m=[32m"tabpanel"[39m
          [33mstyle[39m=[32m"display: block;"[39m
        [36m>[39m
          [36m<section[39m
            [33mclass[39m=[32m"dashboard-summary-toolbar"[39m
          [36m>[39m
            [36m<label[39m
              [33mclass[39m=[32m"dashboard-summary-filter-label"[39m
              [33mfor[39m=[32m"dashboard-account-filter"[39m
            [36m>[39m
              [0mFiltrar por cuenta[0m
            [36m</label>[39m
            [36m<select[39m
              [33mclass[39m=[32m"dashboard-summary-filter"[39m
              [33mid[39m=[32m"dashboard-account-filter"[39m
            [36m>[39m
              [36m<option[39m
                [33mvalue[39m=[32m"all"[39m
              [36m>[39m
                [0mTodas las cuentas[0m
              [36m</option>[39m
            [36m</select>[39m
          [36m</section>[39m
          [36m<section[39m
            [33mclass[39m=[32m"kpi-grid"[39m
          [36m>[39m
            [36m<article[39m
              [33mclass[39m=[32m"kpi-card"[39m
            [36m>[39m
              [36m<h2>[39m
                [0mGanancia del mes[0m
              [36m</h2>[39m
              [36m<p[39m
                [33mclass[39m=[32m"kpi-value"[39m
              [36m>[39m
                [0mUSD┬á0.00[0m
              [36m</p>[39m
              [36m<span[39m
                [33mclass[39m=[32m"kpi-trend positive"[39m
              [36m>[39m
                [0m0[0m
                [0m operaciones[0m
              [36m</span>[39m
            [36m</article>[39m
            [36m<article[39m
              [33mclass[39m=[32m"kpi-card"[39m
            [36m>[39m
              [36m<h2>[39m
                [0mTasa de exito[0m
              [36m</h2>[39m
              [36m<p[39m
                [33mclass[39m=[32m"kpi-value"[39m
              [36m>[39m
                [0m0.0[0m
                [0m%[0m
              [36m</p>[39m
              [36m<span[39m
                [33mclass[39m=[32m"kpi-trend neutral"[39m
              [36m>[39m
                [0mSobre operaciones cerradas[0m
              [36m</span>[39m
            [36m</article>[39m
            [36m<article[39m
              [33mclass[39m=[32m"kpi-card"[39m
            [36m>[39m
              [36m<h2>[39m
                [0mRiesgo abierto[0m
              [36m</h2>[39m
              [36m<p[39m
                [33mclass[39m=[32m"kpi-value"[39m
              [36m>[39m
                [0mUSD┬á0.00[0m
              [36m</p>[39m
              [36m<span[39m
                [33mclass[39m=[32m"kpi-trend neutral"[39m
              [36m>[39m
                [0mControlado[0m
              [36m</span>[39m
            [36m</article>[39m
          [36m</section>[39m
          [36m<section[39m
            [33mclass[39m=[32m"chart-grid"[39m
          [36m>[39m
            [36m<article[39m
              [33mclass[39m=[32m"chart-card"[39m
            [36m>[39m
              [36m<h2>[39m
                [0mEvolucion de ganancias[0m
              [36m</h2>[39m
              [36m<div[39m
                [33mclass[39m=[32m"chart-wrapper"[39m
              [36m>[39m
                [36m<div>[39m
                  [36m<div>[39m
                    [36m<div />[39m
                    [36m<div />[39m
                    [36m<div />[39m
                    [36m<div />[39m
                    [36m<div />[39m
                  [36m</div>[39m
                [36m</div>[39m
              [36m</div>[39m
            [36m</article>[39m
            [36m<article[39m
              [33mclass[39m=[32m"chart-card"[39m
            [36m>[39m
              [36m<h2>[39m
                [0mDistribucion de operaciones[0m
              [36m</h2>[39m
              [36m<div[39m
                [33mclass[39m=[32m"chart-wrapper"[39m
              [36m>[39m
                [36m<div>[39m
                  [36m<div>[39m
                    [36m<div>[39m
                      [36m<div />[39m
                      [36m<div />[39m
                      [36m<div />[39m
                    [36m</div>[39m
                    [36m<div />[39m
                    [36m<div />[39m
                  [36m</div>[39m
                [36m</div>[39m
              [36m</div>[39m
            [36m</article>[39m
          [36m</section>[39m
          [36m<section[39m
            [33mclass[39m=[32m"table-card"[39m
          [36m>[39m
            [36m<h2>[39m
              [0mOperaciones recientes[0m
            [36m</h2>[39m
            [36m<div[39m
              [33mclass[39m=[32m"table-wrapper"[39m
            [36m>[39m
              [36m<table>[39m
                [36m<thead>[39m
                  [36m<tr>[39m
                    [36m<th>[39m
                      [0mFecha[0m
                    [36m</th>[39m
                    [36m<th>[39m
                      [0mPar[0m
                    [36m</th>[39m
                    [36m<th>[39m
                      [0mTipo[0m
                    [36m</th>[39m
                    [36m<th>[39m
                      [0mResultado[0m
                    [36m</th>[39m
                    [36m<th>[39m
                      [0mEstado[0m
                    [36m</th>[39m
                  [36m</tr>[39m
                [36m</thead>[39m
                [36m<tbody>[39m
                  [36m<tr>[39m
                    [36m<td[39m
                      [33mcolspan[39m=[32m"5"[39m
                    [36m>[39m
                      [0mNo hay operaciones para el filtro seleccionado.[0m
                    [36m</td>[39m
                  [36m</tr>[39m
                [36m</tbody>[39m
              [36m</table>[39m
            [36m</div>[39m
          [36m</section>[39m
        [36m</div>[39m
        [36m<div[39m
          [33maria-labelledby[39m=[32m"tab-noticias"[39m
          [33mrole[39m=[32m"tabpanel"[39m
          [33mstyle[39m=[32m"display: none;"[39m
        [36m>[39m
          [36m<div>[39m
            [0mModulo de Noticias[0m
          [36m</div>[39m
        [36m</div>[39m
        [36m<div[39m
          [33maria-labelledby[39m=[32m"tab-entradas"[39m
          [33mrole[39m=[32m"tabpanel"[39m
          [33mstyle[39m=[32m"display: none;"[39m
        [36m>[39m
          [36m<div>[39m
            [0mModulo de Entradas[0m
          [36m</div>[39m
        [36m</div>[39m
        [36m<div[39m
          [33maria-labelledby[39m=[32m"tab-cuentas"[39m
          [33mrole[39m=[32m"tabpanel"[39m
          [33mstyle[39m=[32m"display: none;"[39m
        [36m>[39m
          [36m<div>[39m
            [0mModulo de Cuentas[0m
          [36m</div>[39m
        [36m</div>[39m
        [36m<div[39m
          [33maria-labelledby[39m=[32m"tab-usuarios"[39m
          [33mrole[39m=[32m"tabpanel"[39m
          [33mstyle[39m=[32m"display: none;"[39m
        [36m>[39m
          [36m<section[39m
            [33mclass[39m=[32m"table-card restricted-card"[39m
          [36m>[39m
            [36m<h2>[39m
              [0mGestionar usuarios[0m
            [36m</h2>[39m
            [36m<p>[39m
              [0mEsta seccion es solo para administradores. Solicita permisos 
de admin para gestionar usuarios.[0m
            [36m</p>[39m
          [36m</section>[39m
        [36m</div>[39m
        [36m<div[39m
          [33maria-labelledby[39m=[32m"tab-configuracion"[39m
          [33mrole[39m=[32m"tabpanel"[39m
          [33mstyle[39m=[32m"display: none;"[39m
        [36m>[39m
          [36m<div>[39m
            [0mModulo de Configuracion[0m
          [36m</div>[39m
        [36m</div>[39m
      [36m</section>[39m
    [36m</main>[39m
  [36m</div>[39m
[36m</body>[39m
[90m [2mÔØ»[22m waitForWrapper 
node_modules/@testing-library/dom/dist/wait-for.js:[2m163:27[22m[39m
[90m [2mÔØ»[22m 
node_modules/@testing-library/dom/dist/query-helpers.js:[2m86:33[22m[39m
[36m [2mÔØ»[22m src/pages/DashboardPage.test.tsx:[2m405:25[22m[39m
    [90m403| [39m    [34mrender[39m([33m<[39m[33mDashboardPage[39m 
[33muserEmail[39m[33m=[39m[32m"usuario@demo.com"[39m 
[33monSignOut[39m[33m=[39m[33m{[39mvi[33m.[39m[34mf[39mÔÇª
    [90m404| [39m
    [90m405| [39m    [34mexpect[39m([35mawait[39m screen[33m.[39m[34mf
indByText[39m([32m'$0.00'[39m))[33m.[39m[34mtoBeInTheDocument[39m()
    [90m   | [39m                        [31m^[39m
    [90m406| [39m  })
    [90m407| [39m

[31m[2mÔÄ»ÔÄ»ÔÄ»ÔÄ»ÔÄ»ÔÄ»ÔÄ»ÔÄ»ÔÄ»ÔÄ»ÔÄ»ÔÄ»ÔÄ»ÔÄ»ÔÄ»ÔÄ»ÔÄ»ÔÄ»ÔÄ»ÔÄ»ÔÄ»ÔÄ»ÔÄ»Ô
Ä»[2/3]ÔÄ»[22m[39m

[31m[1m[7m FAIL [27m[22m[39m src/pages/DashboardPage.test.tsx[2m > 
[22mDashboardPage[2m > [22mmuestra noticias cuando se selecciona la 
pesta├▒a de noticias
[31m[1mTestingLibraryElementError[22m[39m: Unable to find an accessible 
element with the role "button" and name `/Noticias/`

Here are the accessible roles:

  main:

  Name "":
  [36m<main[39m
    [33mclass[39m=[32m"dashboard-shell"[39m
  [36m/>[39m

  --------------------------------------------------
  complementary:

  Name "Menu lateral del dashboard":
  [36m<aside[39m
    [33maria-label[39m=[32m"Menu lateral del dashboard"[39m
    [33mclass[39m=[32m"dashboard-sidebar"[39m
  [36m/>[39m

  --------------------------------------------------
  button:

  Name "Principal 1":
  [36m<button[39m
    [33maria-controls[39m=[32m"sidebar-principal"[39m
    [33maria-expanded[39m=[32m"true"[39m
    [33mclass[39m=[32m"sidebar-nav-section"[39m
    [33mtype[39m=[32m"button"[39m
  [36m/>[39m

  Name "Resumen":
  [36m<button[39m
    [33mclass[39m=[32m"menu-btn menu-dashboard active"[39m
    [33mtype[39m=[32m"button"[39m
  [36m/>[39m

  Name "Gestion 2":
  [36m<button[39m
    [33maria-controls[39m=[32m"sidebar-gestion"[39m
    [33maria-expanded[39m=[32m"true"[39m
    [33mclass[39m=[32m"sidebar-nav-section"[39m
    [33mtype[39m=[32m"button"[39m
  [36m/>[39m

  Name "Mis noticias":
  [36m<button[39m
    [33mclass[39m=[32m"menu-btn menu-news "[39m
    [33mtype[39m=[32m"button"[39m
  [36m/>[39m

  Name "Entradas mercado":
  [36m<button[39m
    [33mclass[39m=[32m"menu-btn menu-entries "[39m
    [33mtype[39m=[32m"button"[39m
  [36m/>[39m

  Name "Gestionar cuentas":
  [36m<button[39m
    [33mclass[39m=[32m"menu-btn menu-accounts "[39m
    [33mtype[39m=[32m"button"[39m
  [36m/>[39m

  Name "Mi cuenta 1":
  [36m<button[39m
    [33maria-controls[39m=[32m"sidebar-cuenta"[39m
    [33maria-expanded[39m=[32m"true"[39m
    [33mclass[39m=[32m"sidebar-nav-section"[39m
    [33mtype[39m=[32m"button"[39m
  [36m/>[39m

  Name "Configuraci├│n":
  [36m<button[39m
    [33mclass[39m=[32m"menu-btn menu-settings "[39m
    [33mtype[39m=[32m"button"[39m
  [36m/>[39m

  Name "Cerrar sesion":
  [36m<button[39m
    [33mclass[39m=[32m"secondary-btn"[39m
    [33mtype[39m=[32m"button"[39m
  [36m/>[39m

  --------------------------------------------------
  paragraph:

  Name "":
  [36m<p[39m
    [33mclass[39m=[32m"sidebar-user-name"[39m
  [36m/>[39m

  Name "":
  [36m<p[39m
    [33mclass[39m=[32m"sidebar-user-role"[39m
  [36m/>[39m

  Name "usuario@demo.com":
  [36m<p[39m
    [33mclass[39m=[32m"sidebar-user-email"[39m
    [33mtitle[39m=[32m"usuario@demo.com"[39m
  [36m/>[39m

  Name "":
  [36m<p[39m
    [33mclass[39m=[32m"kpi-value"[39m
  [36m/>[39m

  Name "":
  [36m<p[39m
    [33mclass[39m=[32m"kpi-value"[39m
  [36m/>[39m

  Name "":
  [36m<p[39m
    [33mclass[39m=[32m"kpi-value"[39m
  [36m/>[39m

  --------------------------------------------------
  banner:

  Name "":
  [36m<header[39m
    [33mclass[39m=[32m"dashboard-header"[39m
  [36m/>[39m

  --------------------------------------------------
  heading:

  Name "Dashboard de Inversiones":
  [36m<h1 />[39m

  Name "Ganancia del mes":
  [36m<h2 />[39m

  Name "Tasa de exito":
  [36m<h2 />[39m

  Name "Riesgo abierto":
  [36m<h2 />[39m

  Name "Evolucion de ganancias":
  [36m<h2 />[39m

  Name "Distribucion de operaciones":
  [36m<h2 />[39m

  Name "Operaciones recientes":
  [36m<h2 />[39m

  --------------------------------------------------
  tabpanel:

  Name "":
  [36m<div[39m
    [33maria-labelledby[39m=[32m"tab-resumen"[39m
    [33mrole[39m=[32m"tabpanel"[39m
    [33mstyle[39m=[32m"display: block;"[39m
  [36m/>[39m

  --------------------------------------------------
  combobox:

  Name "Filtrar por cuenta":
  [36m<select[39m
    [33mclass[39m=[32m"dashboard-summary-filter"[39m
    [33mid[39m=[32m"dashboard-account-filter"[39m
  [36m/>[39m

  --------------------------------------------------
  option:

  Name "Todas las cuentas":
  [36m<option[39m
    [33mvalue[39m=[32m"all"[39m
  [36m/>[39m

  --------------------------------------------------
  article:

  Name "":
  [36m<article[39m
    [33mclass[39m=[32m"kpi-card"[39m
  [36m/>[39m

  Name "":
  [36m<article[39m
    [33mclass[39m=[32m"kpi-card"[39m
  [36m/>[39m

  Name "":
  [36m<article[39m
    [33mclass[39m=[32m"kpi-card"[39m
  [36m/>[39m

  Name "":
  [36m<article[39m
    [33mclass[39m=[32m"chart-card"[39m
  [36m/>[39m

  Name "":
  [36m<article[39m
    [33mclass[39m=[32m"chart-card"[39m
  [36m/>[39m

  --------------------------------------------------
  table:

  Name "":
  [36m<table />[39m

  --------------------------------------------------
  rowgroup:

  Name "":
  [36m<thead />[39m

  Name "":
  [36m<tbody />[39m

  --------------------------------------------------
  row:

  Name "Fecha Par Tipo Resultado Estado":
  [36m<tr />[39m

  Name "No hay operaciones para el filtro seleccionado.":
  [36m<tr />[39m

  --------------------------------------------------
  columnheader:

  Name "Fecha":
  [36m<th />[39m

  Name "Par":
  [36m<th />[39m

  Name "Tipo":
  [36m<th />[39m

  Name "Resultado":
  [36m<th />[39m

  Name "Estado":
  [36m<th />[39m

  --------------------------------------------------
  cell:

  Name "No hay operaciones para el filtro seleccionado.":
  [36m<td[39m
    [33mcolspan[39m=[32m"5"[39m
  [36m/>[39m

  --------------------------------------------------

Ignored nodes: comments, script, style
[36m<body>[39m
  [36m<div>[39m
    [36m<main[39m
      [33mclass[39m=[32m"dashboard-shell"[39m
    [36m>[39m
      [36m<aside[39m
        [33maria-label[39m=[32m"Menu lateral del dashboard"[39m
        [33mclass[39m=[32m"dashboard-sidebar"[39m
      [36m>[39m
        [36m<div[39m
          [33mclass[39m=[32m"sidebar-brand"[39m
        [36m>[39m
          [36m<span[39m
            [33maria-hidden[39m=[32m"true"[39m
            [33mclass[39m=[32m"app-icon material-symbols-rounded 
sidebar-brand-icon"[39m
          [36m>[39m
            [0maccount_balance_wallet[0m
          [36m</span>[39m
          [36m<span[39m
            [33mclass[39m=[32m"sidebar-brand-text"[39m
          [36m>[39m
            [0mInversiones[0m
          [36m</span>[39m
        [36m</div>[39m
        [36m<div[39m
          [33mclass[39m=[32m"sidebar-scroll"[39m
        [36m>[39m
          [36m<div[39m
            [33mclass[39m=[32m"sidebar-section"[39m
          [36m>[39m
            [36m<button[39m
              [33maria-controls[39m=[32m"sidebar-principal"[39m
              [33maria-expanded[39m=[32m"true"[39m
              [33mclass[39m=[32m"sidebar-nav-section"[39m
              [33mtype[39m=[32m"button"[39m
            [36m>[39m
              [36m<span[39m
                [33mclass[39m=[32m"sidebar-group-title"[39m
              [36m>[39m
                [36m<span[39m
                  [33mclass[39m=[32m"sidebar-group-icon"[39m
                [36m>[39m
                  [36m<span[39m
                    [33maria-hidden[39m=[32m"true"[39m
                    [33mclass[39m=[32m"app-icon 
material-symbols-rounded"[39m
                  [36m>[39m
                    [0mspace_dashboard[0m
                  [36m</span>[39m
                [36m</span>[39m
                [0mPrincipal[0m
                [0m [0m
                [36m<span[39m
                  [33mclass[39m=[32m"sidebar-count"[39m
                [36m>[39m
                  [0m1[0m
                [36m</span>[39m
              [36m</span>[39m
              [36m<span[39m
                [33maria-hidden[39m=[32m"true"[39m
                [33mclass[39m=[32m"sidebar-section-arrow"[39m
              [36m>[39m
                [36m<span[39m
                  [33maria-hidden[39m=[32m"true"[39m
                  [33mclass[39m=[32m"app-icon material-symbols-rounded"[39m
                [36m>[39m
                  [0mexpand_more[0m
                [36m</span>[39m
              [36m</span>[39m
            [36m</button>[39m
            [36m<div[39m
              [33mclass[39m=[32m"sidebar-section-content "[39m
              [33mid[39m=[32m"sidebar-principal"[39m
            [36m>[39m
              [36m<button[39m
                [33mclass[39m=[32m"menu-btn menu-dashboard active"[39m
                [33mtype[39m=[32m"button"[39m
              [36m>[39m
                [36m<span[39m
                  [33maria-hidden[39m=[32m"true"[39m
                  [33mclass[39m=[32m"app-icon material-symbols-rounded 
menu-btn-icon"[39m
                [36m>[39m
                  [0mspace_dashboard[0m
                [36m</span>[39m
                [36m<span>[39m
                  [0mResumen[0m
                [36m</span>[39m
              [36m</button>[39m
            [36m</div>[39m
          [36m</div>[39m
          [36m<div[39m
            [33mclass[39m=[32m"sidebar-section"[39m
          [36m>[39m
            [36m<button[39m
              [33maria-controls[39m=[32m"sidebar-gestion"[39m
              [33maria-expanded[39m=[32m"true"[39m
              [33mclass[39m=[32m"sidebar-nav-section"[39m
              [33mtype[39m=[32m"button"[39m
            [36m>[39m
              [36m<span[39m
                [33mclass[39m=[32m"sidebar-group-title"[39m
              [36m>[39m
                [36m<span[39m
                  [33mclass[39m=[32m"sidebar-group-icon"[39m
                [36m>[39m
                  [36m<span[39m
                    [33maria-hidden[39m=[32m"true"[39m
                    [33mclass[39m=[32m"app-icon 
material-symbols-rounded"[39m
                  [36m>[39m
                    [0maccount_balance[0m
                  [36m</span>[39m
                [36m</span>[39m
                [0mGestion[0m
                [0m [0m
                [36m<span[39m
                  [33mclass[39m=[32m"sidebar-count"[39m
                [36m>[39m
                  [0m2[0m
                [36m</span>[39m
              [36m</span>[39m
              [36m<span[39m
                [33maria-hidden[39m=[32m"true"[39m
                [33mclass[39m=[32m"sidebar-section-arrow"[39m
              [36m>[39m
                [36m<span[39m
                  [33maria-hidden[39m=[32m"true"[39m
                  [33mclass[39m=[32m"app-icon material-symbols-rounded"[39m
                [36m>[39m
                  [0mexpand_more[0m
                [36m</span>[39m
              [36m</span>[39m
            [36m</button>[39m
            [36m<div[39m
              [33mclass[39m=[32m"sidebar-section-content "[39m
              [33mid[39m=[32m"sidebar-gestion"[39m
            [36m>[39m
              [36m<button[39m
                [33mclass[39m=[32m"menu-btn menu-news "[39m
                [33mtype[39m=[32m"button"[39m
              [36m>[39m
                [36m<span[39m
                  [33maria-hidden[39m=[32m"true"[39m
                  [33mclass[39m=[32m"app-icon material-symbols-rounded 
menu-btn-icon"[39m
                [36m>[39m
                  [0marticle[0m
                [36m</span>[39m
                [36m<span>[39m
                  [0mMis noticias[0m
                [36m</span>[39m
              [36m</button>[39m
              [36m<button[39m
                [33mclass[39m=[32m"menu-btn menu-entries "[39m
                [33mtype[39m=[32m"button"[39m
              [36m>[39m
                [36m<span[39m
                  [33maria-hidden[39m=[32m"true"[39m
                  [33mclass[39m=[32m"app-icon material-symbols-rounded 
menu-btn-icon"[39m
                [36m>[39m
                  [0mplaylist_add_check_circle[0m
                [36m</span>[39m
                [36m<span>[39m
                  [0mEntradas mercado[0m
                [36m</span>[39m
              [36m</button>[39m
              [36m<button[39m
                [33mclass[39m=[32m"menu-btn menu-accounts "[39m
                [33mtype[39m=[32m"button"[39m
              [36m>[39m
                [36m<span[39m
                  [33maria-hidden[39m=[32m"true"[39m
                  [33mclass[39m=[32m"app-icon material-symbols-rounded 
menu-btn-icon"[39m
                [36m>[39m
                  [0maccount_balance[0m
                [36m</span>[39m
                [36m<span>[39m
                  [0mGestionar cuentas[0m
                [36m</span>[39m
              [36m</button>[39m
            [36m</div>[39m
          [36m</div>[39m
          [36m<div[39m
            [33mclass[39m=[32m"sidebar-section"[39m
          [36m>[39m
            [36m<button[39m
              [33maria-controls[39m=[32m"sidebar-cuenta"[39m
              [33maria-expanded[39m=[32m"true"[39m
              [33mclass[39m=[32m"sidebar-nav-section"[39m
              [33mtype[39m=[32m"button"[39m
            [36m>[39m
              [36m<span[39m
                [33mclass[39m=[32m"sidebar-group-title"[39m
              [36m>[39m
                [36m<span[39m
                  [33mclass[39m=[32m"sidebar-group-icon"[39m
                [36m>[39m
                  [36m<span[39m
                    [33maria-hidden[39m=[32m"true"[39m
                    [33mclass[39m=[32m"app-icon 
material-symbols-rounded"[39m
                  [36m>[39m
                    [0msettings[0m
                  [36m</span>[39m
                [36m</span>[39m
                [0mMi cuenta[0m
                [0m [0m
                [36m<span[39m
                  [33mclass[39m=[32m"sidebar-count"[39m
                [36m>[39m
                  [0m1[0m
                [36m</span>[39m
              [36m</span>[39m
              [36m<span[39m
                [33maria-hidden[39m=[32m"true"[39m
                [33mclass[39m=[32m"sidebar-section-arrow"[39m
              [36m>[39m
                [36m<span[39m
                  [33maria-hidden[39m=[32m"true"[39m
                  [33mclass[39m=[32m"app-icon material-symbols-rounded"[39m
                [36m>[39m
                  [0mexpand_more[0m
                [36m</span>[39m
              [36m</span>[39m
            [36m</button>[39m
            [36m<div[39m
              [33mclass[39m=[32m"sidebar-section-content "[39m
              [33mid[39m=[32m"sidebar-cuenta"[39m
            [36m>[39m
              [36m<button[39m
                [33mclass[39m=[32m"menu-btn menu-settings "[39m
                [33mtype[39m=[32m"button"[39m
              [36m>[39m
                [36m<span[39m
                  [33maria-hidden[39m=[32m"true"[39m
                  [33mclass[39m=[32m"app-icon material-symbols-rounded 
menu-btn-icon"[39m
                [36m>[39m
                  [0msettings[0m
                [36m</span>[39m
                [36m<span>[39m
                  [0mConfiguraci├│n[0m
                [36m</span>[39m
              [36m</button>[39m
            [36m</div>[39m
          [36m</div>[39m
        [36m</div>[39m
        [36m<div[39m
          [33mclass[39m=[32m"sidebar-footer"[39m
        [36m>[39m
          [36m<div[39m
            [33maria-hidden[39m=[32m"true"[39m
            [33mclass[39m=[32m"sidebar-user-avatar"[39m
          [36m>[39m
            [36m<span[39m
              [33maria-hidden[39m=[32m"true"[39m
              [33mclass[39m=[32m"app-icon material-symbols-rounded"[39m
            [36m>[39m
              [0mgroup[0m
            [36m</span>[39m
          [36m</div>[39m
          [36m<div[39m
            [33mclass[39m=[32m"sidebar-user-copy"[39m
          [36m>[39m
            [36m<p[39m
              [33mclass[39m=[32m"sidebar-user-name"[39m
            [36m>[39m
              [0musuario[0m
            [36m</p>[39m
            [36m<p[39m
              [33mclass[39m=[32m"sidebar-user-role"[39m
            [36m>[39m
              [0mSIN ROL[0m
            [36m</p>[39m
            [36m<p[39m
              [33mclass[39m=[32m"sidebar-user-email"[39m
              [33mtitle[39m=[32m"usuario@demo.com"[39m
            [36m>[39m
              [0musuario@demo.com[0m
            [36m</p>[39m
          [36m</div>[39m
        [36m</div>[39m
      [36m</aside>[39m
      [36m<section[39m
        [33mclass[39m=[32m"dashboard-layout"[39m
      [36m>[39m
        [36m<header[39m
          [33mclass[39m=[32m"dashboard-header"[39m
        [36m>[39m
          [36m<div[39m
            [33mclass[39m=[32m"dashboard-header-title"[39m
          [36m>[39m
            [36m<h1>[39m
              [0mDashboard de Inversiones[0m
            [36m</h1>[39m
          [36m</div>[39m
          [36m<div[39m
            [33mclass[39m=[32m"header-right"[39m
          [36m>[39m
            [36m<span[39m
              [33mclass[39m=[32m"system-status"[39m
            [36m>[39m
              [36m<span[39m
                [33maria-hidden[39m=[32m"true"[39m
                [33mclass[39m=[32m"app-icon material-symbols-rounded"[39m
              [36m>[39m
                [0mmemory[0m
              [36m</span>[39m
              [0m [0m
              [36m<span>[39m
                [0mSistema online[0m
              [36m</span>[39m
            [36m</span>[39m
            [36m<button[39m
              [33mclass[39m=[32m"secondary-btn"[39m
              [33mtype[39m=[32m"button"[39m
            [36m>[39m
              [36m<span[39m
                [33maria-hidden[39m=[32m"true"[39m
                [33mclass[39m=[32m"app-icon material-symbols-rounded"[39m
              [36m>[39m
                [0mlogout[0m
              [36m</span>[39m
              [0mCerrar sesion[0m
            [36m</button>[39m
          [36m</div>[39m
        [36m</header>[39m
        [36m<div[39m
          [33maria-labelledby[39m=[32m"tab-resumen"[39m
          [33mrole[39m=[32m"tabpanel"[39m
          [33mstyle[39m=[32m"display: block;"[39m
        [36m>[39m
          [36m<section[39m
            [33mclass[39m=[32m"dashboard-summary-toolbar"[39m
          [36m>[39m
            [36m<label[39m
              [33mclass[39m=[32m"dashboard-summary-filter-label"[39m
              [33mfor[39m=[32m"dashboard-account-filter"[39m
            [36m>[39m
              [0mFiltrar por cuenta[0m
            [36m</label>[39m
            [36m<select[39m
              [33mclass[39m=[32m"dashboard-summary-filter"[39m
              [33mid[39m=[32m"dashboard-account-filter"[39m
            [36m>[39m
              [36m<option[39m
                [33mvalue[39m=[32m"all"[39m
              [36m>[39m
                [0mTodas las cuentas[0m
              [36m</option>[39m
            [36m</select>[39m
          [36m</section>[39m
          [36m<section[39m
            [33mclass[39m=[32m"kpi-grid"[39m
          [36m>[39m
            [36m<article[39m
              [33mclass[39m=[32m"kpi-card"[39m
            [36m>[39m
              [36m<h2>[39m
                [0mGanancia del mes[0m
              [36m</h2>[39m
              [36m<p[39m
                [33mclass[39m=[32m"kpi-value"[39m
              [36m>[39m
                [0mUSD┬á0.00[0m
              [36m</p>[39m
              [36m<span[39m
                [33mclass[39m=[32m"kpi-trend positive"[39m
              [36m>[39m
                [0m0[0m
                [0m operaciones[0m
              [36m</span>[39m
            [36m</article>[39m
            [36m<article[39m
              [33mclass[39m=[32m"kpi-card"[39m
            [36m>[39m
              [36m<h2>[39m
                [0mTasa de exito[0m
              [36m</h2>[39m
              [36m<p[39m
                [33mclass[39m=[32m"kpi-value"[39m
              [36m>[39m
                [0m0.0[0m
                [0m%[0m
              [36m</p>[39m
              [36m<span[39m
                [33mclass[39m=[32m"kpi-trend neutral"[39m
              [36m>[39m
                [0mSobre operaciones cerradas[0m
              [36m</span>[39m
            [36m</article>[39m
            [36m<article[39m
              [33mclass[39m=[32m"kpi-card"[39m
            [36m>[39m
              [36m<h2>[39m
                [0mRiesgo abierto[0m
              [36m</h2>[39m
              [36m<p[39m
                [33mclass[39m=[32m"kpi-value"[39m
              [36m>[39m
                [0mUSD┬á0.00[0m
              [36m</p>[39m
              [36m<span[39m
                [33mclass[39m=[32m"kpi-trend neutral"[39m
              [36m>[39m
                [0mControlado[0m
              [36m</span>[39m
            [36m</article>[39m
          [36m</section>[39m
          [36m<section[39m
            [33mclass[39m=[32m"chart-grid"[39m
          [36m>[39m
            [36m<article[39m
              [33mclass[39m=[32m"chart-card"[39m
            [36m>[39m
              [36m<h2>[39m
                [0mEvolucion de ganancias[0m
              [36m</h2>[39m
              [36m<div[39m
                [33mclass[39m=[32m"chart-wrapper"[39m
              [36m>[39m
                [36m<div>[39m
                  [36m<div>[39m
                    [36m<div />[39m
                    [36m<div />[39m
                    [36m<div />[39m
                    [36m<div />[39m
                    [36m<div />[39m
                  [36m</div>[39m
                [36m</div>[39m
              [36m</div>[39m
            [36m</article>[39m
            [36m<article[39m
              [33mclass[39m=[32m"chart-card"[39m
            [36m>[39m
              [36m<h2>[39m
                [0mDistribucion de operaciones[0m
              [36m</h2>[39m
              [36m<div[39m
                [33mclass[39m=[32m"chart-wrapper"[39m
              [36m>[39m
                [36m<div>[39m
                  [36m<div>[39m
                    [36m<div>[39m
                      [36m<div />[39m
                      [36m<div />[39m
                      [36m<div />[39m
                    [36m</div>[39m
                    [36m<div />[39m
                    [36m<div />[39m
                  [36m</div>[39m
                [36m</div>[39m
              [36m</div>[39m
            [36m</article>[39m
          [36m</section>[39m
          [36m<section[39m
            [33mclass[39m=[32m"table-card"[39m
          [36m>[39m
            [36m<h2>[39m
              [0mOperaciones recientes[0m
            [36m</h2>[39m
            [36m<div[39m
              [33mclass[39m=[32m"table-wrapper"[39m
            [36m>[39m
              [36m<table>[39m
                [36m<thead>[39m
                  [36m<tr>[39m
                    [36m<th>[39m
                      [0mFecha[0m
                    [36m</th>[39m
                    [36m<th>[39m
                      [0mPar[0m
                    [36m</th>[39m
                    [36m<th>[39m
[2m Test Files [22m [1m[31m1 failed[39m[22m[90m (1)[39m
[2m      Tests [22m [1m[31m3 failed[39m[22m[2m | [22m[1m[32m22 passed[39m[22m[90m (25)[39m
[2m   Start at [22m 12:41:46
[2m   Duration [22m 5.23s[2m (transform 108ms, setup 367ms, collect 111ms, tests 2.71s, environment 1.51s, prepare 169ms)[22m

                      [0mTipo[0m
                    [36m</th>[39m
                    [36m<th>[39m
                      [0mResultado[0m
                    [36m</th>[39m
                    [36m<th>[39m
                      [0mEstado[0m
                    [36m</th>[39m
                  [36m</tr>[39m
                [36m</thead>[39m
                [36m<tbody>[39m
                  [36m<tr>[39m
                    [36m<td[39m
                      [33mcolspan[39m=[32m"5"[39m
                    [36m>[39m
                      [0mNo hay operaciones para el filtro seleccionado.[0m
                    [36m</td>[39m
                  [36m</tr>[39m
                [36m</tbody>[39m
              [36m</table>[39m
            [36m</div>[39m
          [36m</section>[39m
        [36m</div>[39m
        [36m<div[39m
          [33maria-labelledby[39m=[32m"tab-noticias"[39m
          [33mrole[39m=[32m"tabpanel"[39m
          [33mstyle[39m=[32m"display: none;"[39m
        [36m>[39m
          [36m<div>[39m
            [0mModulo de Noticias[0m
          [36m</div>[39m
        [36m</div>[39m
        [36m<div[39m
          [33maria-labelledby[39m=[32m"tab-entradas"[39m
          [33mrole[39m=[32m"tabpanel"[39m
          [33mstyle[39m=[32m"display: none;"[39m
        [36m>[39m
          [36m<div>[39m
            [0mModulo de Entradas[0m
          [36m</div>[39m
        [36m</div>[39m
        [36m<div[39m
          [33maria-labelledby[39m=[32m"tab-cuentas"[39m
          [33mrole[39m=[32m"tabpanel"[39m
          [33mstyle[39m=[32m"display: none;"[39m
        [36m>[39m
          [36m<div>[39m
            [0mModulo de Cuentas[0m
          [36m</div>[39m
        [36m</div>[39m
        [36m<div[39m
          [33maria-labelledby[39m=[32m"tab-usuarios"[39m
          [33mrole[39m=[32m"tabpanel"[39m
          [33mstyle[39m=[32m"display: none;"[39m
        [36m>[39m
          [36m<section[39m
            [33mclass[39m=[32m"table-card restricted-card"[39m
          [36m>[39m
            [36m<h2>[39m
              [0mGestionar usuarios[0m
            [36m</h2>[39m
            [36m<p>[39m
              [0mEsta seccion es solo para administradores. Solicita permisos 
de admin para gestionar usuarios.[0m
            [36m</p>[39m
          [36m</section>[39m
        [36m</div>[39m
        [36m<div[39m
          [33maria-labelledby[39m=[32m"tab-configuracion"[39m
          [33mrole[39m=[32m"tabpanel"[39m
          [33mstyle[39m=[32m"display: none;"[39m
        [36m>[39m
          [36m<div>[39m
            [0mModulo de Configuracion[0m
          [36m</div>[39m
        [36m</div>[39m
      [36m</section>[39m
    [36m</main>[39m
  [36m</div>[39m
[36m</body>[39m
[90m [2mÔØ»[22m Object.getElementError 
node_modules/@testing-library/dom/dist/config.js:[2m37:19[22m[39m
[90m [2mÔØ»[22m 
node_modules/@testing-library/dom/dist/query-helpers.js:[2m76:38[22m[39m
[90m [2mÔØ»[22m 
node_modules/@testing-library/dom/dist/query-helpers.js:[2m52:17[22m[39m
[90m [2mÔØ»[22m 
node_modules/@testing-library/dom/dist/query-helpers.js:[2m95:19[22m[39m
[36m [2mÔØ»[22m src/pages/DashboardPage.test.tsx:[2m682:28[22m[39m
    [90m680| [39m    [34mrender[39m([33m<[39m[33mDashboardPage[39m 
[33muserEmail[39m[33m=[39m[32m"usuario@demo.com"[39m 
[33monSignOut[39m[33m=[39m[33m{[39mvi[33m.[39m[34mf[39mÔÇª
    [90m681| [39m
    [90m682| [39m    fireEvent[33m.[39m[34mclick[39m(screen[33m.[39m[3
4mgetByRole[39m([32m'button'[39m[33m,[39m { name[33m:[39m 
[36m/Noticias/[39m }))
    [90m   | [39m                           [31m^[39m
    [90m683| [39m
    [90m684| [39m    [34mexpect[39m([35mawait[39m 
screen[33m.[39m[34mfindByText[39m([32m'Modulo de 
Noticias'[39m))[33m.[39m[34mtoBeInTheDoc[39mÔÇª

[31m[2mÔÄ»ÔÄ»ÔÄ»ÔÄ»ÔÄ»ÔÄ»ÔÄ»ÔÄ»ÔÄ»ÔÄ»ÔÄ»ÔÄ»ÔÄ»ÔÄ»ÔÄ»ÔÄ»ÔÄ»ÔÄ»ÔÄ»ÔÄ»ÔÄ»ÔÄ»ÔÄ»Ô
Ä»[3/3]ÔÄ»[22m[39m

